Archive member included to satisfy reference by file (symbol)

/usr/local/lpcxpresso_8.2.2_650/lpcxpresso/tools/bin/../lib/gcc/arm-none-eabi/5.4.1/../../../../arm-none-eabi/lib/libcr_c.a(__weak__main.o)
                              ./src/cr_startup_lpc24.o (__main)
/usr/local/lpcxpresso_8.2.2_650/lpcxpresso/tools/bin/../lib/gcc/arm-none-eabi/5.4.1/../../../../arm-none-eabi/lib/libcr_c.a(memcmp.o)
                              ./src/main.o (memcmp)
/usr/local/lpcxpresso_8.2.2_650/lpcxpresso/tools/bin/../lib/gcc/arm-none-eabi/5.4.1/libcr_eabihelpers.a(rtlib.o)
                              ./src/main.o (__aeabi_uidiv)

Discarded input sections

 .text          0x00000000        0x0 ./src/cr_startup_lpc24.o
 .data          0x00000000        0x0 ./src/cr_startup_lpc24.o
 .bss           0x00000000        0x0 ./src/cr_startup_lpc24.o
 .group         0x00000000        0x8 ./src/crp.o
 .group         0x00000000        0x8 ./src/crp.o
 .text          0x00000000        0x0 ./src/crp.o
 .data          0x00000000        0x0 ./src/crp.o
 .bss           0x00000000        0x0 ./src/crp.o
 .group         0x00000000        0x8 ./src/ethernet.o
 .group         0x00000000        0x8 ./src/ethernet.o
 .group         0x00000000        0x8 ./src/ethernet.o
 .group         0x00000000        0x8 ./src/ethernet.o
 .group         0x00000000        0x8 ./src/ethernet.o
 .group         0x00000000        0x8 ./src/ethernet.o
 .group         0x00000000        0x8 ./src/ethernet.o
 .text          0x00000000        0x0 ./src/ethernet.o
 .data          0x00000000        0x0 ./src/ethernet.o
 .bss           0x00000000        0x0 ./src/ethernet.o
 .debug_macro   0x00000000      0x826 ./src/ethernet.o
 .group         0x00000000        0x8 ./src/ethernet_rx.o
 .group         0x00000000        0x8 ./src/ethernet_rx.o
 .group         0x00000000        0x8 ./src/ethernet_rx.o
 .group         0x00000000        0x8 ./src/ethernet_rx.o
 .group         0x00000000        0x8 ./src/ethernet_rx.o
 .group         0x00000000        0x8 ./src/ethernet_rx.o
 .group         0x00000000        0x8 ./src/ethernet_rx.o
 .text          0x00000000        0x0 ./src/ethernet_rx.o
 .data          0x00000000        0x0 ./src/ethernet_rx.o
 .bss           0x00000000        0x0 ./src/ethernet_rx.o
 .debug_macro   0x00000000      0x826 ./src/ethernet_rx.o
 .debug_macro   0x00000000     0x19c4 ./src/ethernet_rx.o
 .debug_macro   0x00000000       0x10 ./src/ethernet_rx.o
 .debug_macro   0x00000000      0x12d ./src/ethernet_rx.o
 .debug_macro   0x00000000      0x5b2 ./src/ethernet_rx.o
 .debug_macro   0x00000000       0x22 ./src/ethernet_rx.o
 .debug_macro   0x00000000       0xfc ./src/ethernet_rx.o
 .group         0x00000000        0x8 ./src/glcd.o
 .group         0x00000000        0x8 ./src/glcd.o
 .group         0x00000000        0x8 ./src/glcd.o
 .group         0x00000000        0x8 ./src/glcd.o
 .group         0x00000000        0x8 ./src/glcd.o
 .group         0x00000000        0x8 ./src/glcd.o
 .group         0x00000000        0x8 ./src/glcd.o
 .group         0x00000000        0x8 ./src/glcd.o
 .text          0x00000000        0x0 ./src/glcd.o
 .data          0x00000000        0x0 ./src/glcd.o
 .bss           0x00000000        0x0 ./src/glcd.o
 .text.GLCD_PutString
                0x00000000       0x8c ./src/glcd.o
 .debug_macro   0x00000000      0x826 ./src/glcd.o
 .debug_macro   0x00000000     0x19c4 ./src/glcd.o
 .debug_macro   0x00000000       0x10 ./src/glcd.o
 .debug_macro   0x00000000      0x12d ./src/glcd.o
 .debug_macro   0x00000000      0x5b2 ./src/glcd.o
 .group         0x00000000        0x8 ./src/main.o
 .group         0x00000000        0x8 ./src/main.o
 .group         0x00000000        0x8 ./src/main.o
 .group         0x00000000        0x8 ./src/main.o
 .group         0x00000000        0x8 ./src/main.o
 .group         0x00000000        0x8 ./src/main.o
 .group         0x00000000        0x8 ./src/main.o
 .group         0x00000000        0x8 ./src/main.o
 .group         0x00000000        0x8 ./src/main.o
 .text          0x00000000        0x0 ./src/main.o
 .data          0x00000000        0x0 ./src/main.o
 .bss           0x00000000        0x0 ./src/main.o
 .rodata.font5x7
                0x00000000      0x240 ./src/main.o
 .text.Delay1Sec
                0x00000000       0x4c ./src/main.o
 .debug_macro   0x00000000      0x826 ./src/main.o
 .debug_macro   0x00000000       0x10 ./src/main.o
 .debug_macro   0x00000000      0x12d ./src/main.o
 .debug_macro   0x00000000      0x5b2 ./src/main.o
 .debug_macro   0x00000000       0x22 ./src/main.o
 .debug_macro   0x00000000     0x19c4 ./src/main.o
 .debug_macro   0x00000000      0x387 ./src/main.o
 .debug_macro   0x00000000       0x1c ./src/main.o
 .group         0x00000000        0x8 ./src/sys_calls.o
 .group         0x00000000        0x8 ./src/sys_calls.o
 .group         0x00000000        0x8 ./src/sys_calls.o
 .group         0x00000000        0x8 ./src/sys_calls.o
 .text          0x00000000        0x0 ./src/sys_calls.o
 .data          0x00000000        0x0 ./src/sys_calls.o
 .bss           0x00000000        0x0 ./src/sys_calls.o
 .text.__sys_istty
                0x00000000       0x24 ./src/sys_calls.o
 .text.__sys_flen
                0x00000000       0x24 ./src/sys_calls.o
 .text.__sys_seek
                0x00000000       0x28 ./src/sys_calls.o
 .text.__sys_write
                0x00000000       0x2c ./src/sys_calls.o
 .text.__sys_appexit
                0x00000000        0xc ./src/sys_calls.o
 .debug_info    0x00000000      0x157 ./src/sys_calls.o
 .debug_abbrev  0x00000000       0x88 ./src/sys_calls.o
 .debug_aranges
                0x00000000       0x40 ./src/sys_calls.o
 .debug_ranges  0x00000000       0x30 ./src/sys_calls.o
 .debug_macro   0x00000000       0x3c ./src/sys_calls.o
 .debug_macro   0x00000000      0x826 ./src/sys_calls.o
 .debug_macro   0x00000000       0x10 ./src/sys_calls.o
 .debug_macro   0x00000000      0x12d ./src/sys_calls.o
 .debug_macro   0x00000000      0x5b2 ./src/sys_calls.o
 .debug_line    0x00000000      0x14d ./src/sys_calls.o
 .debug_str     0x00000000     0x3b1b ./src/sys_calls.o
 .comment       0x00000000       0x6f ./src/sys_calls.o
 .debug_frame   0x00000000       0xa8 ./src/sys_calls.o
 .ARM.attributes
                0x00000000       0x30 ./src/sys_calls.o
 .group         0x00000000        0x8 ./src/system_init.o
 .group         0x00000000        0x8 ./src/system_init.o
 .group         0x00000000        0x8 ./src/system_init.o
 .group         0x00000000        0x8 ./src/system_init.o
 .group         0x00000000        0x8 ./src/system_init.o
 .group         0x00000000        0x8 ./src/system_init.o
 .text          0x00000000        0x0 ./src/system_init.o
 .data          0x00000000        0x0 ./src/system_init.o
 .bss           0x00000000        0x0 ./src/system_init.o
 .debug_macro   0x00000000      0x826 ./src/system_init.o
 .debug_macro   0x00000000      0x387 ./src/system_init.o
 .debug_macro   0x00000000     0x19c4 ./src/system_init.o
 .debug_macro   0x00000000       0x10 ./src/system_init.o
 .debug_macro   0x00000000      0x12d ./src/system_init.o
 .debug_macro   0x00000000      0x5b2 ./src/system_init.o
 .text          0x00000000        0x0 /usr/local/lpcxpresso_8.2.2_650/lpcxpresso/tools/bin/../lib/gcc/arm-none-eabi/5.4.1/../../../../arm-none-eabi/lib/libcr_c.a(__weak__main.o)
 .data          0x00000000        0x0 /usr/local/lpcxpresso_8.2.2_650/lpcxpresso/tools/bin/../lib/gcc/arm-none-eabi/5.4.1/../../../../arm-none-eabi/lib/libcr_c.a(__weak__main.o)
 .bss           0x00000000        0x0 /usr/local/lpcxpresso_8.2.2_650/lpcxpresso/tools/bin/../lib/gcc/arm-none-eabi/5.4.1/../../../../arm-none-eabi/lib/libcr_c.a(__weak__main.o)
 .text          0x00000000        0x0 /usr/local/lpcxpresso_8.2.2_650/lpcxpresso/tools/bin/../lib/gcc/arm-none-eabi/5.4.1/../../../../arm-none-eabi/lib/libcr_c.a(memcmp.o)
 .data          0x00000000        0x0 /usr/local/lpcxpresso_8.2.2_650/lpcxpresso/tools/bin/../lib/gcc/arm-none-eabi/5.4.1/../../../../arm-none-eabi/lib/libcr_c.a(memcmp.o)
 .bss           0x00000000        0x0 /usr/local/lpcxpresso_8.2.2_650/lpcxpresso/tools/bin/../lib/gcc/arm-none-eabi/5.4.1/../../../../arm-none-eabi/lib/libcr_c.a(memcmp.o)
 .text          0x00000000        0x0 /usr/local/lpcxpresso_8.2.2_650/lpcxpresso/tools/bin/../lib/gcc/arm-none-eabi/5.4.1/libcr_eabihelpers.a(rtlib.o)
 .data          0x00000000        0x0 /usr/local/lpcxpresso_8.2.2_650/lpcxpresso/tools/bin/../lib/gcc/arm-none-eabi/5.4.1/libcr_eabihelpers.a(rtlib.o)
 .bss           0x00000000        0x0 /usr/local/lpcxpresso_8.2.2_650/lpcxpresso/tools/bin/../lib/gcc/arm-none-eabi/5.4.1/libcr_eabihelpers.a(rtlib.o)
 .text.__aeabi_lmul
                0x00000000       0x20 /usr/local/lpcxpresso_8.2.2_650/lpcxpresso/tools/bin/../lib/gcc/arm-none-eabi/5.4.1/libcr_eabihelpers.a(rtlib.o)
 .text.__aeabi_llsl
                0x00000000       0x28 /usr/local/lpcxpresso_8.2.2_650/lpcxpresso/tools/bin/../lib/gcc/arm-none-eabi/5.4.1/libcr_eabihelpers.a(rtlib.o)
 .text.__aeabi_llsr
                0x00000000       0x24 /usr/local/lpcxpresso_8.2.2_650/lpcxpresso/tools/bin/../lib/gcc/arm-none-eabi/5.4.1/libcr_eabihelpers.a(rtlib.o)
 .text.__aeabi_lasr
                0x00000000       0x24 /usr/local/lpcxpresso_8.2.2_650/lpcxpresso/tools/bin/../lib/gcc/arm-none-eabi/5.4.1/libcr_eabihelpers.a(rtlib.o)
 .text.__aeabi_lcmp
                0x00000000       0x30 /usr/local/lpcxpresso_8.2.2_650/lpcxpresso/tools/bin/../lib/gcc/arm-none-eabi/5.4.1/libcr_eabihelpers.a(rtlib.o)
 .text.__aeabi_ulcmp
                0x00000000       0x30 /usr/local/lpcxpresso_8.2.2_650/lpcxpresso/tools/bin/../lib/gcc/arm-none-eabi/5.4.1/libcr_eabihelpers.a(rtlib.o)
 .text.__aeabi_uread4
                0x00000000       0x20 /usr/local/lpcxpresso_8.2.2_650/lpcxpresso/tools/bin/../lib/gcc/arm-none-eabi/5.4.1/libcr_eabihelpers.a(rtlib.o)
 .text.__aeabi_uread8
                0x00000000       0x24 /usr/local/lpcxpresso_8.2.2_650/lpcxpresso/tools/bin/../lib/gcc/arm-none-eabi/5.4.1/libcr_eabihelpers.a(rtlib.o)
 .text.__aeabi_uwrite4
                0x00000000       0x20 /usr/local/lpcxpresso_8.2.2_650/lpcxpresso/tools/bin/../lib/gcc/arm-none-eabi/5.4.1/libcr_eabihelpers.a(rtlib.o)
 .text.__aeabi_uwrite8
                0x00000000       0x34 /usr/local/lpcxpresso_8.2.2_650/lpcxpresso/tools/bin/../lib/gcc/arm-none-eabi/5.4.1/libcr_eabihelpers.a(rtlib.o)
 .text.__aeabi_memcpy
                0x00000000       0x54 /usr/local/lpcxpresso_8.2.2_650/lpcxpresso/tools/bin/../lib/gcc/arm-none-eabi/5.4.1/libcr_eabihelpers.a(rtlib.o)
 .text.__aeabi_memcpy4
                0x00000000       0x48 /usr/local/lpcxpresso_8.2.2_650/lpcxpresso/tools/bin/../lib/gcc/arm-none-eabi/5.4.1/libcr_eabihelpers.a(rtlib.o)
 .text.__aeabi_memmove
                0x00000000       0x48 /usr/local/lpcxpresso_8.2.2_650/lpcxpresso/tools/bin/../lib/gcc/arm-none-eabi/5.4.1/libcr_eabihelpers.a(rtlib.o)
 .text.__aeabi_memmove4
                0x00000000       0x48 /usr/local/lpcxpresso_8.2.2_650/lpcxpresso/tools/bin/../lib/gcc/arm-none-eabi/5.4.1/libcr_eabihelpers.a(rtlib.o)
 .text.__aeabi_memset
                0x00000000       0x40 /usr/local/lpcxpresso_8.2.2_650/lpcxpresso/tools/bin/../lib/gcc/arm-none-eabi/5.4.1/libcr_eabihelpers.a(rtlib.o)
 .text.__aeabi_memset4
                0x00000000       0x38 /usr/local/lpcxpresso_8.2.2_650/lpcxpresso/tools/bin/../lib/gcc/arm-none-eabi/5.4.1/libcr_eabihelpers.a(rtlib.o)
 .text.__aeabi_memclr
                0x00000000       0x38 /usr/local/lpcxpresso_8.2.2_650/lpcxpresso/tools/bin/../lib/gcc/arm-none-eabi/5.4.1/libcr_eabihelpers.a(rtlib.o)
 .text.__aeabi_memclr4
                0x00000000       0x34 /usr/local/lpcxpresso_8.2.2_650/lpcxpresso/tools/bin/../lib/gcc/arm-none-eabi/5.4.1/libcr_eabihelpers.a(rtlib.o)
 .text.__bhs_idivmod
                0x00000000       0x50 /usr/local/lpcxpresso_8.2.2_650/lpcxpresso/tools/bin/../lib/gcc/arm-none-eabi/5.4.1/libcr_eabihelpers.a(rtlib.o)
 .text.__aeabi_idiv
                0x00000000       0x3c /usr/local/lpcxpresso_8.2.2_650/lpcxpresso/tools/bin/../lib/gcc/arm-none-eabi/5.4.1/libcr_eabihelpers.a(rtlib.o)
 .text.__aeabi_ldiv0
                0x00000000        0x4 /usr/local/lpcxpresso_8.2.2_650/lpcxpresso/tools/bin/../lib/gcc/arm-none-eabi/5.4.1/libcr_eabihelpers.a(rtlib.o)
 .text.__bhs_uldivmod
                0x00000000      0x174 /usr/local/lpcxpresso_8.2.2_650/lpcxpresso/tools/bin/../lib/gcc/arm-none-eabi/5.4.1/libcr_eabihelpers.a(rtlib.o)
 .text.__bhs_ldivmod
                0x00000000       0x9c /usr/local/lpcxpresso_8.2.2_650/lpcxpresso/tools/bin/../lib/gcc/arm-none-eabi/5.4.1/libcr_eabihelpers.a(rtlib.o)

Memory Configuration

Name             Origin             Length             Attributes
MFlash512        0x00000000         0x00080000         xr
Ram64            0x40000000         0x00010000         xrw
RAM_ETH_16       0x7fe00000         0x00004000         xrw
RAM_USB_16       0x7fd00000         0x00004000         xrw
RAM_RTC_2        0xe0084000         0x00000800         xrw
*default*        0x00000000         0xffffffff

Linker script and memory map

LOAD ./src/cr_startup_lpc24.o
LOAD ./src/crp.o
LOAD ./src/ethernet.o
LOAD ./src/ethernet_rx.o
LOAD ./src/glcd.o
LOAD ./src/main.o
LOAD ./src/sys_calls.o
LOAD ./src/system_init.o
START GROUP
LOAD /usr/local/lpcxpresso_8.2.2_650/lpcxpresso/tools/bin/../lib/gcc/arm-none-eabi/5.4.1/../../../../arm-none-eabi/lib/libcr_c.a
LOAD /usr/local/lpcxpresso_8.2.2_650/lpcxpresso/tools/bin/../lib/gcc/arm-none-eabi/5.4.1/libcr_eabihelpers.a
END GROUP
                0x00000000                __base_MFlash512 = 0x0
                0x00000000                __base_Flash = 0x0
                0x00080000                __top_MFlash512 = 0x80000
                0x00080000                __top_Flash = 0x80000
                0x40000000                __base_Ram64 = 0x40000000
                0x40000000                __base_RAM = 0x40000000
                0x40010000                __top_Ram64 = 0x40010000
                0x40010000                __top_RAM = 0x40010000
                0x7fe00000                __base_RAM_ETH_16 = 0x7fe00000
                0x7fe00000                __base_RAM2 = 0x7fe00000
                0x7fe04000                __top_RAM_ETH_16 = 0x7fe04000
                0x7fe04000                __top_RAM2 = 0x7fe04000
                0x7fd00000                __base_RAM_USB_16 = 0x7fd00000
                0x7fd00000                __base_RAM3 = 0x7fd00000
                0x7fd04000                __top_RAM_USB_16 = 0x7fd04000
                0x7fd04000                __top_RAM3 = 0x7fd04000
                0xe0084000                __base_RAM_RTC_2 = 0xe0084000
                0xe0084000                __base_RAM4 = 0xe0084000
                0xe0084800                __top_RAM_RTC_2 = 0xe0084800
                0xe0084800                __top_RAM4 = 0xe0084800

.text           0x00000000     0x25ec
 FILL mask 0xff
                0x00000000                __vectors_start__ = ABSOLUTE (.)
 *(.isr_vector)
 .isr_vector    0x00000000      0x17c ./src/cr_startup_lpc24.o
                0x00000000                _boot
                0x00000050                _mainCRTStartup
                0x00000050                _start
                0x00000050                start
                0x0000015c                reset
                0x0000015c                _reset
                0x0000017c                . = ALIGN (0x4)
                0x0000017c                __section_table_start = .
                0x0000017c                __data_section_table = .
                0x0000017c        0x4 LONG 0x25ec LOADADDR (.data)
                0x00000180        0x4 LONG 0x40000000 ADDR (.data)
                0x00000184        0x4 LONG 0x0 SIZEOF (.data)
                0x00000188        0x4 LONG 0x25ec LOADADDR (.data_RAM2)
                0x0000018c        0x4 LONG 0x7fe00000 ADDR (.data_RAM2)
                0x00000190        0x4 LONG 0x0 SIZEOF (.data_RAM2)
                0x00000194        0x4 LONG 0x25ec LOADADDR (.data_RAM3)
                0x00000198        0x4 LONG 0x7fd00000 ADDR (.data_RAM3)
                0x0000019c        0x4 LONG 0x0 SIZEOF (.data_RAM3)
                0x000001a0        0x4 LONG 0x25ec LOADADDR (.data_RAM4)
                0x000001a4        0x4 LONG 0xe0084000 ADDR (.data_RAM4)
                0x000001a8        0x4 LONG 0x0 SIZEOF (.data_RAM4)
                0x000001ac                __data_section_table_end = .
                0x000001ac                __bss_section_table = .
                0x000001ac        0x4 LONG 0x40000000 ADDR (.bss)
                0x000001b0        0x4 LONG 0x60c SIZEOF (.bss)
                0x000001b4        0x4 LONG 0x7fe00000 ADDR (.bss_RAM2)
                0x000001b8        0x4 LONG 0x0 SIZEOF (.bss_RAM2)
                0x000001bc        0x4 LONG 0x7fd00000 ADDR (.bss_RAM3)
                0x000001c0        0x4 LONG 0x0 SIZEOF (.bss_RAM3)
                0x000001c4        0x4 LONG 0xe0084000 ADDR (.bss_RAM4)
                0x000001c8        0x4 LONG 0x0 SIZEOF (.bss_RAM4)
                0x000001cc                __bss_section_table_end = .
                0x000001cc                __section_table_end = .
 *(.after_vectors*)
                0x000001fc                . = 0x1fc
 *fill*         0x000001cc       0x30 ff
                0x000001fc                PROVIDE (__CRP_WORD_START__, .)
 *(.crp)
 .crp           0x000001fc        0x4 ./src/crp.o
                0x000001fc                CRP_WORD
                0x00000200                PROVIDE (__CRP_WORD_END__, .)
                0x00000001                ASSERT (! ((__CRP_WORD_START__ == __CRP_WORD_END__)), Linker CRP Enabled, but no CRP_WORD provided within application)
 *(.text*)
 .text.Eth_InitPins
                0x00000200       0x78 ./src/ethernet.o
 .text.Eth_WritePHY
                0x00000278       0x6c ./src/ethernet.o
                0x00000278                Eth_WritePHY
 .text.Eth_ReadPHY
                0x000002e4       0x74 ./src/ethernet.o
                0x000002e4                Eth_ReadPHY
 .text.Eth_Init
                0x00000358      0x21c ./src/ethernet.o
                0x00000358                Eth_Init
 .text.EMAC_RxInit
                0x00000574      0x148 ./src/ethernet_rx.o
                0x00000574                EMAC_RxInit
 .text.EMAC_ReceivePacket
                0x000006bc      0x1c8 ./src/ethernet_rx.o
                0x000006bc                EMAC_ReceivePacket
 .text.cs_none  0x00000884       0x48 ./src/glcd.o
 .text.cs_left  0x000008cc       0x48 ./src/glcd.o
 .text.cs_right
                0x00000914       0x48 ./src/glcd.o
 .text.cs_both  0x0000095c       0x48 ./src/glcd.o
 .text.glcd_set_data
                0x000009a4      0x128 ./src/glcd.o
 .text.glcd_enable_pulse
                0x00000acc       0x58 ./src/glcd.o
 .text.glcd_write
                0x00000b24       0xd8 ./src/glcd.o
 .text.GLCD_Init
                0x00000bfc       0xb0 ./src/glcd.o
                0x00000bfc                GLCD_Init
 .text.GLCD_Clear
                0x00000cac      0x148 ./src/glcd.o
                0x00000cac                GLCD_Clear
 .text.GLCD_SetXY
                0x00000df4      0x11c ./src/glcd.o
                0x00000df4                GLCD_SetXY
 .text.GLCD_PutChar
                0x00000f10      0x1f0 ./src/glcd.o
                0x00000f10                GLCD_PutChar
 .text.GLCD_RowWriteMargin
                0x00001100      0x134 ./src/glcd.o
                0x00001100                GLCD_RowWriteMargin
 .text.UART0_Init
                0x00001234       0xfc ./src/main.o
                0x00001234                UART0_Init
 .text.UART0_SendChar
                0x00001330       0x50 ./src/main.o
                0x00001330                UART0_SendChar
 .text.UART0_SendString
                0x00001380       0x4c ./src/main.o
                0x00001380                UART0_SendString
 .text.main     0x000013cc      0x250 ./src/main.o
                0x000013cc                main
 .text.delay_us
                0x0000161c       0x54 ./src/system_init.o
                0x0000161c                delay_us
 .text.delay_cycles
                0x00001670       0x3c ./src/system_init.o
                0x00001670                delay_cycles
 .text.PLL_Init
                0x000016ac      0x124 ./src/system_init.o
                0x000016ac                PLL_Init
 .text.system_Init
                0x000017d0      0x9f8 ./src/system_init.o
                0x000017d0                system_Init
 .text.__weak_main
                0x000021c8       0x10 /usr/local/lpcxpresso_8.2.2_650/lpcxpresso/tools/bin/../lib/gcc/arm-none-eabi/5.4.1/../../../../arm-none-eabi/lib/libcr_c.a(__weak__main.o)
                0x000021c8                __main
                0x000021c8                __weak_main
 .text.memcmp   0x000021d8       0x74 /usr/local/lpcxpresso_8.2.2_650/lpcxpresso/tools/bin/../lib/gcc/arm-none-eabi/5.4.1/../../../../arm-none-eabi/lib/libcr_c.a(memcmp.o)
                0x000021d8                memcmp
 .text.__aeabi_idiv0
                0x0000224c        0x4 /usr/local/lpcxpresso_8.2.2_650/lpcxpresso/tools/bin/../lib/gcc/arm-none-eabi/5.4.1/libcr_eabihelpers.a(rtlib.o)
                0x0000224c                __aeabi_idiv0
 .text.__bhs_uidivmod
                0x00002250       0x9c /usr/local/lpcxpresso_8.2.2_650/lpcxpresso/tools/bin/../lib/gcc/arm-none-eabi/5.4.1/libcr_eabihelpers.a(rtlib.o)
                0x00002250                __bhs_uidivmod
 .text.__aeabi_uidiv
                0x000022ec       0x24 /usr/local/lpcxpresso_8.2.2_650/lpcxpresso/tools/bin/../lib/gcc/arm-none-eabi/5.4.1/libcr_eabihelpers.a(rtlib.o)
                0x000022ec                __aeabi_uidiv
 *(.rodata .rodata.* .constdata .constdata.*)
 .rodata.font5x7
                0x00002310      0x240 ./src/glcd.o
 .rodata        0x00002550       0x9a ./src/main.o
                0x000025ec                . = ALIGN (0x4)
 *fill*         0x000025ea        0x2 ff

.glue_7         0x000025ec        0x0
 .glue_7        0x000025ec        0x0 linker stubs

.glue_7t        0x000025ec        0x0
 .glue_7t       0x000025ec        0x0 linker stubs

.vfp11_veneer   0x000025ec        0x0
 .vfp11_veneer  0x000025ec        0x0 linker stubs

.v4_bx          0x000025ec        0x0
 .v4_bx         0x000025ec        0x0 linker stubs

.iplt           0x000025ec        0x0
 .iplt          0x000025ec        0x0 ./src/cr_startup_lpc24.o

.rel.dyn        0x000025ec        0x0
 .rel.iplt      0x000025ec        0x0 ./src/cr_startup_lpc24.o

.ARM.extab
 *(.ARM.extab* .gnu.linkonce.armextab.*)
                0x000025ec                __exidx_start = .

.ARM.exidx
 *(.ARM.exidx* .gnu.linkonce.armexidx.*)
                0x000025ec                __exidx_end = .
                0x000025ec                _etext = .

.data_RAM2      0x7fe00000        0x0 load address 0x000025ec
 FILL mask 0xff
                [!provide]                PROVIDE (__start_data_RAM2, .)
 *(.ramfunc.$RAM2)
 *(.ramfunc.$RAM_ETH_16)
 *(.data.$RAM2*)
 *(.data.$RAM_ETH_16*)
                0x7fe00000                . = ALIGN (0x4)
                [!provide]                PROVIDE (__end_data_RAM2, .)

.data_RAM3      0x7fd00000        0x0 load address 0x000025ec
 FILL mask 0xff
                [!provide]                PROVIDE (__start_data_RAM3, .)
 *(.ramfunc.$RAM3)
 *(.ramfunc.$RAM_USB_16)
 *(.data.$RAM3*)
 *(.data.$RAM_USB_16*)
                0x7fd00000                . = ALIGN (0x4)
                [!provide]                PROVIDE (__end_data_RAM3, .)

.data_RAM4      0xe0084000        0x0 load address 0x000025ec
 FILL mask 0xff
                [!provide]                PROVIDE (__start_data_RAM4, .)
 *(.ramfunc.$RAM4)
 *(.ramfunc.$RAM_RTC_2)
 *(.data.$RAM4*)
 *(.data.$RAM_RTC_2*)
                0xe0084000                . = ALIGN (0x4)
                [!provide]                PROVIDE (__end_data_RAM4, .)

.uninit_RESERVED
                0x40000000        0x0
 *(.bss.$RESERVED*)
                0x40000000                . = ALIGN (0x4)
                0x40000000                _end_uninit_RESERVED = .

.data           0x40000000        0x0 load address 0x000025ec
 FILL mask 0xff
                0x40000000                _data = .
 *(vtable)
 *(.ramfunc*)
 *(.data*)
                0x40000000                . = ALIGN (0x4)
                0x40000000                _edata = .

.igot.plt       0x40000000        0x0 load address 0x000025ec
 .igot.plt      0x40000000        0x0 ./src/cr_startup_lpc24.o

.bss_RAM2       0x7fe00000        0x0
                [!provide]                PROVIDE (__start_bss_RAM2, .)
 *(.bss.$RAM2*)
 *(.bss.$RAM_ETH_16*)
                0x7fe00000                . = ALIGN ((. != 0x0)?0x4:0x1)
                [!provide]                PROVIDE (__end_bss_RAM2, .)

.bss_RAM3       0x7fd00000        0x0
                [!provide]                PROVIDE (__start_bss_RAM3, .)
 *(.bss.$RAM3*)
 *(.bss.$RAM_USB_16*)
                0x7fd00000                . = ALIGN ((. != 0x0)?0x4:0x1)
                [!provide]                PROVIDE (__end_bss_RAM3, .)

.bss_RAM4       0xe0084000        0x0
                [!provide]                PROVIDE (__start_bss_RAM4, .)
 *(.bss.$RAM4*)
 *(.bss.$RAM_RTC_2*)
                0xe0084000                . = ALIGN ((. != 0x0)?0x4:0x1)
                [!provide]                PROVIDE (__end_bss_RAM4, .)

.bss            0x40000000      0x60c
                0x40000000                _bss = .
 *(.bss*)
 .bss.RX_DESC_PACKET_PTRS
                0x40000000        0x4 ./src/ethernet_rx.o
 .bss.RX_DESC_CTRL_PTRS
                0x40000004        0x4 ./src/ethernet_rx.o
 .bss.RX_STAT_INFO_PTRS
                0x40000008        0x4 ./src/ethernet_rx.o
 .bss.rx_buffer.4195
                0x4000000c      0x600 ./src/main.o
 *(COMMON)
                0x4000060c                . = ALIGN (0x4)
                0x4000060c                _ebss = .
                [!provide]                PROVIDE (end, .)

.noinit_RAM2    0x7fe00000        0x0
 *(.noinit.$RAM2*)
 *(.noinit.$RAM_ETH_16*)
                0x7fe00000                . = ALIGN (0x4)

.noinit_RAM3    0x7fd00000        0x0
 *(.noinit.$RAM3*)
 *(.noinit.$RAM_USB_16*)
                0x7fd00000                . = ALIGN (0x4)

.noinit_RAM4    0xe0084000        0x0
 *(.noinit.$RAM4*)
 *(.noinit.$RAM_RTC_2*)
                0xe0084000                . = ALIGN (0x4)

.noinit         0x4000060c        0x0
                0x4000060c                _noinit = .
 *(.noinit*)
                0x4000060c                . = ALIGN (0x4)
                0x4000060c                _end_noinit = .
                [!provide]                PROVIDE (_pvHeapStart, DEFINED (__user_heap_base)?__user_heap_base:.)
                0x40010000                PROVIDE (_vStackTop, DEFINED (__user_stack_top)?__user_stack_top:(__top_Ram64 - 0x0))
OUTPUT(Ethernet_Rx.axf elf32-littlearm)

.ARM.attributes
                0x00000000       0x2c
 .ARM.attributes
                0x00000000       0x20 ./src/cr_startup_lpc24.o
 .ARM.attributes
                0x00000020       0x30 ./src/crp.o
 .ARM.attributes
                0x00000050       0x30 ./src/ethernet.o
 .ARM.attributes
                0x00000080       0x30 ./src/ethernet_rx.o
 .ARM.attributes
                0x000000b0       0x30 ./src/glcd.o
 .ARM.attributes
                0x000000e0       0x30 ./src/main.o
 .ARM.attributes
                0x00000110       0x30 ./src/system_init.o
 .ARM.attributes
                0x00000140       0x30 /usr/local/lpcxpresso_8.2.2_650/lpcxpresso/tools/bin/../lib/gcc/arm-none-eabi/5.4.1/../../../../arm-none-eabi/lib/libcr_c.a(__weak__main.o)
 .ARM.attributes
                0x00000170       0x30 /usr/local/lpcxpresso_8.2.2_650/lpcxpresso/tools/bin/../lib/gcc/arm-none-eabi/5.4.1/../../../../arm-none-eabi/lib/libcr_c.a(memcmp.o)
 .ARM.attributes
                0x000001a0       0x30 /usr/local/lpcxpresso_8.2.2_650/lpcxpresso/tools/bin/../lib/gcc/arm-none-eabi/5.4.1/libcr_eabihelpers.a(rtlib.o)

.comment        0x00000000       0xdc
 .comment       0x00000000       0x6e ./src/crp.o
                                 0x6f (size before relaxing)
 .comment       0x0000006e       0x6f ./src/ethernet.o
 .comment       0x0000006e       0x6f ./src/ethernet_rx.o
 .comment       0x0000006e       0x6f ./src/glcd.o
 .comment       0x0000006e       0x6f ./src/main.o
 .comment       0x0000006e       0x6f ./src/system_init.o
 .comment       0x0000006e       0x6e /usr/local/lpcxpresso_8.2.2_650/lpcxpresso/tools/bin/../lib/gcc/arm-none-eabi/5.4.1/../../../../arm-none-eabi/lib/libcr_c.a(__weak__main.o)
                                 0x6f (size before relaxing)
 .comment       0x000000dc       0x6f /usr/local/lpcxpresso_8.2.2_650/lpcxpresso/tools/bin/../lib/gcc/arm-none-eabi/5.4.1/../../../../arm-none-eabi/lib/libcr_c.a(memcmp.o)
 .comment       0x000000dc       0x6f /usr/local/lpcxpresso_8.2.2_650/lpcxpresso/tools/bin/../lib/gcc/arm-none-eabi/5.4.1/libcr_eabihelpers.a(rtlib.o)

.debug_line     0x00000000      0xc3c
 .debug_line    0x00000000       0xb2 ./src/cr_startup_lpc24.o
 .debug_line    0x000000b2       0x7c ./src/crp.o
 .debug_line    0x0000012e      0x1e1 ./src/ethernet.o
 .debug_line    0x0000030f      0x1c3 ./src/ethernet_rx.o
 .debug_line    0x000004d2      0x322 ./src/glcd.o
 .debug_line    0x000007f4      0x241 ./src/main.o
 .debug_line    0x00000a35      0x207 ./src/system_init.o

.debug_info     0x00000000     0x10cd
 .debug_info    0x00000000       0x7b ./src/cr_startup_lpc24.o
 .debug_info    0x0000007b       0x3f ./src/crp.o
 .debug_info    0x000000ba      0x466 ./src/ethernet.o
 .debug_info    0x00000520      0x4ca ./src/ethernet_rx.o
 .debug_info    0x000009ea      0x39d ./src/glcd.o
 .debug_info    0x00000d87      0x251 ./src/main.o
 .debug_info    0x00000fd8       0xf5 ./src/system_init.o

.debug_abbrev   0x00000000      0x579
 .debug_abbrev  0x00000000       0x14 ./src/cr_startup_lpc24.o
 .debug_abbrev  0x00000014       0x36 ./src/crp.o
 .debug_abbrev  0x0000004a      0x12b ./src/ethernet.o
 .debug_abbrev  0x00000175      0x111 ./src/ethernet_rx.o
 .debug_abbrev  0x00000286      0x13a ./src/glcd.o
 .debug_abbrev  0x000003c0      0x101 ./src/main.o
 .debug_abbrev  0x000004c1       0xb8 ./src/system_init.o

.debug_aranges  0x00000000      0x190
 .debug_aranges
                0x00000000       0x20 ./src/cr_startup_lpc24.o
 .debug_aranges
                0x00000020       0x18 ./src/crp.o
 .debug_aranges
                0x00000038       0x38 ./src/ethernet.o
 .debug_aranges
                0x00000070       0x28 ./src/ethernet_rx.o
 .debug_aranges
                0x00000098       0x80 ./src/glcd.o
 .debug_aranges
                0x00000118       0x40 ./src/main.o
 .debug_aranges
                0x00000158       0x38 ./src/system_init.o

.debug_macro    0x00000000     0x31d9
 .debug_macro   0x00000000       0x1a ./src/crp.o
 .debug_macro   0x0000001a      0x826 ./src/crp.o
 .debug_macro   0x00000840       0x34 ./src/crp.o
 .debug_macro   0x00000874       0x7d ./src/ethernet.o
 .debug_macro   0x000008f1     0x19c4 ./src/ethernet.o
 .debug_macro   0x000022b5       0x10 ./src/ethernet.o
 .debug_macro   0x000022c5      0x12d ./src/ethernet.o
 .debug_macro   0x000023f2      0x5b2 ./src/ethernet.o
 .debug_macro   0x000029a4       0x22 ./src/ethernet.o
 .debug_macro   0x000029c6       0xfc ./src/ethernet.o
 .debug_macro   0x00002ac2       0x7f ./src/ethernet_rx.o
 .debug_macro   0x00002b41       0xa4 ./src/glcd.o
 .debug_macro   0x00002be5      0x387 ./src/glcd.o
 .debug_macro   0x00002f6c       0xa0 ./src/glcd.o
 .debug_macro   0x0000300c       0x1c ./src/glcd.o
 .debug_macro   0x00003028       0xc3 ./src/main.o
 .debug_macro   0x000030eb       0x9a ./src/main.o
 .debug_macro   0x00003185       0x54 ./src/system_init.o

.debug_str      0x00000000    0x1418c
 .debug_str     0x00000000     0x242b ./src/crp.o
                               0x2438 (size before relaxing)
 .debug_str     0x0000242b    0x10366 ./src/ethernet.o
                              0x1272e (size before relaxing)
 .debug_str     0x00012791      0x175 ./src/ethernet_rx.o
                              0x127b3 (size before relaxing)
 .debug_str     0x00012906     0x1744 ./src/glcd.o
                              0x13780 (size before relaxing)
 .debug_str     0x0001404a       0xf5 ./src/main.o
                              0x13763 (size before relaxing)
 .debug_str     0x0001413f       0x4d ./src/system_init.o
                              0x1338c (size before relaxing)

.debug_ranges   0x00000000      0x108
 .debug_ranges  0x00000000       0x28 ./src/ethernet.o
 .debug_ranges  0x00000028       0x18 ./src/ethernet_rx.o
 .debug_ranges  0x00000040       0x70 ./src/glcd.o
 .debug_ranges  0x000000b0       0x30 ./src/main.o
 .debug_ranges  0x000000e0       0x28 ./src/system_init.o

.debug_frame    0x00000000      0x424
 .debug_frame   0x00000000       0x98 ./src/ethernet.o
 .debug_frame   0x00000098       0x50 ./src/ethernet_rx.o
 .debug_frame   0x000000e8      0x1e8 ./src/glcd.o
 .debug_frame   0x000002d0       0xb8 ./src/main.o
 .debug_frame   0x00000388       0x9c ./src/system_init.o
