04:51:25 **** Build of configuration Debug for project Ethernet_Rx ****
make -r all 
Building file: ../src/main.c
Invoking: MCU C Compiler
arm-none-eabi-gcc -DDEBUG -D__CODE_RED -D__REDLIB__ -O0 -fno-common -g3 -Wall -c -fmessage-length=0 -fno-builtin -ffunction-sections -fdata-sections -mcpu=arm7tdmi -specs=redlib.specs -MMD -MP -MF"src/main.d" -MT"src/main.o" -MT"src/main.d" -o "src/main.o" "../src/main.c"
../src/main.c: In function 'main':
../src/main.c:100:19: warning: unused variable 'filter_pattern' [-Wunused-variable]
     const uint8_t filter_pattern[] = "HELLO";
                   ^
Finished building: ../src/main.c
 
Building target: Ethernet_Rx.axf
Invoking: MCU Linker
arm-none-eabi-gcc -nostdlib -Xlinker -Map="Ethernet_Rx.map" -Xlinker --gc-sections -Xlinker -print-memory-usage -mcpu=arm7tdmi -T "Ethernet_Rx_Debug.ld" -o "Ethernet_Rx.axf" ./src/cr_startup_lpc24.o ./src/crp.o ./src/ethernet.o ./src/ethernet_rx.o ./src/glcd.o ./src/main.o ./src/sys_calls.o ./src/system_init.o   
Memory region         Used Size  Region Size  %age Used
       MFlash512:       11016 B       512 KB      2.10%
           Ram64:        1548 B        64 KB      2.36%
      RAM_ETH_16:          0 GB        16 KB      0.00%
      RAM_USB_16:          0 GB        16 KB      0.00%
       RAM_RTC_2:          0 GB         2 KB      0.00%
Finished building target: Ethernet_Rx.axf
 
make --no-print-directory post-build
Performing post-build steps
arm-none-eabi-objcopy -O ihex "Ethernet_Rx.axf" "Ethernet_Rx.hex"
 
