12:19:33 **** Build of configuration Debug for project PL_ARM7_CAN_TX ****
make -r all 
Building file: ../src/CAN_TX.c
Invoking: MCU C Compiler
arm-none-eabi-gcc -DDEBUG -D__CODE_RED -D__REDLIB__ -O0 -fno-common -g3 -Wall -c -fmessage-length=0 -fno-builtin -ffunction-sections -fdata-sections -mcpu=arm7tdmi -specs=redlib.specs -MMD -MP -MF"src/CAN_TX.d" -MT"src/CAN_TX.o" -MT"src/CAN_TX.d" -o "src/CAN_TX.o" "../src/CAN_TX.c"
../src/CAN_TX.c: In function 'CAN_CONTROLLER_NORMAL_INIT':
../src/CAN_TX.c:54:20: warning: comparison between pointer and integer
     CAN1MOD &= ~(1 <SW6_Pressed< 4);
                    ^
../src/CAN_TX.c:54:32: warning: comparison of constant '4' with boolean expression is always true [-Wbool-compare]
     CAN1MOD &= ~(1 <SW6_Pressed< 4);
                                ^
../src/CAN_TX.c:54:20: warning: comparisons like 'X<=Y<=Z' do not have their mathematical meaning [-Wparentheses]
     CAN1MOD &= ~(1 <SW6_Pressed< 4);
                    ^
../src/CAN_TX.c: In function 'CAN1_TX1_frame':
../src/CAN_TX.c:63:19: error: invalid operands to binary << (have 'int' and 'uint32_t (*)(void) {aka unsigned int (*)(void)}')
     CAN1TFI1 = (8 <<SW6_Pressed 16) | 1;            // DLC=8, priority=1
                   ^
../src/CAN_TX.c:63:33: error: expected ')' before numeric constant
     CAN1TFI1 = (8 <<SW6_Pressed 16) | 1;            // DLC=8, priority=1
                                 ^
make: *** [src/subdir.mk:39: src/CAN_TX.o] Error 1

12:19:33 Build Finished (took 60ms)

