10:39:50 **** Incremental Build of configuration Debug for project PL_ARM7_DC_MOTOR ****
make -r all 
Building file: ../src/main.c
Invoking: MCU C Compiler
arm-none-eabi-gcc -DDEBUG -D__CODE_RED -D__REDLIB__ -O0 -fno-common -g3 -Wall -c -fmessage-length=0 -fno-builtin -ffunction-sections -fdata-sections -mcpu=arm7tdmi -specs=redlib.specs -MMD -MP -MF"src/main.d" -MT"src/main.o" -MT"src/main.d" -o "src/main.o" "../src/main.c"
Finished building: ../src/main.c
 
Building target: PL_ARM7_DC_MOTOR.axf
Invoking: MCU Linker
arm-none-eabi-gcc -nostdlib -Xlinker -Map="PL_ARM7_DC_MOTOR.map" -Xlinker --gc-sections -Xlinker -print-memory-usage -mcpu=arm7tdmi -T "PL_ARM7_DC_MOTOR_Debug.ld" -o "PL_ARM7_DC_MOTOR.axf"  ./src/cr_startup_lpc24.o ./src/crp.o ./src/glcd.o ./src/main.o ./src/system_init.o   
Memory region         Used Size  Region Size  %age Used
       MFlash512:        8468 B       512 KB      1.62%
           Ram64:          0 GB        64 KB      0.00%
      RAM_ETH_16:          0 GB        16 KB      0.00%
      RAM_USB_16:          0 GB        16 KB      0.00%
       RAM_RTC_2:          0 GB         2 KB      0.00%
Finished building target: PL_ARM7_DC_MOTOR.axf
 
make --no-print-directory post-build
Performing post-build steps
arm-none-eabi-objcopy -v -O ihex "PL_ARM7_DC_MOTOR.axf" "PL_ARM7_DC_MOTOR.hex" ; # checksum -p LPC2478 -d "PL_ARM7_DC_MOTOR.bin"
copy from `PL_ARM7_DC_MOTOR.axf' [elf32-littlearm] to `PL_ARM7_DC_MOTOR.hex' [ihex]
 

10:39:50 Build Finished (took 740ms)

