06:59:12 **** Incremental Build of configuration Debug for project PL_ARM7_TEMP_SENSOR ****
make -r all 
Building file: ../src/cr_startup_lpc24.s
Invoking: MCU Assembler
arm-none-eabi-gcc -c -x assembler-with-cpp -DDEBUG -D__CODE_RED -D__REDLIB__ -g3 -mcpu=arm7tdmi -specs=redlib.specs -o "src/cr_startup_lpc24.o" "../src/cr_startup_lpc24.s"
Finished building: ../src/cr_startup_lpc24.s
 
Building file: ../src/crp.c
Invoking: MCU C Compiler
arm-none-eabi-gcc -DDEBUG -D__CODE_RED -D__REDLIB__ -O0 -fno-common -g3 -Wall -c -fmessage-length=0 -fno-builtin -ffunction-sections -fdata-sections -mcpu=arm7tdmi -specs=redlib.specs -MMD -MP -MF"src/crp.d" -MT"src/crp.o" -MT"src/crp.d" -o "src/crp.o" "../src/crp.c"
Finished building: ../src/crp.c
 
Building file: ../src/glcd.c
Invoking: MCU C Compiler
arm-none-eabi-gcc -DDEBUG -D__CODE_RED -D__REDLIB__ -O0 -fno-common -g3 -Wall -c -fmessage-length=0 -fno-builtin -ffunction-sections -fdata-sections -mcpu=arm7tdmi -specs=redlib.specs -MMD -MP -MF"src/glcd.d" -MT"src/glcd.o" -MT"src/glcd.d" -o "src/glcd.o" "../src/glcd.c"
Finished building: ../src/glcd.c
 
Building file: ../src/internaladc.c
Invoking: MCU C Compiler
arm-none-eabi-gcc -DDEBUG -D__CODE_RED -D__REDLIB__ -O0 -fno-common -g3 -Wall -c -fmessage-length=0 -fno-builtin -ffunction-sections -fdata-sections -mcpu=arm7tdmi -specs=redlib.specs -MMD -MP -MF"src/internaladc.d" -MT"src/internaladc.o" -MT"src/internaladc.d" -o "src/internaladc.o" "../src/internaladc.c"
Finished building: ../src/internaladc.c
 
Building file: ../src/main.c
Invoking: MCU C Compiler
arm-none-eabi-gcc -DDEBUG -D__CODE_RED -D__REDLIB__ -O0 -fno-common -g3 -Wall -c -fmessage-length=0 -fno-builtin -ffunction-sections -fdata-sections -mcpu=arm7tdmi -specs=redlib.specs -MMD -MP -MF"src/main.d" -MT"src/main.o" -MT"src/main.d" -o "src/main.o" "../src/main.c"
Finished building: ../src/main.c
 
Building file: ../src/system_init.c
Invoking: MCU C Compiler
arm-none-eabi-gcc -DDEBUG -D__CODE_RED -D__REDLIB__ -O0 -fno-common -g3 -Wall -c -fmessage-length=0 -fno-builtin -ffunction-sections -fdata-sections -mcpu=arm7tdmi -specs=redlib.specs -MMD -MP -MF"src/system_init.d" -MT"src/system_init.o" -MT"src/system_init.d" -o "src/system_init.o" "../src/system_init.c"
Finished building: ../src/system_init.c
 
Building file: ../src/temp.c
Invoking: MCU C Compiler
arm-none-eabi-gcc -DDEBUG -D__CODE_RED -D__REDLIB__ -O0 -fno-common -g3 -Wall -c -fmessage-length=0 -fno-builtin -ffunction-sections -fdata-sections -mcpu=arm7tdmi -specs=redlib.specs -MMD -MP -MF"src/temp.d" -MT"src/temp.o" -MT"src/temp.d" -o "src/temp.o" "../src/temp.c"
Finished building: ../src/temp.c
 
Building target: PL_ARM7_TEMP_SENSOR.axf
Invoking: MCU Linker
arm-none-eabi-gcc -nostdlib -Xlinker -Map="PL_ARM7_TEMP_SENSOR.map" -Xlinker --gc-sections -Xlinker -print-memory-usage -mcpu=arm7tdmi -T "PL_ARM7_TEMP_SENSOR_Debug.ld" -o "PL_ARM7_TEMP_SENSOR.axf" ./src/cr_startup_lpc24.o ./src/crp.o ./src/glcd.o ./src/internaladc.o ./src/main.o ./src/system_init.o ./src/temp.o   
Memory region         Used Size  Region Size  %age Used
       MFlash512:       10236 B       512 KB      1.95%
           Ram64:          0 GB        64 KB      0.00%
      RAM_ETH_16:          0 GB        16 KB      0.00%
      RAM_USB_16:          0 GB        16 KB      0.00%
       RAM_RTC_2:          0 GB         2 KB      0.00%
Finished building target: PL_ARM7_TEMP_SENSOR.axf
 
make --no-print-directory post-build
Performing post-build steps
arm-none-eabi-objcopy -v -O ihex "PL_ARM7_TEMP_SENSOR.axf" "PL_ARM7_TEMP_SENSOR.hex" ; # checksum -p LPC2478 -d "PL_ARM7_TEMP_SENSOR.bin"
copy from `PL_ARM7_TEMP_SENSOR.axf' [elf32-littlearm] to `PL_ARM7_TEMP_SENSOR.hex' [ihex]
 

06:59:12 Build Finished (took 214ms)

