Archive member included to satisfy reference by file (symbol)

c:/nxp/lpcxpresso_8.2.2_650/lpcxpresso/tools/bin/../lib/gcc/arm-none-eabi/5.4.1/../../../../arm-none-eabi/lib\libcr_c.a(__weak__main.o)
                              ./src/cr_startup_lpc24.o (__main)

Discarded input sections

 .text          0x00000000        0x0 ./src/cr_startup_lpc24.o
 .data          0x00000000        0x0 ./src/cr_startup_lpc24.o
 .bss           0x00000000        0x0 ./src/cr_startup_lpc24.o
 .group         0x00000000        0x8 ./src/crp.o
 .group         0x00000000        0x8 ./src/crp.o
 .text          0x00000000        0x0 ./src/crp.o
 .data          0x00000000        0x0 ./src/crp.o
 .bss           0x00000000        0x0 ./src/crp.o
 .group         0x00000000        0x8 ./src/flashread.o
 .group         0x00000000        0x8 ./src/flashread.o
 .group         0x00000000        0x8 ./src/flashread.o
 .group         0x00000000        0x8 ./src/flashread.o
 .group         0x00000000        0x8 ./src/flashread.o
 .text          0x00000000        0x0 ./src/flashread.o
 .data          0x00000000        0x0 ./src/flashread.o
 .bss           0x00000000        0x0 ./src/flashread.o
 .text.SW6_Pressed
                0x00000000       0x24 ./src/flashread.o
 .debug_macro   0x00000000      0x826 ./src/flashread.o
 .group         0x00000000        0x8 ./src/glcd.o
 .group         0x00000000        0x8 ./src/glcd.o
 .group         0x00000000        0x8 ./src/glcd.o
 .group         0x00000000        0x8 ./src/glcd.o
 .group         0x00000000        0x8 ./src/glcd.o
 .group         0x00000000        0x8 ./src/glcd.o
 .group         0x00000000        0x8 ./src/glcd.o
 .text          0x00000000        0x0 ./src/glcd.o
 .data          0x00000000        0x0 ./src/glcd.o
 .bss           0x00000000        0x0 ./src/glcd.o
 .text.GLCD_PutString
                0x00000000       0x8c ./src/glcd.o
 .debug_macro   0x00000000      0x826 ./src/glcd.o
 .debug_macro   0x00000000     0x19ce ./src/glcd.o
 .debug_macro   0x00000000       0x10 ./src/glcd.o
 .debug_macro   0x00000000      0x12d ./src/glcd.o
 .debug_macro   0x00000000      0x5b2 ./src/glcd.o
 .group         0x00000000        0x8 ./src/main.o
 .group         0x00000000        0x8 ./src/main.o
 .group         0x00000000        0x8 ./src/main.o
 .group         0x00000000        0x8 ./src/main.o
 .group         0x00000000        0x8 ./src/main.o
 .group         0x00000000        0x8 ./src/main.o
 .group         0x00000000        0x8 ./src/main.o
 .text          0x00000000        0x0 ./src/main.o
 .data          0x00000000        0x0 ./src/main.o
 .bss           0x00000000        0x0 ./src/main.o
 .debug_macro   0x00000000      0x826 ./src/main.o
 .debug_macro   0x00000000       0x10 ./src/main.o
 .debug_macro   0x00000000      0x12d ./src/main.o
 .debug_macro   0x00000000      0x5b2 ./src/main.o
 .debug_macro   0x00000000     0x19ce ./src/main.o
 .debug_macro   0x00000000       0x1c ./src/main.o
 .group         0x00000000        0x8 ./src/system_init.o
 .group         0x00000000        0x8 ./src/system_init.o
 .group         0x00000000        0x8 ./src/system_init.o
 .group         0x00000000        0x8 ./src/system_init.o
 .group         0x00000000        0x8 ./src/system_init.o
 .group         0x00000000        0x8 ./src/system_init.o
 .text          0x00000000        0x0 ./src/system_init.o
 .data          0x00000000        0x0 ./src/system_init.o
 .bss           0x00000000        0x0 ./src/system_init.o
 .debug_macro   0x00000000      0x826 ./src/system_init.o
 .debug_macro   0x00000000      0x3c8 ./src/system_init.o
 .debug_macro   0x00000000     0x19ce ./src/system_init.o
 .debug_macro   0x00000000       0x10 ./src/system_init.o
 .debug_macro   0x00000000      0x12d ./src/system_init.o
 .debug_macro   0x00000000      0x5b2 ./src/system_init.o
 .text          0x00000000        0x0 c:/nxp/lpcxpresso_8.2.2_650/lpcxpresso/tools/bin/../lib/gcc/arm-none-eabi/5.4.1/../../../../arm-none-eabi/lib\libcr_c.a(__weak__main.o)
 .data          0x00000000        0x0 c:/nxp/lpcxpresso_8.2.2_650/lpcxpresso/tools/bin/../lib/gcc/arm-none-eabi/5.4.1/../../../../arm-none-eabi/lib\libcr_c.a(__weak__main.o)
 .bss           0x00000000        0x0 c:/nxp/lpcxpresso_8.2.2_650/lpcxpresso/tools/bin/../lib/gcc/arm-none-eabi/5.4.1/../../../../arm-none-eabi/lib\libcr_c.a(__weak__main.o)

Memory Configuration

Name             Origin             Length             Attributes
MFlash512        0x00000000         0x00080000         xr
Ram64            0x40000000         0x00010000         xrw
RAM_ETH_16       0x7fe00000         0x00004000         xrw
RAM_USB_16       0x7fd00000         0x00004000         xrw
RAM_RTC_2        0xe0084000         0x00000800         xrw
*default*        0x00000000         0xffffffff

Linker script and memory map

LOAD ./src/cr_startup_lpc24.o
LOAD ./src/crp.o
LOAD ./src/flashread.o
LOAD ./src/glcd.o
LOAD ./src/main.o
LOAD ./src/system_init.o
START GROUP
LOAD c:/nxp/lpcxpresso_8.2.2_650/lpcxpresso/tools/bin/../lib/gcc/arm-none-eabi/5.4.1/../../../../arm-none-eabi/lib\libcr_c.a
LOAD c:/nxp/lpcxpresso_8.2.2_650/lpcxpresso/tools/bin/../lib/gcc/arm-none-eabi/5.4.1\libcr_eabihelpers.a
END GROUP
                0x00000000                __base_MFlash512 = 0x0
                0x00000000                __base_Flash = 0x0
                0x00080000                __top_MFlash512 = 0x80000
                0x00080000                __top_Flash = 0x80000
                0x40000000                __base_Ram64 = 0x40000000
                0x40000000                __base_RAM = 0x40000000
                0x40010000                __top_Ram64 = 0x40010000
                0x40010000                __top_RAM = 0x40010000
                0x7fe00000                __base_RAM_ETH_16 = 0x7fe00000
                0x7fe00000                __base_RAM2 = 0x7fe00000
                0x7fe04000                __top_RAM_ETH_16 = 0x7fe04000
                0x7fe04000                __top_RAM2 = 0x7fe04000
                0x7fd00000                __base_RAM_USB_16 = 0x7fd00000
                0x7fd00000                __base_RAM3 = 0x7fd00000
                0x7fd04000                __top_RAM_USB_16 = 0x7fd04000
                0x7fd04000                __top_RAM3 = 0x7fd04000
                0xe0084000                __base_RAM_RTC_2 = 0xe0084000
                0xe0084000                __base_RAM4 = 0xe0084000
                0xe0084800                __top_RAM_RTC_2 = 0xe0084800
                0xe0084800                __top_RAM4 = 0xe0084800

.text           0x00000000     0x2874
 FILL mask 0xff
                0x00000000                __vectors_start__ = ABSOLUTE (.)
 *(.isr_vector)
 .isr_vector    0x00000000      0x17c ./src/cr_startup_lpc24.o
                0x00000000                _boot
                0x00000050                _mainCRTStartup
                0x00000050                _start
                0x00000050                start
                0x0000015c                _reset
                0x0000015c                reset
                0x0000017c                . = ALIGN (0x4)
                0x0000017c                __section_table_start = .
                0x0000017c                __data_section_table = .
                0x0000017c        0x4 LONG 0x2874 LOADADDR (.data)
                0x00000180        0x4 LONG 0x40000000 ADDR (.data)
                0x00000184        0x4 LONG 0x0 SIZEOF (.data)
                0x00000188        0x4 LONG 0x2874 LOADADDR (.data_RAM2)
                0x0000018c        0x4 LONG 0x7fe00000 ADDR (.data_RAM2)
                0x00000190        0x4 LONG 0x0 SIZEOF (.data_RAM2)
                0x00000194        0x4 LONG 0x2874 LOADADDR (.data_RAM3)
                0x00000198        0x4 LONG 0x7fd00000 ADDR (.data_RAM3)
                0x0000019c        0x4 LONG 0x0 SIZEOF (.data_RAM3)
                0x000001a0        0x4 LONG 0x2874 LOADADDR (.data_RAM4)
                0x000001a4        0x4 LONG 0xe0084000 ADDR (.data_RAM4)
                0x000001a8        0x4 LONG 0x0 SIZEOF (.data_RAM4)
                0x000001ac                __data_section_table_end = .
                0x000001ac                __bss_section_table = .
                0x000001ac        0x4 LONG 0x40000000 ADDR (.bss)
                0x000001b0        0x4 LONG 0x0 SIZEOF (.bss)
                0x000001b4        0x4 LONG 0x7fe00000 ADDR (.bss_RAM2)
                0x000001b8        0x4 LONG 0x0 SIZEOF (.bss_RAM2)
                0x000001bc        0x4 LONG 0x7fd00000 ADDR (.bss_RAM3)
                0x000001c0        0x4 LONG 0x0 SIZEOF (.bss_RAM3)
                0x000001c4        0x4 LONG 0xe0084000 ADDR (.bss_RAM4)
                0x000001c8        0x4 LONG 0x0 SIZEOF (.bss_RAM4)
                0x000001cc                __bss_section_table_end = .
                0x000001cc                __section_table_end = .
 *(.after_vectors*)
                0x000001fc                . = 0x1fc
 *fill*         0x000001cc       0x30 ff
                0x000001fc                PROVIDE (__CRP_WORD_START__, .)
 *(.crp)
 .crp           0x000001fc        0x4 ./src/crp.o
                0x000001fc                CRP_WORD
                0x00000200                PROVIDE (__CRP_WORD_END__, .)
                0x00000001                ASSERT (! ((__CRP_WORD_START__ == __CRP_WORD_END__)), Linker CRP Enabled, but no CRP_WORD provided within application)
 *(.text*)
 .text.dly_loops
                0x00000200       0x3c ./src/flashread.o
 .text.Keypad_Col1Row12_Init
                0x0000023c       0x98 ./src/flashread.o
                0x0000023c                Keypad_Col1Row12_Init
 .text.read_rows_when_col_low
                0x000002d4       0x58 ./src/flashread.o
 .text.debounced_low
                0x0000032c       0x98 ./src/flashread.o
 .text.SW2_Pressed
                0x000003c4       0x24 ./src/flashread.o
                0x000003c4                SW2_Pressed
 .text.EMC_Init_CS0_x16
                0x000003e8      0x244 ./src/flashread.o
                0x000003e8                EMC_Init_CS0_x16
 .text.nor_reset
                0x0000062c       0x2c ./src/flashread.o
                0x0000062c                nor_reset
 .text.flash_read_word
                0x00000658       0x38 ./src/flashread.o
                0x00000658                flash_read_word
 .text.delay_cycles
                0x00000690       0x3c ./src/glcd.o
 .text.delay_us
                0x000006cc       0x54 ./src/glcd.o
 .text.cs_none  0x00000720       0x48 ./src/glcd.o
 .text.cs_left  0x00000768       0x48 ./src/glcd.o
 .text.cs_right
                0x000007b0       0x48 ./src/glcd.o
 .text.cs_both  0x000007f8       0x48 ./src/glcd.o
 .text.glcd_set_data
                0x00000840      0x128 ./src/glcd.o
 .text.glcd_enable_pulse
                0x00000968       0x58 ./src/glcd.o
 .text.glcd_write
                0x000009c0       0xd8 ./src/glcd.o
 .text.GLCD_Init
                0x00000a98       0xb0 ./src/glcd.o
                0x00000a98                GLCD_Init
 .text.GLCD_Clear
                0x00000b48      0x148 ./src/glcd.o
                0x00000b48                GLCD_Clear
 .text.GLCD_SetXY
                0x00000c90      0x11c ./src/glcd.o
                0x00000c90                GLCD_SetXY
 .text.GLCD_PutChar
                0x00000dac      0x1f0 ./src/glcd.o
                0x00000dac                GLCD_PutChar
 .text.GLCD_RowWriteMargin
                0x00000f9c      0x134 ./src/glcd.o
                0x00000f9c                GLCD_RowWriteMargin
 .text.hex4     0x000010d0       0xb4 ./src/main.o
 .text.make_line
                0x00001184      0x1bc ./src/main.o
 .text.delay_loops
                0x00001340       0x3c ./src/main.o
 .text.delay_ms
                0x0000137c       0x44 ./src/main.o
 .text.main     0x000013c0      0x13c ./src/main.o
                0x000013c0                main
 .text.delay_cycles
                0x000014fc       0x3c ./src/system_init.o
 .text.PLL_Init
                0x00001538      0x124 ./src/system_init.o
                0x00001538                PLL_Init
 .text.system_Init
                0x0000165c      0xf50 ./src/system_init.o
                0x0000165c                system_Init
 .text.__weak_main
                0x000025ac       0x10 c:/nxp/lpcxpresso_8.2.2_650/lpcxpresso/tools/bin/../lib/gcc/arm-none-eabi/5.4.1/../../../../arm-none-eabi/lib\libcr_c.a(__weak__main.o)
                0x000025ac                __weak_main
                0x000025ac                __main
 *(.rodata .rodata.* .constdata .constdata.*)
 .rodata.font5x7
                0x000025bc      0x240 ./src/glcd.o
 .rodata        0x000027fc       0x75 ./src/main.o
                0x00002874                . = ALIGN (0x4)
 *fill*         0x00002871        0x3 ff

.glue_7         0x00002874        0x0
 .glue_7        0x00002874        0x0 linker stubs

.glue_7t        0x00002874        0x0
 .glue_7t       0x00002874        0x0 linker stubs

.vfp11_veneer   0x00002874        0x0
 .vfp11_veneer  0x00002874        0x0 linker stubs

.v4_bx          0x00002874        0x0
 .v4_bx         0x00002874        0x0 linker stubs

.iplt           0x00002874        0x0
 .iplt          0x00002874        0x0 ./src/cr_startup_lpc24.o

.rel.dyn        0x00002874        0x0
 .rel.iplt      0x00002874        0x0 ./src/cr_startup_lpc24.o

.ARM.extab
 *(.ARM.extab* .gnu.linkonce.armextab.*)
                0x00002874                __exidx_start = .

.ARM.exidx
 *(.ARM.exidx* .gnu.linkonce.armexidx.*)
                0x00002874                __exidx_end = .
                0x00002874                _etext = .

.data_RAM2      0x7fe00000        0x0 load address 0x00002874
 FILL mask 0xff
                [!provide]                PROVIDE (__start_data_RAM2, .)
 *(.ramfunc.$RAM2)
 *(.ramfunc.$RAM_ETH_16)
 *(.data.$RAM2*)
 *(.data.$RAM_ETH_16*)
                0x7fe00000                . = ALIGN (0x4)
                [!provide]                PROVIDE (__end_data_RAM2, .)

.data_RAM3      0x7fd00000        0x0 load address 0x00002874
 FILL mask 0xff
                [!provide]                PROVIDE (__start_data_RAM3, .)
 *(.ramfunc.$RAM3)
 *(.ramfunc.$RAM_USB_16)
 *(.data.$RAM3*)
 *(.data.$RAM_USB_16*)
                0x7fd00000                . = ALIGN (0x4)
                [!provide]                PROVIDE (__end_data_RAM3, .)

.data_RAM4      0xe0084000        0x0 load address 0x00002874
 FILL mask 0xff
                [!provide]                PROVIDE (__start_data_RAM4, .)
 *(.ramfunc.$RAM4)
 *(.ramfunc.$RAM_RTC_2)
 *(.data.$RAM4*)
 *(.data.$RAM_RTC_2*)
                0xe0084000                . = ALIGN (0x4)
                [!provide]                PROVIDE (__end_data_RAM4, .)

.uninit_RESERVED
                0x40000000        0x0
 *(.bss.$RESERVED*)
                0x40000000                . = ALIGN (0x4)
                0x40000000                _end_uninit_RESERVED = .

.data           0x40000000        0x0 load address 0x00002874
 FILL mask 0xff
                0x40000000                _data = .
 *(vtable)
 *(.ramfunc*)
 *(.data*)
                0x40000000                . = ALIGN (0x4)
                0x40000000                _edata = .

.igot.plt       0x40000000        0x0 load address 0x00002874
 .igot.plt      0x40000000        0x0 ./src/cr_startup_lpc24.o

.bss_RAM2       0x7fe00000        0x0
                [!provide]                PROVIDE (__start_bss_RAM2, .)
 *(.bss.$RAM2*)
 *(.bss.$RAM_ETH_16*)
                0x7fe00000                . = ALIGN ((. != 0x0)?0x4:0x1)
                [!provide]                PROVIDE (__end_bss_RAM2, .)

.bss_RAM3       0x7fd00000        0x0
                [!provide]                PROVIDE (__start_bss_RAM3, .)
 *(.bss.$RAM3*)
 *(.bss.$RAM_USB_16*)
                0x7fd00000                . = ALIGN ((. != 0x0)?0x4:0x1)
                [!provide]                PROVIDE (__end_bss_RAM3, .)

.bss_RAM4       0xe0084000        0x0
                [!provide]                PROVIDE (__start_bss_RAM4, .)
 *(.bss.$RAM4*)
 *(.bss.$RAM_RTC_2*)
                0xe0084000                . = ALIGN ((. != 0x0)?0x4:0x1)
                [!provide]                PROVIDE (__end_bss_RAM4, .)

.bss            0x40000000        0x0
                0x40000000                _bss = .
 *(.bss*)
 *(COMMON)
                0x40000000                . = ALIGN (0x4)
                0x40000000                _ebss = .
                [!provide]                PROVIDE (end, .)

.noinit_RAM2    0x7fe00000        0x0
 *(.noinit.$RAM2*)
 *(.noinit.$RAM_ETH_16*)
                0x7fe00000                . = ALIGN (0x4)

.noinit_RAM3    0x7fd00000        0x0
 *(.noinit.$RAM3*)
 *(.noinit.$RAM_USB_16*)
                0x7fd00000                . = ALIGN (0x4)

.noinit_RAM4    0xe0084000        0x0
 *(.noinit.$RAM4*)
 *(.noinit.$RAM_RTC_2*)
                0xe0084000                . = ALIGN (0x4)

.noinit         0x40000000        0x0
                0x40000000                _noinit = .
 *(.noinit*)
                0x40000000                . = ALIGN (0x4)
                0x40000000                _end_noinit = .
                [!provide]                PROVIDE (_pvHeapStart, DEFINED (__user_heap_base)?__user_heap_base:.)
                0x40010000                PROVIDE (_vStackTop, DEFINED (__user_stack_top)?__user_stack_top:(__top_Ram64 - 0x0))
OUTPUT(PL_ARM7_FLASH_READ.axf elf32-littlearm)

.ARM.attributes
                0x00000000       0x2c
 .ARM.attributes
                0x00000000       0x20 ./src/cr_startup_lpc24.o
 .ARM.attributes
                0x00000020       0x30 ./src/crp.o
 .ARM.attributes
                0x00000050       0x30 ./src/flashread.o
 .ARM.attributes
                0x00000080       0x30 ./src/glcd.o
 .ARM.attributes
                0x000000b0       0x30 ./src/main.o
 .ARM.attributes
                0x000000e0       0x30 ./src/system_init.o
 .ARM.attributes
                0x00000110       0x30 c:/nxp/lpcxpresso_8.2.2_650/lpcxpresso/tools/bin/../lib/gcc/arm-none-eabi/5.4.1/../../../../arm-none-eabi/lib\libcr_c.a(__weak__main.o)

.comment        0x00000000       0xdc
 .comment       0x00000000       0x6e ./src/crp.o
                                 0x6f (size before relaxing)
 .comment       0x0000006e       0x6f ./src/flashread.o
 .comment       0x0000006e       0x6f ./src/glcd.o
 .comment       0x0000006e       0x6f ./src/main.o
 .comment       0x0000006e       0x6f ./src/system_init.o
 .comment       0x0000006e       0x6e c:/nxp/lpcxpresso_8.2.2_650/lpcxpresso/tools/bin/../lib/gcc/arm-none-eabi/5.4.1/../../../../arm-none-eabi/lib\libcr_c.a(__weak__main.o)
                                 0x6f (size before relaxing)

.debug_line     0x00000000      0xad8
 .debug_line    0x00000000       0xb2 ./src/cr_startup_lpc24.o
 .debug_line    0x000000b2       0x78 ./src/crp.o
 .debug_line    0x0000012a      0x221 ./src/flashread.o
 .debug_line    0x0000034b      0x34f ./src/glcd.o
 .debug_line    0x0000069a      0x216 ./src/main.o
 .debug_line    0x000008b0      0x228 ./src/system_init.o

.debug_info     0x00000000      0x9ce
 .debug_info    0x00000000       0xae ./src/cr_startup_lpc24.o
 .debug_info    0x000000ae       0x3f ./src/crp.o
 .debug_info    0x000000ed      0x1ee ./src/flashread.o
 .debug_info    0x000002db      0x3f7 ./src/glcd.o
 .debug_info    0x000006d2      0x23b ./src/main.o
 .debug_info    0x0000090d       0xc1 ./src/system_init.o

.debug_abbrev   0x00000000      0x44d
 .debug_abbrev  0x00000000       0x14 ./src/cr_startup_lpc24.o
 .debug_abbrev  0x00000014       0x36 ./src/crp.o
 .debug_abbrev  0x0000004a      0x132 ./src/flashread.o
 .debug_abbrev  0x0000017c      0x141 ./src/glcd.o
 .debug_abbrev  0x000002bd       0xff ./src/main.o
 .debug_abbrev  0x000003bc       0x91 ./src/system_init.o

.debug_aranges  0x00000000      0x198
 .debug_aranges
                0x00000000       0x20 ./src/cr_startup_lpc24.o
 .debug_aranges
                0x00000020       0x18 ./src/crp.o
 .debug_aranges
                0x00000038       0x60 ./src/flashread.o
 .debug_aranges
                0x00000098       0x90 ./src/glcd.o
 .debug_aranges
                0x00000128       0x40 ./src/main.o
 .debug_aranges
                0x00000168       0x30 ./src/system_init.o

.debug_macro    0x00000000     0x32d2
 .debug_macro   0x00000000       0x1a ./src/crp.o
 .debug_macro   0x0000001a      0x826 ./src/crp.o
 .debug_macro   0x00000840       0x34 ./src/crp.o
 .debug_macro   0x00000874       0xb5 ./src/flashread.o
 .debug_macro   0x00000929     0x19ce ./src/flashread.o
 .debug_macro   0x000022f7       0x10 ./src/flashread.o
 .debug_macro   0x00002307      0x12d ./src/flashread.o
 .debug_macro   0x00002434      0x5b2 ./src/flashread.o
 .debug_macro   0x000029e6       0x91 ./src/glcd.o
 .debug_macro   0x00002a77      0x3c8 ./src/glcd.o
 .debug_macro   0x00002e3f       0x1c ./src/glcd.o
 .debug_macro   0x00002e5b       0x61 ./src/main.o
 .debug_macro   0x00002ebc      0x3c8 ./src/main.o
 .debug_macro   0x00003284       0x4e ./src/system_init.o

.debug_str      0x00000000    0x13ba0
 .debug_str     0x00000000     0x245e ./src/crp.o
                               0x246b (size before relaxing)
 .debug_str     0x0000245e    0x1007b ./src/flashread.o
                              0x12469 (size before relaxing)
 .debug_str     0x000124d9     0x1650 ./src/glcd.o
                              0x136ad (size before relaxing)
 .debug_str     0x00013b29       0x4d ./src/main.o
                              0x13551 (size before relaxing)
 .debug_str     0x00013b76       0x2a ./src/system_init.o
                              0x134cd (size before relaxing)

.debug_ranges   0x00000000      0x120
 .debug_ranges  0x00000000       0x50 ./src/flashread.o
 .debug_ranges  0x00000050       0x80 ./src/glcd.o
 .debug_ranges  0x000000d0       0x30 ./src/main.o
 .debug_ranges  0x00000100       0x20 ./src/system_init.o

.debug_frame    0x00000000      0x4ac
 .debug_frame   0x00000000      0x150 ./src/flashread.o
 .debug_frame   0x00000150      0x228 ./src/glcd.o
 .debug_frame   0x00000378       0xb8 ./src/main.o
 .debug_frame   0x00000430       0x7c ./src/system_init.o
