15:18:02 **** Incremental Build of configuration Debug for project PL_ARM7_RFID_READER ****
make -r all 
Building file: ../src/sys_calls.c
Invoking: MCU C Compiler
arm-none-eabi-gcc -DDEBUG -D__CODE_RED -D__REDLIB__ -O0 -fno-common -g3 -Wall -c -fmessage-length=0 -fno-builtin -ffunction-sections -fdata-sections -mcpu=arm7tdmi -specs=redlib.specs -MMD -MP -MF"src/sys_calls.d" -MT"src/sys_calls.o" -MT"src/sys_calls.d" -o "src/sys_calls.o" "../src/sys_calls.c"
Finished building: ../src/sys_calls.c
 
Building target: PL_ARM7_RFID_READER.axf
Invoking: MCU Linker
arm-none-eabi-gcc -nostdlib -Xlinker -Map="PL_ARM7_RFID_READER.map" -Xlinker --gc-sections -Xlinker -print-memory-usage -mcpu=arm7tdmi -T "PL_ARM7_RFID_READER_Debug.ld" -o "PL_ARM7_RFID_READER.axf" ./src/cr_startup_lpc24.o ./src/crp.o ./src/glcd.o ./src/main.o ./src/mfrc522.o ./src/sys_calls.o ./src/system_init.o   
Memory region         Used Size  Region Size  %age Used
       MFlash512:       27880 B       512 KB      5.32%
           Ram64:          12 B        64 KB      0.02%
      RAM_ETH_16:          0 GB        16 KB      0.00%
      RAM_USB_16:          0 GB        16 KB      0.00%
       RAM_RTC_2:          0 GB         2 KB      0.00%
Finished building target: PL_ARM7_RFID_READER.axf
 
make --no-print-directory post-build
Performing post-build steps
arm-none-eabi-objcopy -v -O ihex "PL_ARM7_RFID_READER.axf" "PL_ARM7_RFID_READER.hex" ; # checksum -p LPC2478 -d "PL_ARM7_RFID_READER.bin"
copy from `PL_ARM7_RFID_READER.axf' [elf32-littlearm] to `PL_ARM7_RFID_READER.hex' [ihex]
 

15:18:02 Build Finished (took 207ms)

