12:24:42 **** Incremental Build of configuration Debug for project UARTTX ****
make -r all 
Building file: ../src/uartrx.c
Invoking: MCU C Compiler
arm-none-eabi-gcc -DDEBUG -D__CODE_RED -D__REDLIB__ -O0 -fno-common -g3 -Wall -c -fmessage-length=0 -fno-builtin -ffunction-sections -fdata-sections -mcpu=arm7tdmi -specs=redlib.specs -MMD -MP -MF"src/uartrx.d" -MT"src/uartrx.o" -MT"src/uartrx.d" -o "src/uartrx.o" "../src/uartrx.c"
Finished building: ../src/uartrx.c
 
Building target: UARTTX.axf
Invoking: MCU Linker
arm-none-eabi-gcc -nostdlib -Xlinker -Map="UARTTX.map" -Xlinker --gc-sections -Xlinker -print-memory-usage -mcpu=arm7tdmi -T "UARTTX_Debug.ld" -o "UARTTX.axf"  ./src/cr_startup_lpc24.o ./src/crp.o ./src/glcd.o ./src/main.o ./src/system_init.o ./src/uartrx.o   
Memory region         Used Size  Region Size  %age Used
       MFlash512:        9608 B       512 KB      1.83%
           Ram64:           4 B        64 KB      0.01%
      RAM_ETH_16:          0 GB        16 KB      0.00%
      RAM_USB_16:          0 GB        16 KB      0.00%
       RAM_RTC_2:          0 GB         2 KB      0.00%
Finished building target: UARTTX.axf
 
make --no-print-directory post-build
Performing post-build steps
arm-none-eabi-objcopy -v -O ihex "UARTTX.axf" "UARTTX.hex" ; # checksum -p LPC2478 -d "UARTTX.bin"
copy from `UARTTX.axf' [elf32-littlearm] to `UARTTX.hex' [ihex]
 

12:24:44 Build Finished (took 1s.880ms)

