Archive member included to satisfy reference by file (symbol)

/usr/local/lpcxpresso_8.2.2_650/lpcxpresso/tools/bin/../lib/gcc/arm-none-eabi/5.4.1/../../../../arm-none-eabi/lib/libcr_c.a(memcpy.o)
                              ./src/ff.o (memcpy)
/usr/local/lpcxpresso_8.2.2_650/lpcxpresso/tools/bin/../lib/gcc/arm-none-eabi/5.4.1/../../../../arm-none-eabi/lib/libcr_c.a(memset.o)
                              ./src/ff.o (memset)
/usr/local/lpcxpresso_8.2.2_650/lpcxpresso/tools/bin/../lib/gcc/arm-none-eabi/5.4.1/../../../../arm-none-eabi/lib/libcr_c.a(__weak__main.o)
                              ./src/cr_startup_lpc24.o (__main)
/usr/local/lpcxpresso_8.2.2_650/lpcxpresso/tools/bin/../lib/gcc/arm-none-eabi/5.4.1/../../../../arm-none-eabi/lib/libcr_c.a(memcmp.o)
                              ./src/ff.o (memcmp)
/usr/local/lpcxpresso_8.2.2_650/lpcxpresso/tools/bin/../lib/gcc/arm-none-eabi/5.4.1/../../../../arm-none-eabi/lib/libcr_c.a(strchr.o)
                              ./src/ff.o (strchr)
/usr/local/lpcxpresso_8.2.2_650/lpcxpresso/tools/bin/../lib/gcc/arm-none-eabi/5.4.1/libcr_eabihelpers.a(rtlib.o)
                              ./src/ff.o (__aeabi_uidiv)

Discarded input sections

 .text          0x00000000        0x0 ./src/cr_startup_lpc24.o
 .data          0x00000000        0x0 ./src/cr_startup_lpc24.o
 .bss           0x00000000        0x0 ./src/cr_startup_lpc24.o
 .group         0x00000000        0x8 ./src/crp.o
 .group         0x00000000        0x8 ./src/crp.o
 .text          0x00000000        0x0 ./src/crp.o
 .data          0x00000000        0x0 ./src/crp.o
 .bss           0x00000000        0x0 ./src/crp.o
 .group         0x00000000        0x8 ./src/diskio.o
 .group         0x00000000        0x8 ./src/diskio.o
 .group         0x00000000        0x8 ./src/diskio.o
 .group         0x00000000        0x8 ./src/diskio.o
 .group         0x00000000        0x8 ./src/diskio.o
 .group         0x00000000        0x8 ./src/diskio.o
 .group         0x00000000        0x8 ./src/diskio.o
 .group         0x00000000        0x8 ./src/diskio.o
 .group         0x00000000        0x8 ./src/diskio.o
 .group         0x00000000        0x8 ./src/diskio.o
 .text          0x00000000        0x0 ./src/diskio.o
 .data          0x00000000        0x0 ./src/diskio.o
 .bss           0x00000000        0x0 ./src/diskio.o
 .text.disk_ioctl
                0x00000000       0xa0 ./src/diskio.o
 .text.get_fattime
                0x00000000       0x20 ./src/diskio.o
 .debug_macro   0x00000000      0x826 ./src/diskio.o
 .group         0x00000000        0x8 ./src/ff.o
 .group         0x00000000        0x8 ./src/ff.o
 .group         0x00000000        0x8 ./src/ff.o
 .group         0x00000000        0x8 ./src/ff.o
 .group         0x00000000        0x8 ./src/ff.o
 .group         0x00000000        0x8 ./src/ff.o
 .group         0x00000000        0x8 ./src/ff.o
 .text          0x00000000        0x0 ./src/ff.o
 .data          0x00000000        0x0 ./src/ff.o
 .bss           0x00000000        0x0 ./src/ff.o
 .rodata.DbcTbl
                0x00000000        0xa ./src/ff.o
 .text.st_16    0x00000000       0x64 ./src/ff.o
 .text.st_32    0x00000000       0xa8 ./src/ff.o
 .text.dbc_1st  0x00000000       0x78 ./src/ff.o
 .text.dbc_2nd  0x00000000       0xa0 ./src/ff.o
 .text.sync_fs  0x00000000      0x174 ./src/ff.o
 .text.clst2sect
                0x00000000       0x70 ./src/ff.o
 .text.get_fat  0x00000000      0x260 ./src/ff.o
 .text.put_fat  0x00000000      0x368 ./src/ff.o
 .text.remove_chain
                0x00000000      0x17c ./src/ff.o
 .text.create_chain
                0x00000000      0x328 ./src/ff.o
 .text.dir_clear
                0x00000000      0x108 ./src/ff.o
 .text.dir_sdi  0x00000000      0x1d4 ./src/ff.o
 .text.dir_next
                0x00000000      0x238 ./src/ff.o
 .text.dir_alloc
                0x00000000      0x110 ./src/ff.o
 .text.ld_clust
                0x00000000       0x74 ./src/ff.o
 .text.st_clust
                0x00000000       0x7c ./src/ff.o
 .text.dir_read
                0x00000000      0x160 ./src/ff.o
 .text.dir_find
                0x00000000      0x13c ./src/ff.o
 .text.dir_register
                0x00000000       0xb8 ./src/ff.o
 .text.dir_remove
                0x00000000       0x74 ./src/ff.o
 .text.get_fileinfo
                0x00000000      0x18c ./src/ff.o
 .text.create_name
                0x00000000      0x2d0 ./src/ff.o
 .text.follow_path
                0x00000000      0x194 ./src/ff.o
 .text.validate
                0x00000000       0xcc ./src/ff.o
 .text.f_open   0x00000000      0x518 ./src/ff.o
 .text.f_read   0x00000000      0x470 ./src/ff.o
 .text.f_write  0x00000000      0x530 ./src/ff.o
 .text.f_sync   0x00000000      0x1bc ./src/ff.o
 .text.f_close  0x00000000       0x74 ./src/ff.o
 .text.f_lseek  0x00000000      0x480 ./src/ff.o
 .text.f_opendir
                0x00000000      0x14c ./src/ff.o
 .text.f_closedir
                0x00000000       0x58 ./src/ff.o
 .text.f_readdir
                0x00000000      0x10c ./src/ff.o
 .text.f_stat   0x00000000       0xd8 ./src/ff.o
 .text.f_getfree
                0x00000000      0x28c ./src/ff.o
 .text.f_truncate
                0x00000000      0x228 ./src/ff.o
 .text.f_unlink
                0x00000000      0x1d4 ./src/ff.o
 .text.f_mkdir  0x00000000      0x2ac ./src/ff.o
 .text.f_rename
                0x00000000      0x2e4 ./src/ff.o
 .debug_macro   0x00000000      0x826 ./src/ff.o
 .debug_macro   0x00000000       0x10 ./src/ff.o
 .debug_macro   0x00000000      0x12d ./src/ff.o
 .debug_macro   0x00000000      0x119 ./src/ff.o
 .debug_macro   0x00000000      0x5b2 ./src/ff.o
 .debug_macro   0x00000000       0xe2 ./src/ff.o
 .debug_macro   0x00000000       0x94 ./src/ff.o
 .group         0x00000000        0x8 ./src/glcd.o
 .group         0x00000000        0x8 ./src/glcd.o
 .group         0x00000000        0x8 ./src/glcd.o
 .group         0x00000000        0x8 ./src/glcd.o
 .group         0x00000000        0x8 ./src/glcd.o
 .group         0x00000000        0x8 ./src/glcd.o
 .group         0x00000000        0x8 ./src/glcd.o
 .group         0x00000000        0x8 ./src/glcd.o
 .text          0x00000000        0x0 ./src/glcd.o
 .data          0x00000000        0x0 ./src/glcd.o
 .bss           0x00000000        0x0 ./src/glcd.o
 .rodata.font5x7
                0x00000000      0x240 ./src/glcd.o
 .text.cs_none  0x00000000       0x48 ./src/glcd.o
 .text.cs_left  0x00000000       0x48 ./src/glcd.o
 .text.cs_right
                0x00000000       0x48 ./src/glcd.o
 .text.cs_both  0x00000000       0x48 ./src/glcd.o
 .text.glcd_set_data
                0x00000000      0x128 ./src/glcd.o
 .text.glcd_enable_pulse
                0x00000000       0x58 ./src/glcd.o
 .text.glcd_write
                0x00000000       0xd8 ./src/glcd.o
 .text.GLCD_Init
                0x00000000       0xb0 ./src/glcd.o
 .text.GLCD_Clear
                0x00000000      0x148 ./src/glcd.o
 .text.GLCD_SetXY
                0x00000000      0x11c ./src/glcd.o
 .text.GLCD_PutChar
                0x00000000      0x1f0 ./src/glcd.o
 .text.GLCD_PutString
                0x00000000       0x8c ./src/glcd.o
 .text.GLCD_RowWriteMargin
                0x00000000      0x134 ./src/glcd.o
 .debug_info    0x00000000      0x39d ./src/glcd.o
 .debug_abbrev  0x00000000      0x13a ./src/glcd.o
 .debug_aranges
                0x00000000       0x80 ./src/glcd.o
 .debug_ranges  0x00000000       0x70 ./src/glcd.o
 .debug_macro   0x00000000       0xa4 ./src/glcd.o
 .debug_macro   0x00000000      0x826 ./src/glcd.o
 .debug_macro   0x00000000     0x19c4 ./src/glcd.o
 .debug_macro   0x00000000       0x10 ./src/glcd.o
 .debug_macro   0x00000000      0x12d ./src/glcd.o
 .debug_macro   0x00000000      0x5b2 ./src/glcd.o
 .debug_macro   0x00000000      0x387 ./src/glcd.o
 .debug_macro   0x00000000       0xa0 ./src/glcd.o
 .debug_macro   0x00000000       0x1c ./src/glcd.o
 .debug_line    0x00000000      0x322 ./src/glcd.o
 .debug_str     0x00000000    0x13779 ./src/glcd.o
 .comment       0x00000000       0x6f ./src/glcd.o
 .debug_frame   0x00000000      0x1e8 ./src/glcd.o
 .ARM.attributes
                0x00000000       0x30 ./src/glcd.o
 .group         0x00000000        0x8 ./src/main.o
 .group         0x00000000        0x8 ./src/main.o
 .group         0x00000000        0x8 ./src/main.o
 .group         0x00000000        0x8 ./src/main.o
 .group         0x00000000        0x8 ./src/main.o
 .group         0x00000000        0x8 ./src/main.o
 .group         0x00000000        0x8 ./src/main.o
 .group         0x00000000        0x8 ./src/main.o
 .group         0x00000000        0x8 ./src/main.o
 .text          0x00000000        0x0 ./src/main.o
 .data          0x00000000        0x0 ./src/main.o
 .bss           0x00000000        0x0 ./src/main.o
 .debug_macro   0x00000000      0x826 ./src/main.o
 .debug_macro   0x00000000     0x19c4 ./src/main.o
 .debug_macro   0x00000000      0x387 ./src/main.o
 .debug_macro   0x00000000       0x10 ./src/main.o
 .debug_macro   0x00000000      0x12d ./src/main.o
 .debug_macro   0x00000000      0x5b2 ./src/main.o
 .debug_macro   0x00000000      0x119 ./src/main.o
 .group         0x00000000        0x8 ./src/sys_calls.o
 .group         0x00000000        0x8 ./src/sys_calls.o
 .group         0x00000000        0x8 ./src/sys_calls.o
 .group         0x00000000        0x8 ./src/sys_calls.o
 .text          0x00000000        0x0 ./src/sys_calls.o
 .data          0x00000000        0x0 ./src/sys_calls.o
 .bss           0x00000000        0x0 ./src/sys_calls.o
 .text.__sys_istty
                0x00000000       0x24 ./src/sys_calls.o
 .text.__sys_flen
                0x00000000       0x24 ./src/sys_calls.o
 .text.__sys_seek
                0x00000000       0x28 ./src/sys_calls.o
 .text.__sys_write
                0x00000000       0x2c ./src/sys_calls.o
 .text.__sys_appexit
                0x00000000        0xc ./src/sys_calls.o
 .debug_info    0x00000000      0x157 ./src/sys_calls.o
 .debug_abbrev  0x00000000       0x88 ./src/sys_calls.o
 .debug_aranges
                0x00000000       0x40 ./src/sys_calls.o
 .debug_ranges  0x00000000       0x30 ./src/sys_calls.o
 .debug_macro   0x00000000       0x3c ./src/sys_calls.o
 .debug_macro   0x00000000      0x826 ./src/sys_calls.o
 .debug_macro   0x00000000       0x10 ./src/sys_calls.o
 .debug_macro   0x00000000      0x12d ./src/sys_calls.o
 .debug_macro   0x00000000      0x5b2 ./src/sys_calls.o
 .debug_line    0x00000000      0x14d ./src/sys_calls.o
 .debug_str     0x00000000     0x3b14 ./src/sys_calls.o
 .comment       0x00000000       0x6f ./src/sys_calls.o
 .debug_frame   0x00000000       0xa8 ./src/sys_calls.o
 .ARM.attributes
                0x00000000       0x30 ./src/sys_calls.o
 .group         0x00000000        0x8 ./src/system_init.o
 .group         0x00000000        0x8 ./src/system_init.o
 .group         0x00000000        0x8 ./src/system_init.o
 .group         0x00000000        0x8 ./src/system_init.o
 .group         0x00000000        0x8 ./src/system_init.o
 .group         0x00000000        0x8 ./src/system_init.o
 .text          0x00000000        0x0 ./src/system_init.o
 .data          0x00000000        0x0 ./src/system_init.o
 .bss           0x00000000        0x0 ./src/system_init.o
 .text.delay_us
                0x00000000       0x54 ./src/system_init.o
 .debug_macro   0x00000000      0x826 ./src/system_init.o
 .debug_macro   0x00000000      0x387 ./src/system_init.o
 .debug_macro   0x00000000     0x19c4 ./src/system_init.o
 .debug_macro   0x00000000       0x10 ./src/system_init.o
 .debug_macro   0x00000000      0x12d ./src/system_init.o
 .debug_macro   0x00000000      0x5b2 ./src/system_init.o
 .group         0x00000000        0x8 ./src/usbhost.o
 .group         0x00000000        0x8 ./src/usbhost.o
 .group         0x00000000        0x8 ./src/usbhost.o
 .group         0x00000000        0x8 ./src/usbhost.o
 .group         0x00000000        0x8 ./src/usbhost.o
 .group         0x00000000        0x8 ./src/usbhost.o
 .text          0x00000000        0x0 ./src/usbhost.o
 .data          0x00000000        0x0 ./src/usbhost.o
 .bss           0x00000000        0x0 ./src/usbhost.o
 .debug_macro   0x00000000      0x826 ./src/usbhost.o
 .debug_macro   0x00000000     0x19c4 ./src/usbhost.o
 .debug_macro   0x00000000       0x10 ./src/usbhost.o
 .debug_macro   0x00000000      0x12d ./src/usbhost.o
 .debug_macro   0x00000000      0x5b2 ./src/usbhost.o
 .debug_macro   0x00000000       0x10 ./src/usbhost.o
 .group         0x00000000        0x8 ./src/usbhost_ms.o
 .group         0x00000000        0x8 ./src/usbhost_ms.o
 .group         0x00000000        0x8 ./src/usbhost_ms.o
 .group         0x00000000        0x8 ./src/usbhost_ms.o
 .group         0x00000000        0x8 ./src/usbhost_ms.o
 .group         0x00000000        0x8 ./src/usbhost_ms.o
 .group         0x00000000        0x8 ./src/usbhost_ms.o
 .text          0x00000000        0x0 ./src/usbhost_ms.o
 .data          0x00000000        0x0 ./src/usbhost_ms.o
 .bss           0x00000000        0x0 ./src/usbhost_ms.o
 .text.ReadLE16U
                0x00000000       0x64 ./src/usbhost_ms.o
 .text.MS_ParseConfiguration
                0x00000000      0x2ac ./src/usbhost_ms.o
 .debug_macro   0x00000000      0x826 ./src/usbhost_ms.o
 .debug_macro   0x00000000       0x10 ./src/usbhost_ms.o
 .debug_macro   0x00000000      0x12d ./src/usbhost_ms.o
 .debug_macro   0x00000000      0x5b2 ./src/usbhost_ms.o
 .debug_macro   0x00000000       0x9a ./src/usbhost_ms.o
 .debug_macro   0x00000000       0x58 ./src/usbhost_ms.o
 .text          0x00000000        0x0 /usr/local/lpcxpresso_8.2.2_650/lpcxpresso/tools/bin/../lib/gcc/arm-none-eabi/5.4.1/../../../../arm-none-eabi/lib/libcr_c.a(memcpy.o)
 .data          0x00000000        0x0 /usr/local/lpcxpresso_8.2.2_650/lpcxpresso/tools/bin/../lib/gcc/arm-none-eabi/5.4.1/../../../../arm-none-eabi/lib/libcr_c.a(memcpy.o)
 .bss           0x00000000        0x0 /usr/local/lpcxpresso_8.2.2_650/lpcxpresso/tools/bin/../lib/gcc/arm-none-eabi/5.4.1/../../../../arm-none-eabi/lib/libcr_c.a(memcpy.o)
 .text.memcpy   0x00000000       0x4c /usr/local/lpcxpresso_8.2.2_650/lpcxpresso/tools/bin/../lib/gcc/arm-none-eabi/5.4.1/../../../../arm-none-eabi/lib/libcr_c.a(memcpy.o)
 .comment       0x00000000       0x6f /usr/local/lpcxpresso_8.2.2_650/lpcxpresso/tools/bin/../lib/gcc/arm-none-eabi/5.4.1/../../../../arm-none-eabi/lib/libcr_c.a(memcpy.o)
 .ARM.attributes
                0x00000000       0x30 /usr/local/lpcxpresso_8.2.2_650/lpcxpresso/tools/bin/../lib/gcc/arm-none-eabi/5.4.1/../../../../arm-none-eabi/lib/libcr_c.a(memcpy.o)
 .text          0x00000000        0x0 /usr/local/lpcxpresso_8.2.2_650/lpcxpresso/tools/bin/../lib/gcc/arm-none-eabi/5.4.1/../../../../arm-none-eabi/lib/libcr_c.a(memset.o)
 .data          0x00000000        0x0 /usr/local/lpcxpresso_8.2.2_650/lpcxpresso/tools/bin/../lib/gcc/arm-none-eabi/5.4.1/../../../../arm-none-eabi/lib/libcr_c.a(memset.o)
 .bss           0x00000000        0x0 /usr/local/lpcxpresso_8.2.2_650/lpcxpresso/tools/bin/../lib/gcc/arm-none-eabi/5.4.1/../../../../arm-none-eabi/lib/libcr_c.a(memset.o)
 .text.memset   0x00000000       0x74 /usr/local/lpcxpresso_8.2.2_650/lpcxpresso/tools/bin/../lib/gcc/arm-none-eabi/5.4.1/../../../../arm-none-eabi/lib/libcr_c.a(memset.o)
 .comment       0x00000000       0x6f /usr/local/lpcxpresso_8.2.2_650/lpcxpresso/tools/bin/../lib/gcc/arm-none-eabi/5.4.1/../../../../arm-none-eabi/lib/libcr_c.a(memset.o)
 .ARM.attributes
                0x00000000       0x30 /usr/local/lpcxpresso_8.2.2_650/lpcxpresso/tools/bin/../lib/gcc/arm-none-eabi/5.4.1/../../../../arm-none-eabi/lib/libcr_c.a(memset.o)
 .text          0x00000000        0x0 /usr/local/lpcxpresso_8.2.2_650/lpcxpresso/tools/bin/../lib/gcc/arm-none-eabi/5.4.1/../../../../arm-none-eabi/lib/libcr_c.a(__weak__main.o)
 .data          0x00000000        0x0 /usr/local/lpcxpresso_8.2.2_650/lpcxpresso/tools/bin/../lib/gcc/arm-none-eabi/5.4.1/../../../../arm-none-eabi/lib/libcr_c.a(__weak__main.o)
 .bss           0x00000000        0x0 /usr/local/lpcxpresso_8.2.2_650/lpcxpresso/tools/bin/../lib/gcc/arm-none-eabi/5.4.1/../../../../arm-none-eabi/lib/libcr_c.a(__weak__main.o)
 .text          0x00000000        0x0 /usr/local/lpcxpresso_8.2.2_650/lpcxpresso/tools/bin/../lib/gcc/arm-none-eabi/5.4.1/../../../../arm-none-eabi/lib/libcr_c.a(memcmp.o)
 .data          0x00000000        0x0 /usr/local/lpcxpresso_8.2.2_650/lpcxpresso/tools/bin/../lib/gcc/arm-none-eabi/5.4.1/../../../../arm-none-eabi/lib/libcr_c.a(memcmp.o)
 .bss           0x00000000        0x0 /usr/local/lpcxpresso_8.2.2_650/lpcxpresso/tools/bin/../lib/gcc/arm-none-eabi/5.4.1/../../../../arm-none-eabi/lib/libcr_c.a(memcmp.o)
 .text          0x00000000        0x0 /usr/local/lpcxpresso_8.2.2_650/lpcxpresso/tools/bin/../lib/gcc/arm-none-eabi/5.4.1/../../../../arm-none-eabi/lib/libcr_c.a(strchr.o)
 .data          0x00000000        0x0 /usr/local/lpcxpresso_8.2.2_650/lpcxpresso/tools/bin/../lib/gcc/arm-none-eabi/5.4.1/../../../../arm-none-eabi/lib/libcr_c.a(strchr.o)
 .bss           0x00000000        0x0 /usr/local/lpcxpresso_8.2.2_650/lpcxpresso/tools/bin/../lib/gcc/arm-none-eabi/5.4.1/../../../../arm-none-eabi/lib/libcr_c.a(strchr.o)
 .text.strchr   0x00000000       0x2c /usr/local/lpcxpresso_8.2.2_650/lpcxpresso/tools/bin/../lib/gcc/arm-none-eabi/5.4.1/../../../../arm-none-eabi/lib/libcr_c.a(strchr.o)
 .comment       0x00000000       0x6f /usr/local/lpcxpresso_8.2.2_650/lpcxpresso/tools/bin/../lib/gcc/arm-none-eabi/5.4.1/../../../../arm-none-eabi/lib/libcr_c.a(strchr.o)
 .ARM.attributes
                0x00000000       0x30 /usr/local/lpcxpresso_8.2.2_650/lpcxpresso/tools/bin/../lib/gcc/arm-none-eabi/5.4.1/../../../../arm-none-eabi/lib/libcr_c.a(strchr.o)
 .text          0x00000000        0x0 /usr/local/lpcxpresso_8.2.2_650/lpcxpresso/tools/bin/../lib/gcc/arm-none-eabi/5.4.1/libcr_eabihelpers.a(rtlib.o)
 .data          0x00000000        0x0 /usr/local/lpcxpresso_8.2.2_650/lpcxpresso/tools/bin/../lib/gcc/arm-none-eabi/5.4.1/libcr_eabihelpers.a(rtlib.o)
 .bss           0x00000000        0x0 /usr/local/lpcxpresso_8.2.2_650/lpcxpresso/tools/bin/../lib/gcc/arm-none-eabi/5.4.1/libcr_eabihelpers.a(rtlib.o)
 .text.__aeabi_lmul
                0x00000000       0x20 /usr/local/lpcxpresso_8.2.2_650/lpcxpresso/tools/bin/../lib/gcc/arm-none-eabi/5.4.1/libcr_eabihelpers.a(rtlib.o)
 .text.__aeabi_llsl
                0x00000000       0x28 /usr/local/lpcxpresso_8.2.2_650/lpcxpresso/tools/bin/../lib/gcc/arm-none-eabi/5.4.1/libcr_eabihelpers.a(rtlib.o)
 .text.__aeabi_llsr
                0x00000000       0x24 /usr/local/lpcxpresso_8.2.2_650/lpcxpresso/tools/bin/../lib/gcc/arm-none-eabi/5.4.1/libcr_eabihelpers.a(rtlib.o)
 .text.__aeabi_lasr
                0x00000000       0x24 /usr/local/lpcxpresso_8.2.2_650/lpcxpresso/tools/bin/../lib/gcc/arm-none-eabi/5.4.1/libcr_eabihelpers.a(rtlib.o)
 .text.__aeabi_lcmp
                0x00000000       0x30 /usr/local/lpcxpresso_8.2.2_650/lpcxpresso/tools/bin/../lib/gcc/arm-none-eabi/5.4.1/libcr_eabihelpers.a(rtlib.o)
 .text.__aeabi_ulcmp
                0x00000000       0x30 /usr/local/lpcxpresso_8.2.2_650/lpcxpresso/tools/bin/../lib/gcc/arm-none-eabi/5.4.1/libcr_eabihelpers.a(rtlib.o)
 .text.__aeabi_uread4
                0x00000000       0x20 /usr/local/lpcxpresso_8.2.2_650/lpcxpresso/tools/bin/../lib/gcc/arm-none-eabi/5.4.1/libcr_eabihelpers.a(rtlib.o)
 .text.__aeabi_uread8
                0x00000000       0x24 /usr/local/lpcxpresso_8.2.2_650/lpcxpresso/tools/bin/../lib/gcc/arm-none-eabi/5.4.1/libcr_eabihelpers.a(rtlib.o)
 .text.__aeabi_uwrite4
                0x00000000       0x20 /usr/local/lpcxpresso_8.2.2_650/lpcxpresso/tools/bin/../lib/gcc/arm-none-eabi/5.4.1/libcr_eabihelpers.a(rtlib.o)
 .text.__aeabi_uwrite8
                0x00000000       0x34 /usr/local/lpcxpresso_8.2.2_650/lpcxpresso/tools/bin/../lib/gcc/arm-none-eabi/5.4.1/libcr_eabihelpers.a(rtlib.o)
 .text.__aeabi_memcpy
                0x00000000       0x54 /usr/local/lpcxpresso_8.2.2_650/lpcxpresso/tools/bin/../lib/gcc/arm-none-eabi/5.4.1/libcr_eabihelpers.a(rtlib.o)
 .text.__aeabi_memcpy4
                0x00000000       0x48 /usr/local/lpcxpresso_8.2.2_650/lpcxpresso/tools/bin/../lib/gcc/arm-none-eabi/5.4.1/libcr_eabihelpers.a(rtlib.o)
 .text.__aeabi_memmove
                0x00000000       0x48 /usr/local/lpcxpresso_8.2.2_650/lpcxpresso/tools/bin/../lib/gcc/arm-none-eabi/5.4.1/libcr_eabihelpers.a(rtlib.o)
 .text.__aeabi_memmove4
                0x00000000       0x48 /usr/local/lpcxpresso_8.2.2_650/lpcxpresso/tools/bin/../lib/gcc/arm-none-eabi/5.4.1/libcr_eabihelpers.a(rtlib.o)
 .text.__aeabi_memset
                0x00000000       0x40 /usr/local/lpcxpresso_8.2.2_650/lpcxpresso/tools/bin/../lib/gcc/arm-none-eabi/5.4.1/libcr_eabihelpers.a(rtlib.o)
 .text.__aeabi_memset4
                0x00000000       0x38 /usr/local/lpcxpresso_8.2.2_650/lpcxpresso/tools/bin/../lib/gcc/arm-none-eabi/5.4.1/libcr_eabihelpers.a(rtlib.o)
 .text.__aeabi_memclr
                0x00000000       0x38 /usr/local/lpcxpresso_8.2.2_650/lpcxpresso/tools/bin/../lib/gcc/arm-none-eabi/5.4.1/libcr_eabihelpers.a(rtlib.o)
 .text.__aeabi_memclr4
                0x00000000       0x34 /usr/local/lpcxpresso_8.2.2_650/lpcxpresso/tools/bin/../lib/gcc/arm-none-eabi/5.4.1/libcr_eabihelpers.a(rtlib.o)
 .text.__bhs_idivmod
                0x00000000       0x50 /usr/local/lpcxpresso_8.2.2_650/lpcxpresso/tools/bin/../lib/gcc/arm-none-eabi/5.4.1/libcr_eabihelpers.a(rtlib.o)
 .text.__aeabi_idiv
                0x00000000       0x3c /usr/local/lpcxpresso_8.2.2_650/lpcxpresso/tools/bin/../lib/gcc/arm-none-eabi/5.4.1/libcr_eabihelpers.a(rtlib.o)
 .text.__aeabi_ldiv0
                0x00000000        0x4 /usr/local/lpcxpresso_8.2.2_650/lpcxpresso/tools/bin/../lib/gcc/arm-none-eabi/5.4.1/libcr_eabihelpers.a(rtlib.o)
 .text.__bhs_uldivmod
                0x00000000      0x174 /usr/local/lpcxpresso_8.2.2_650/lpcxpresso/tools/bin/../lib/gcc/arm-none-eabi/5.4.1/libcr_eabihelpers.a(rtlib.o)
 .text.__bhs_ldivmod
                0x00000000       0x9c /usr/local/lpcxpresso_8.2.2_650/lpcxpresso/tools/bin/../lib/gcc/arm-none-eabi/5.4.1/libcr_eabihelpers.a(rtlib.o)

Memory Configuration

Name             Origin             Length             Attributes
MFlash512        0x00000000         0x00080000         xr
Ram64            0x40000000         0x00010000         xrw
RAM_ETH_16       0x7fe00000         0x00004000         xrw
RAM_USB_16       0x7fd00000         0x00004000         xrw
RAM_RTC_2        0xe0084000         0x00000800         xrw
*default*        0x00000000         0xffffffff

Linker script and memory map

LOAD ./src/cr_startup_lpc24.o
LOAD ./src/crp.o
LOAD ./src/diskio.o
LOAD ./src/ff.o
LOAD ./src/glcd.o
LOAD ./src/main.o
LOAD ./src/sys_calls.o
LOAD ./src/system_init.o
LOAD ./src/usbhost.o
LOAD ./src/usbhost_ms.o
START GROUP
LOAD /usr/local/lpcxpresso_8.2.2_650/lpcxpresso/tools/bin/../lib/gcc/arm-none-eabi/5.4.1/../../../../arm-none-eabi/lib/libcr_c.a
LOAD /usr/local/lpcxpresso_8.2.2_650/lpcxpresso/tools/bin/../lib/gcc/arm-none-eabi/5.4.1/libcr_eabihelpers.a
END GROUP
                0x00000000                __base_MFlash512 = 0x0
                0x00000000                __base_Flash = 0x0
                0x00080000                __top_MFlash512 = 0x80000
                0x00080000                __top_Flash = 0x80000
                0x40000000                __base_Ram64 = 0x40000000
                0x40000000                __base_RAM = 0x40000000
                0x40010000                __top_Ram64 = 0x40010000
                0x40010000                __top_RAM = 0x40010000
                0x7fe00000                __base_RAM_ETH_16 = 0x7fe00000
                0x7fe00000                __base_RAM2 = 0x7fe00000
                0x7fe04000                __top_RAM_ETH_16 = 0x7fe04000
                0x7fe04000                __top_RAM2 = 0x7fe04000
                0x7fd00000                __base_RAM_USB_16 = 0x7fd00000
                0x7fd00000                __base_RAM3 = 0x7fd00000
                0x7fd04000                __top_RAM_USB_16 = 0x7fd04000
                0x7fd04000                __top_RAM3 = 0x7fd04000
                0xe0084000                __base_RAM_RTC_2 = 0xe0084000
                0xe0084000                __base_RAM4 = 0xe0084000
                0xe0084800                __top_RAM_RTC_2 = 0xe0084800
                0xe0084800                __top_RAM4 = 0xe0084800

.text           0x00000000     0x3114
 FILL mask 0xff
                0x00000000                __vectors_start__ = ABSOLUTE (.)
 *(.isr_vector)
 .isr_vector    0x00000000      0x17c ./src/cr_startup_lpc24.o
                0x00000000                _boot
                0x00000050                _mainCRTStartup
                0x00000050                _start
                0x00000050                start
                0x0000015c                reset
                0x0000015c                _reset
                0x0000017c                . = ALIGN (0x4)
                0x0000017c                __section_table_start = .
                0x0000017c                __data_section_table = .
                0x0000017c        0x4 LONG 0x3114 LOADADDR (.data)
                0x00000180        0x4 LONG 0x40000000 ADDR (.data)
                0x00000184        0x4 LONG 0x0 SIZEOF (.data)
                0x00000188        0x4 LONG 0x3114 LOADADDR (.data_RAM2)
                0x0000018c        0x4 LONG 0x7fe00000 ADDR (.data_RAM2)
                0x00000190        0x4 LONG 0x0 SIZEOF (.data_RAM2)
                0x00000194        0x4 LONG 0x3114 LOADADDR (.data_RAM3)
                0x00000198        0x4 LONG 0x7fd00000 ADDR (.data_RAM3)
                0x0000019c        0x4 LONG 0x0 SIZEOF (.data_RAM3)
                0x000001a0        0x4 LONG 0x3114 LOADADDR (.data_RAM4)
                0x000001a4        0x4 LONG 0xe0084000 ADDR (.data_RAM4)
                0x000001a8        0x4 LONG 0x0 SIZEOF (.data_RAM4)
                0x000001ac                __data_section_table_end = .
                0x000001ac                __bss_section_table = .
                0x000001ac        0x4 LONG 0x40000000 ADDR (.bss)
                0x000001b0        0x4 LONG 0x240 SIZEOF (.bss)
                0x000001b4        0x4 LONG 0x7fe00000 ADDR (.bss_RAM2)
                0x000001b8        0x4 LONG 0x0 SIZEOF (.bss_RAM2)
                0x000001bc        0x4 LONG 0x7fd00000 ADDR (.bss_RAM3)
                0x000001c0        0x4 LONG 0x0 SIZEOF (.bss_RAM3)
                0x000001c4        0x4 LONG 0xe0084000 ADDR (.bss_RAM4)
                0x000001c8        0x4 LONG 0x0 SIZEOF (.bss_RAM4)
                0x000001cc                __bss_section_table_end = .
                0x000001cc                __section_table_end = .
 *(.after_vectors*)
                0x000001fc                . = 0x1fc
 *fill*         0x000001cc       0x30 ff
                0x000001fc                PROVIDE (__CRP_WORD_START__, .)
 *(.crp)
 .crp           0x000001fc        0x4 ./src/crp.o
                0x000001fc                CRP_WORD
                0x00000200                PROVIDE (__CRP_WORD_END__, .)
                0x00000001                ASSERT (! ((__CRP_WORD_START__ == __CRP_WORD_END__)), Linker CRP Enabled, but no CRP_WORD provided within application)
 *(.text*)
 .text.disk_status
                0x00000200       0x3c ./src/diskio.o
                0x00000200                disk_status
 .text.disk_initialize
                0x0000023c       0x3c ./src/diskio.o
                0x0000023c                disk_initialize
 .text.disk_read
                0x00000278       0x78 ./src/diskio.o
                0x00000278                disk_read
 .text.disk_write
                0x000002f0       0x78 ./src/diskio.o
                0x000002f0                disk_write
 .text.ld_16    0x00000368       0x64 ./src/ff.o
 .text.ld_32    0x000003cc       0x84 ./src/ff.o
 .text.sync_window
                0x00000450       0xe0 ./src/ff.o
 .text.move_window
                0x00000530       0xa4 ./src/ff.o
 .text.get_ldnumber
                0x000005d4       0xf8 ./src/ff.o
 .text.check_fs
                0x000006cc      0x248 ./src/ff.o
 .text.find_volume
                0x00000914      0x160 ./src/ff.o
 .text.mount_volume
                0x00000a74      0x730 ./src/ff.o
 .text.f_mount  0x000011a4      0x100 ./src/ff.o
                0x000011a4                f_mount
 .text.main     0x000012a4       0xe8 ./src/main.o
                0x000012a4                main
 .text.delay_cycles
                0x0000138c       0x3c ./src/system_init.o
                0x0000138c                delay_cycles
 .text.PLL_Init
                0x000013c8      0x118 ./src/system_init.o
                0x000013c8                PLL_Init
 .text.system_Init
                0x000014e0      0xf50 ./src/system_init.o
                0x000014e0                system_Init
 .text.OHCIPortOpen
                0x00002430       0x68 ./src/usbhost.o
                0x00002430                OHCIPortOpen
 .text.Host_EnumDev
                0x00002498       0xb8 ./src/usbhost.o
                0x00002498                Host_EnumDev
 .text.ReadBE32U
                0x00002550       0x74 ./src/usbhost_ms.o
 .text.WriteLE32U
                0x000025c4       0x7c ./src/usbhost_ms.o
 .text.WriteBE32U
                0x00002640       0x7c ./src/usbhost_ms.o
 .text.WriteBE16U
                0x000026bc       0x58 ./src/usbhost_ms.o
 .text.MS_Init  0x00002714       0x90 ./src/usbhost_ms.o
                0x00002714                MS_Init
 .text.MS_GetMaxLUN
                0x000027a4       0x4c ./src/usbhost_ms.o
                0x000027a4                MS_GetMaxLUN
 .text.MS_GetSenseInfo
                0x000027f0       0xe4 ./src/usbhost_ms.o
                0x000027f0                MS_GetSenseInfo
 .text.MS_TestUnitReady
                0x000028d4       0xbc ./src/usbhost_ms.o
                0x000028d4                MS_TestUnitReady
 .text.MS_ReadCapacity
                0x00002990      0x100 ./src/usbhost_ms.o
                0x00002990                MS_ReadCapacity
 .text.MS_BulkRecv
                0x00002a90      0x108 ./src/usbhost_ms.o
                0x00002a90                MS_BulkRecv
 .text.MS_BulkSend
                0x00002b98      0x108 ./src/usbhost_ms.o
                0x00002b98                MS_BulkSend
 .text.Fill_MSCommand
                0x00002ca0      0x174 ./src/usbhost_ms.o
                0x00002ca0                Fill_MSCommand
 .text.__weak_main
                0x00002e14       0x10 /usr/local/lpcxpresso_8.2.2_650/lpcxpresso/tools/bin/../lib/gcc/arm-none-eabi/5.4.1/../../../../arm-none-eabi/lib/libcr_c.a(__weak__main.o)
                0x00002e14                __main
                0x00002e14                __weak_main
 .text.memcmp   0x00002e24       0x74 /usr/local/lpcxpresso_8.2.2_650/lpcxpresso/tools/bin/../lib/gcc/arm-none-eabi/5.4.1/../../../../arm-none-eabi/lib/libcr_c.a(memcmp.o)
                0x00002e24                memcmp
 .text.__aeabi_idiv0
                0x00002e98        0x4 /usr/local/lpcxpresso_8.2.2_650/lpcxpresso/tools/bin/../lib/gcc/arm-none-eabi/5.4.1/libcr_eabihelpers.a(rtlib.o)
                0x00002e98                __aeabi_idiv0
 .text.__bhs_uidivmod
                0x00002e9c       0x9c /usr/local/lpcxpresso_8.2.2_650/lpcxpresso/tools/bin/../lib/gcc/arm-none-eabi/5.4.1/libcr_eabihelpers.a(rtlib.o)
                0x00002e9c                __bhs_uidivmod
 .text.__aeabi_uidiv
                0x00002f38       0x24 /usr/local/lpcxpresso_8.2.2_650/lpcxpresso/tools/bin/../lib/gcc/arm-none-eabi/5.4.1/libcr_eabihelpers.a(rtlib.o)
                0x00002f38                __aeabi_uidiv
 *(.rodata .rodata.* .constdata .constdata.*)
 .rodata        0x00002f5c       0x19 ./src/ff.o
 *fill*         0x00002f75        0x3 ff
 .rodata        0x00002f78      0x108 ./src/main.o
 .rodata        0x00003080       0x38 ./src/usbhost.o
 .rodata        0x000030b8       0x5b ./src/usbhost_ms.o
                0x00003114                . = ALIGN (0x4)
 *fill*         0x00003113        0x1 ff

.glue_7         0x00003114        0x0
 .glue_7        0x00003114        0x0 linker stubs

.glue_7t        0x00003114        0x0
 .glue_7t       0x00003114        0x0 linker stubs

.vfp11_veneer   0x00003114        0x0
 .vfp11_veneer  0x00003114        0x0 linker stubs

.v4_bx          0x00003114        0x0
 .v4_bx         0x00003114        0x0 linker stubs

.iplt           0x00003114        0x0
 .iplt          0x00003114        0x0 ./src/cr_startup_lpc24.o

.rel.dyn        0x00003114        0x0
 .rel.iplt      0x00003114        0x0 ./src/cr_startup_lpc24.o

.ARM.extab
 *(.ARM.extab* .gnu.linkonce.armextab.*)
                0x00003114                __exidx_start = .

.ARM.exidx
 *(.ARM.exidx* .gnu.linkonce.armexidx.*)
                0x00003114                __exidx_end = .
                0x00003114                _etext = .

.data_RAM2      0x7fe00000        0x0 load address 0x00003114
 FILL mask 0xff
                [!provide]                PROVIDE (__start_data_RAM2, .)
 *(.ramfunc.$RAM2)
 *(.ramfunc.$RAM_ETH_16)
 *(.data.$RAM2*)
 *(.data.$RAM_ETH_16*)
                0x7fe00000                . = ALIGN (0x4)
                [!provide]                PROVIDE (__end_data_RAM2, .)

.data_RAM3      0x7fd00000        0x0 load address 0x00003114
 FILL mask 0xff
                [!provide]                PROVIDE (__start_data_RAM3, .)
 *(.ramfunc.$RAM3)
 *(.ramfunc.$RAM_USB_16)
 *(.data.$RAM3*)
 *(.data.$RAM_USB_16*)
                0x7fd00000                . = ALIGN (0x4)
                [!provide]                PROVIDE (__end_data_RAM3, .)

.data_RAM4      0xe0084000        0x0 load address 0x00003114
 FILL mask 0xff
                [!provide]                PROVIDE (__start_data_RAM4, .)
 *(.ramfunc.$RAM4)
 *(.ramfunc.$RAM_RTC_2)
 *(.data.$RAM4*)
 *(.data.$RAM_RTC_2*)
                0xe0084000                . = ALIGN (0x4)
                [!provide]                PROVIDE (__end_data_RAM4, .)

.uninit_RESERVED
                0x40000000        0x0
 *(.bss.$RESERVED*)
                0x40000000                . = ALIGN (0x4)
                0x40000000                _end_uninit_RESERVED = .

.data           0x40000000        0x0 load address 0x00003114
 FILL mask 0xff
                0x40000000                _data = .
 *(vtable)
 *(.ramfunc*)
 *(.data*)
                0x40000000                . = ALIGN (0x4)
                0x40000000                _edata = .

.igot.plt       0x40000000        0x0 load address 0x00003114
 .igot.plt      0x40000000        0x0 ./src/cr_startup_lpc24.o

.bss_RAM2       0x7fe00000        0x0
                [!provide]                PROVIDE (__start_bss_RAM2, .)
 *(.bss.$RAM2*)
 *(.bss.$RAM_ETH_16*)
                0x7fe00000                . = ALIGN ((. != 0x0)?0x4:0x1)
                [!provide]                PROVIDE (__end_bss_RAM2, .)

.bss_RAM3       0x7fd00000        0x0
                [!provide]                PROVIDE (__start_bss_RAM3, .)
 *(.bss.$RAM3*)
 *(.bss.$RAM_USB_16*)
                0x7fd00000                . = ALIGN ((. != 0x0)?0x4:0x1)
                [!provide]                PROVIDE (__end_bss_RAM3, .)

.bss_RAM4       0xe0084000        0x0
                [!provide]                PROVIDE (__start_bss_RAM4, .)
 *(.bss.$RAM4*)
 *(.bss.$RAM_RTC_2*)
                0xe0084000                . = ALIGN ((. != 0x0)?0x4:0x1)
                [!provide]                PROVIDE (__end_bss_RAM4, .)

.bss            0x40000000      0x240
                0x40000000                _bss = .
 *(.bss*)
 .bss.FatFs     0x40000000        0x4 ./src/ff.o
 .bss.Fsid      0x40000004        0x2 ./src/ff.o
 *fill*         0x40000006        0x2 
 .bss.fs        0x40000008      0x230 ./src/main.o
                0x40000008                fs
 .bss.MS_BlkSize
                0x40000238        0x4 ./src/usbhost_ms.o
                0x40000238                MS_BlkSize
 .bss.tag_cnt.4015
                0x4000023c        0x4 ./src/usbhost_ms.o
 *(COMMON)
                0x40000240                . = ALIGN (0x4)
                0x40000240                _ebss = .
                [!provide]                PROVIDE (end, .)

.noinit_RAM2    0x7fe00000        0x0
 *(.noinit.$RAM2*)
 *(.noinit.$RAM_ETH_16*)
                0x7fe00000                . = ALIGN (0x4)

.noinit_RAM3    0x7fd00000        0x0
 *(.noinit.$RAM3*)
 *(.noinit.$RAM_USB_16*)
                0x7fd00000                . = ALIGN (0x4)

.noinit_RAM4    0xe0084000        0x0
 *(.noinit.$RAM4*)
 *(.noinit.$RAM_RTC_2*)
                0xe0084000                . = ALIGN (0x4)

.noinit         0x40000240        0x0
                0x40000240                _noinit = .
 *(.noinit*)
                0x40000240                . = ALIGN (0x4)
                0x40000240                _end_noinit = .
                [!provide]                PROVIDE (_pvHeapStart, DEFINED (__user_heap_base)?__user_heap_base:.)
                0x40010000                PROVIDE (_vStackTop, DEFINED (__user_stack_top)?__user_stack_top:(__top_Ram64 - 0x0))
OUTPUT(USB_Host.axf elf32-littlearm)

.ARM.attributes
                0x00000000       0x2c
 .ARM.attributes
                0x00000000       0x20 ./src/cr_startup_lpc24.o
 .ARM.attributes
                0x00000020       0x30 ./src/crp.o
 .ARM.attributes
                0x00000050       0x30 ./src/diskio.o
 .ARM.attributes
                0x00000080       0x30 ./src/ff.o
 .ARM.attributes
                0x000000b0       0x30 ./src/main.o
 .ARM.attributes
                0x000000e0       0x30 ./src/system_init.o
 .ARM.attributes
                0x00000110       0x30 ./src/usbhost.o
 .ARM.attributes
                0x00000140       0x30 ./src/usbhost_ms.o
 .ARM.attributes
                0x00000170       0x30 /usr/local/lpcxpresso_8.2.2_650/lpcxpresso/tools/bin/../lib/gcc/arm-none-eabi/5.4.1/../../../../arm-none-eabi/lib/libcr_c.a(__weak__main.o)
 .ARM.attributes
                0x000001a0       0x30 /usr/local/lpcxpresso_8.2.2_650/lpcxpresso/tools/bin/../lib/gcc/arm-none-eabi/5.4.1/../../../../arm-none-eabi/lib/libcr_c.a(memcmp.o)
 .ARM.attributes
                0x000001d0       0x30 /usr/local/lpcxpresso_8.2.2_650/lpcxpresso/tools/bin/../lib/gcc/arm-none-eabi/5.4.1/libcr_eabihelpers.a(rtlib.o)

.comment        0x00000000       0xdc
 .comment       0x00000000       0x6e ./src/crp.o
                                 0x6f (size before relaxing)
 .comment       0x0000006e       0x6f ./src/diskio.o
 .comment       0x0000006e       0x6f ./src/ff.o
 .comment       0x0000006e       0x6f ./src/main.o
 .comment       0x0000006e       0x6f ./src/system_init.o
 .comment       0x0000006e       0x6f ./src/usbhost.o
 .comment       0x0000006e       0x6f ./src/usbhost_ms.o
 .comment       0x0000006e       0x6e /usr/local/lpcxpresso_8.2.2_650/lpcxpresso/tools/bin/../lib/gcc/arm-none-eabi/5.4.1/../../../../arm-none-eabi/lib/libcr_c.a(__weak__main.o)
                                 0x6f (size before relaxing)
 .comment       0x000000dc       0x6f /usr/local/lpcxpresso_8.2.2_650/lpcxpresso/tools/bin/../lib/gcc/arm-none-eabi/5.4.1/../../../../arm-none-eabi/lib/libcr_c.a(memcmp.o)
 .comment       0x000000dc       0x6f /usr/local/lpcxpresso_8.2.2_650/lpcxpresso/tools/bin/../lib/gcc/arm-none-eabi/5.4.1/libcr_eabihelpers.a(rtlib.o)

.debug_line     0x00000000     0x1a90
 .debug_line    0x00000000       0xb2 ./src/cr_startup_lpc24.o
 .debug_line    0x000000b2       0x7c ./src/crp.o
 .debug_line    0x0000012e      0x1d6 ./src/diskio.o
 .debug_line    0x00000304      0xfaf ./src/ff.o
 .debug_line    0x000012b3      0x15c ./src/main.o
 .debug_line    0x0000140f      0x24d ./src/system_init.o
 .debug_line    0x0000165c      0x145 ./src/usbhost.o
 .debug_line    0x000017a1      0x2ef ./src/usbhost_ms.o

.debug_info     0x00000000     0x2577
 .debug_info    0x00000000       0x74 ./src/cr_startup_lpc24.o
 .debug_info    0x00000074       0x3f ./src/crp.o
 .debug_info    0x000000b3      0x26c ./src/diskio.o
 .debug_info    0x0000031f     0x18ef ./src/ff.o
 .debug_info    0x00001c0e      0x291 ./src/main.o
 .debug_info    0x00001e9f       0xf5 ./src/system_init.o
 .debug_info    0x00001f94       0xce ./src/usbhost.o
 .debug_info    0x00002062      0x515 ./src/usbhost_ms.o

.debug_abbrev   0x00000000      0x6aa
 .debug_abbrev  0x00000000       0x14 ./src/cr_startup_lpc24.o
 .debug_abbrev  0x00000014       0x36 ./src/crp.o
 .debug_abbrev  0x0000004a       0xd9 ./src/diskio.o
 .debug_abbrev  0x00000123      0x1d6 ./src/ff.o
 .debug_abbrev  0x000002f9       0xd2 ./src/main.o
 .debug_abbrev  0x000003cb       0xb8 ./src/system_init.o
 .debug_abbrev  0x00000483       0x8c ./src/usbhost.o
 .debug_abbrev  0x0000050f      0x19b ./src/usbhost_ms.o

.debug_aranges  0x00000000      0x320
 .debug_aranges
                0x00000000       0x20 ./src/cr_startup_lpc24.o
 .debug_aranges
                0x00000020       0x18 ./src/crp.o
 .debug_aranges
                0x00000038       0x48 ./src/diskio.o
 .debug_aranges
                0x00000080      0x198 ./src/ff.o
 .debug_aranges
                0x00000218       0x20 ./src/main.o
 .debug_aranges
                0x00000238       0x38 ./src/system_init.o
 .debug_aranges
                0x00000270       0x28 ./src/usbhost.o
 .debug_aranges
                0x00000298       0x88 ./src/usbhost_ms.o

.debug_macro    0x00000000     0x1bd0
 .debug_macro   0x00000000       0x1a ./src/crp.o
 .debug_macro   0x0000001a      0x826 ./src/crp.o
 .debug_macro   0x00000840       0x34 ./src/crp.o
 .debug_macro   0x00000874       0x8a ./src/diskio.o
 .debug_macro   0x000008fe      0x119 ./src/diskio.o
 .debug_macro   0x00000a17       0x10 ./src/diskio.o
 .debug_macro   0x00000a27      0x12d ./src/diskio.o
 .debug_macro   0x00000b54      0x5b2 ./src/diskio.o
 .debug_macro   0x00001106       0xe2 ./src/diskio.o
 .debug_macro   0x000011e8       0x94 ./src/diskio.o
 .debug_macro   0x0000127c       0x1c ./src/diskio.o
 .debug_macro   0x00001298       0x9a ./src/diskio.o
 .debug_macro   0x00001332       0x58 ./src/diskio.o
 .debug_macro   0x0000138a      0x5b8 ./src/ff.o
 .debug_macro   0x00001942       0x75 ./src/main.o
 .debug_macro   0x000019b7       0x10 ./src/main.o
 .debug_macro   0x000019c7       0xe8 ./src/main.o
 .debug_macro   0x00001aaf       0x54 ./src/system_init.o
 .debug_macro   0x00001b03       0x54 ./src/usbhost.o
 .debug_macro   0x00001b57       0x63 ./src/usbhost_ms.o
 .debug_macro   0x00001bba       0x16 ./src/usbhost_ms.o

.debug_str      0x00000000    0x17f73
 .debug_str     0x00000000     0x2424 ./src/crp.o
                               0x2431 (size before relaxing)
 .debug_str     0x00002424     0x2252 ./src/diskio.o
                               0x4615 (size before relaxing)
 .debug_str     0x00004676     0x3dac ./src/ff.o
                               0x7fcd (size before relaxing)
 .debug_str     0x00008422     0xf8c1 ./src/main.o
                              0x13a8e (size before relaxing)
 .debug_str     0x00017ce3       0x4d ./src/system_init.o
                              0x13385 (size before relaxing)
 .debug_str     0x00017d30       0x3d ./src/usbhost.o
                              0x12070 (size before relaxing)
 .debug_str     0x00017d6d      0x206 ./src/usbhost_ms.o
                               0x40b2 (size before relaxing)

.debug_ranges   0x00000000      0x288
 .debug_ranges  0x00000000       0x38 ./src/diskio.o
 .debug_ranges  0x00000038      0x188 ./src/ff.o
 .debug_ranges  0x000001c0       0x10 ./src/main.o
 .debug_ranges  0x000001d0       0x28 ./src/system_init.o
 .debug_ranges  0x000001f8       0x18 ./src/usbhost.o
 .debug_ranges  0x00000210       0x78 ./src/usbhost_ms.o

.debug_frame    0x00000000      0xb58
 .debug_frame   0x00000000       0xd8 ./src/diskio.o
 .debug_frame   0x000000d8      0x748 ./src/ff.o
 .debug_frame   0x00000820       0x2c ./src/main.o
 .debug_frame   0x0000084c       0x9c ./src/system_init.o
 .debug_frame   0x000008e8       0x5c ./src/usbhost.o
 .debug_frame   0x00000944      0x214 ./src/usbhost_ms.o
