10:59:03 **** Incremental Build of configuration Debug for project Ethernet_Tx ****
make -r all 
Building file: ../src/main.c
Invoking: MCU C Compiler
arm-none-eabi-gcc -DDEBUG -D__CODE_RED -D__REDLIB__ -O0 -fno-common -g3 -Wall -c -fmessage-length=0 -fno-builtin -ffunction-sections -fdata-sections -mcpu=arm7tdmi -specs=redlib.specs -MMD -MP -MF"src/main.d" -MT"src/main.o" -MT"src/main.d" -o "src/main.o" "../src/main.c"
../src/main.c: In function 'main':
../src/main.c:64:5: warning: implicit declaration of function 'Timer0_init' [-Wimplicit-function-declaration]
     Timer0_init();
     ^
../src/main.c:71:11: warning: implicit declaration of function 'SW2_Pressed' [-Wimplicit-function-declaration]
     while(SW2_Pressed()==0){
           ^
../src/main.c:123:26: warning: implicit declaration of function 'memcpy' [-Wimplicit-function-declaration]
                          memcpy(display_payload, &broadcast_frame[14], 15);
                          ^
Finished building: ../src/main.c
 
Building target: Ethernet_Tx.axf
Invoking: MCU Linker
arm-none-eabi-gcc -nostdlib -Xlinker -Map="Ethernet_Tx.map" -Xlinker --gc-sections -Xlinker -print-memory-usage -mcpu=arm7tdmi -T "Ethernet_Tx_Debug.ld" -o "Ethernet_Tx.axf" ./src/cr_startup_lpc24.o ./src/crp.o ./src/ethernet.o ./src/ethernet_tx.o ./src/glcd.o ./src/main.o ./src/sys_calls.o ./src/system_init.o   
Memory region         Used Size  Region Size  %age Used
       MFlash512:       10608 B       512 KB      2.02%
           Ram64:           4 B        64 KB      0.01%
      RAM_ETH_16:          0 GB        16 KB      0.00%
      RAM_USB_16:          0 GB        16 KB      0.00%
       RAM_RTC_2:          0 GB         2 KB      0.00%
Finished building target: Ethernet_Tx.axf
 
make --no-print-directory post-build
Performing post-build steps
arm-none-eabi-objcopy -O ihex "Ethernet_Tx.axf" "Ethernet_Tx.hex"
 

10:59:04 Build Finished (took 59ms)

