Archive member included to satisfy reference by file (symbol)

c:/nxp/lpcxpresso_8.2.2_650/lpcxpresso/tools/bin/../lib/gcc/arm-none-eabi/5.4.1/../../../../arm-none-eabi/lib\libcr_c.a(__weak__main.o)
                              ./src/cr_startup_lpc24.o (__main)

Discarded input sections

 .group         0x00000000        0x8 ./src/ADC7492.o
 .group         0x00000000        0x8 ./src/ADC7492.o
 .group         0x00000000        0x8 ./src/ADC7492.o
 .group         0x00000000        0x8 ./src/ADC7492.o
 .group         0x00000000        0x8 ./src/ADC7492.o
 .group         0x00000000        0x8 ./src/ADC7492.o
 .group         0x00000000        0x8 ./src/ADC7492.o
 .text          0x00000000        0x0 ./src/ADC7492.o
 .data          0x00000000        0x0 ./src/ADC7492.o
 .bss           0x00000000        0x0 ./src/ADC7492.o
 .text          0x00000000        0x0 ./src/cr_startup_lpc24.o
 .data          0x00000000        0x0 ./src/cr_startup_lpc24.o
 .bss           0x00000000        0x0 ./src/cr_startup_lpc24.o
 .group         0x00000000        0x8 ./src/crp.o
 .group         0x00000000        0x8 ./src/crp.o
 .text          0x00000000        0x0 ./src/crp.o
 .data          0x00000000        0x0 ./src/crp.o
 .bss           0x00000000        0x0 ./src/crp.o
 .debug_macro   0x00000000      0x826 ./src/crp.o
 .group         0x00000000        0x8 ./src/glcd.o
 .group         0x00000000        0x8 ./src/glcd.o
 .group         0x00000000        0x8 ./src/glcd.o
 .group         0x00000000        0x8 ./src/glcd.o
 .group         0x00000000        0x8 ./src/glcd.o
 .group         0x00000000        0x8 ./src/glcd.o
 .group         0x00000000        0x8 ./src/glcd.o
 .text          0x00000000        0x0 ./src/glcd.o
 .data          0x00000000        0x0 ./src/glcd.o
 .bss           0x00000000        0x0 ./src/glcd.o
 .debug_macro   0x00000000      0x826 ./src/glcd.o
 .debug_macro   0x00000000     0x19c4 ./src/glcd.o
 .debug_macro   0x00000000       0x10 ./src/glcd.o
 .debug_macro   0x00000000      0x12d ./src/glcd.o
 .debug_macro   0x00000000      0x5b2 ./src/glcd.o
 .debug_macro   0x00000000      0x42f ./src/glcd.o
 .group         0x00000000        0x8 ./src/main.o
 .group         0x00000000        0x8 ./src/main.o
 .group         0x00000000        0x8 ./src/main.o
 .group         0x00000000        0x8 ./src/main.o
 .group         0x00000000        0x8 ./src/main.o
 .group         0x00000000        0x8 ./src/main.o
 .group         0x00000000        0x8 ./src/main.o
 .text          0x00000000        0x0 ./src/main.o
 .data          0x00000000        0x0 ./src/main.o
 .bss           0x00000000        0x0 ./src/main.o
 .debug_macro   0x00000000      0x826 ./src/main.o
 .debug_macro   0x00000000       0x10 ./src/main.o
 .debug_macro   0x00000000      0x12d ./src/main.o
 .debug_macro   0x00000000      0x5b2 ./src/main.o
 .debug_macro   0x00000000       0x16 ./src/main.o
 .debug_macro   0x00000000     0x19c4 ./src/main.o
 .debug_macro   0x00000000      0x42f ./src/main.o
 .group         0x00000000        0x8 ./src/system_init.o
 .group         0x00000000        0x8 ./src/system_init.o
 .group         0x00000000        0x8 ./src/system_init.o
 .group         0x00000000        0x8 ./src/system_init.o
 .group         0x00000000        0x8 ./src/system_init.o
 .group         0x00000000        0x8 ./src/system_init.o
 .text          0x00000000        0x0 ./src/system_init.o
 .data          0x00000000        0x0 ./src/system_init.o
 .bss           0x00000000        0x0 ./src/system_init.o
 .debug_macro   0x00000000      0x826 ./src/system_init.o
 .debug_macro   0x00000000     0x19c4 ./src/system_init.o
 .debug_macro   0x00000000      0x42f ./src/system_init.o
 .debug_macro   0x00000000       0x10 ./src/system_init.o
 .debug_macro   0x00000000      0x12d ./src/system_init.o
 .debug_macro   0x00000000      0x5b2 ./src/system_init.o
 .text          0x00000000        0x0 c:/nxp/lpcxpresso_8.2.2_650/lpcxpresso/tools/bin/../lib/gcc/arm-none-eabi/5.4.1/../../../../arm-none-eabi/lib\libcr_c.a(__weak__main.o)
 .data          0x00000000        0x0 c:/nxp/lpcxpresso_8.2.2_650/lpcxpresso/tools/bin/../lib/gcc/arm-none-eabi/5.4.1/../../../../arm-none-eabi/lib\libcr_c.a(__weak__main.o)
 .bss           0x00000000        0x0 c:/nxp/lpcxpresso_8.2.2_650/lpcxpresso/tools/bin/../lib/gcc/arm-none-eabi/5.4.1/../../../../arm-none-eabi/lib\libcr_c.a(__weak__main.o)

Memory Configuration

Name             Origin             Length             Attributes
MFlash512        0x00000000         0x00080000         xr
Ram64            0x40000000         0x00010000         xrw
RAM_ETH_16       0x7fe00000         0x00004000         xrw
RAM_USB_16       0x7fd00000         0x00004000         xrw
RAM_RTC_2        0xe0084000         0x00000800         xrw
*default*        0x00000000         0xffffffff

Linker script and memory map

LOAD ./src/ADC7492.o
LOAD ./src/cr_startup_lpc24.o
LOAD ./src/crp.o
LOAD ./src/glcd.o
LOAD ./src/main.o
LOAD ./src/system_init.o
START GROUP
LOAD c:/nxp/lpcxpresso_8.2.2_650/lpcxpresso/tools/bin/../lib/gcc/arm-none-eabi/5.4.1/../../../../arm-none-eabi/lib\libcr_c.a
LOAD c:/nxp/lpcxpresso_8.2.2_650/lpcxpresso/tools/bin/../lib/gcc/arm-none-eabi/5.4.1\libcr_eabihelpers.a
END GROUP
                0x00000000                __base_MFlash512 = 0x0
                0x00000000                __base_Flash = 0x0
                0x00080000                __top_MFlash512 = 0x80000
                0x00080000                __top_Flash = 0x80000
                0x40000000                __base_Ram64 = 0x40000000
                0x40000000                __base_RAM = 0x40000000
                0x40010000                __top_Ram64 = 0x40010000
                0x40010000                __top_RAM = 0x40010000
                0x7fe00000                __base_RAM_ETH_16 = 0x7fe00000
                0x7fe00000                __base_RAM2 = 0x7fe00000
                0x7fe04000                __top_RAM_ETH_16 = 0x7fe04000
                0x7fe04000                __top_RAM2 = 0x7fe04000
                0x7fd00000                __base_RAM_USB_16 = 0x7fd00000
                0x7fd00000                __base_RAM3 = 0x7fd00000
                0x7fd04000                __top_RAM_USB_16 = 0x7fd04000
                0x7fd04000                __top_RAM3 = 0x7fd04000
                0xe0084000                __base_RAM_RTC_2 = 0xe0084000
                0xe0084000                __base_RAM4 = 0xe0084000
                0xe0084800                __top_RAM_RTC_2 = 0xe0084800
                0xe0084800                __top_RAM4 = 0xe0084800

.text           0x00000000     0x24ac
 FILL mask 0xff
                0x00000000                __vectors_start__ = ABSOLUTE (.)
 *(.isr_vector)
 .isr_vector    0x00000000      0x17c ./src/cr_startup_lpc24.o
                0x00000000                _boot
                0x00000050                _mainCRTStartup
                0x00000050                _start
                0x00000050                start
                0x0000015c                _reset
                0x0000015c                reset
                0x0000017c                . = ALIGN (0x4)
                0x0000017c                __section_table_start = .
                0x0000017c                __data_section_table = .
                0x0000017c        0x4 LONG 0x24ac LOADADDR (.data)
                0x00000180        0x4 LONG 0x40000000 ADDR (.data)
                0x00000184        0x4 LONG 0x0 SIZEOF (.data)
                0x00000188        0x4 LONG 0x24ac LOADADDR (.data_RAM2)
                0x0000018c        0x4 LONG 0x7fe00000 ADDR (.data_RAM2)
                0x00000190        0x4 LONG 0x0 SIZEOF (.data_RAM2)
                0x00000194        0x4 LONG 0x24ac LOADADDR (.data_RAM3)
                0x00000198        0x4 LONG 0x7fd00000 ADDR (.data_RAM3)
                0x0000019c        0x4 LONG 0x0 SIZEOF (.data_RAM3)
                0x000001a0        0x4 LONG 0x24ac LOADADDR (.data_RAM4)
                0x000001a4        0x4 LONG 0xe0084000 ADDR (.data_RAM4)
                0x000001a8        0x4 LONG 0x0 SIZEOF (.data_RAM4)
                0x000001ac                __data_section_table_end = .
                0x000001ac                __bss_section_table = .
                0x000001ac        0x4 LONG 0x40000000 ADDR (.bss)
                0x000001b0        0x4 LONG 0x0 SIZEOF (.bss)
                0x000001b4        0x4 LONG 0x7fe00000 ADDR (.bss_RAM2)
                0x000001b8        0x4 LONG 0x0 SIZEOF (.bss_RAM2)
                0x000001bc        0x4 LONG 0x7fd00000 ADDR (.bss_RAM3)
                0x000001c0        0x4 LONG 0x0 SIZEOF (.bss_RAM3)
                0x000001c4        0x4 LONG 0xe0084000 ADDR (.bss_RAM4)
                0x000001c8        0x4 LONG 0x0 SIZEOF (.bss_RAM4)
                0x000001cc                __bss_section_table_end = .
                0x000001cc                __section_table_end = .
 *(.after_vectors*)
                0x000001fc                . = 0x1fc
 *fill*         0x000001cc       0x30 ff
                0x000001fc                PROVIDE (__CRP_WORD_START__, .)
 *(.crp)
 .crp           0x000001fc        0x4 ./src/crp.o
                0x000001fc                CRP_WORD
                0x00000200                PROVIDE (__CRP_WORD_END__, .)
                0x00000001                ASSERT (! ((__CRP_WORD_START__ == __CRP_WORD_END__)), Linker CRP Enabled, but no CRP_WORD provided within application)
 *(.text*)
 .text.u16_to_str
                0x00000200      0x13c ./src/ADC7492.o
                0x00000200                u16_to_str
 .text.delay_us
                0x0000033c       0x54 ./src/ADC7492.o
                0x0000033c                delay_us
 .text.ad7492_read
                0x00000390       0xc0 ./src/ADC7492.o
                0x00000390                ad7492_read
 .text.delay_cycles
                0x00000450       0x3c ./src/glcd.o
 .text.delay_us
                0x0000048c       0x54 ./src/glcd.o
 .text.cs_none  0x000004e0       0x48 ./src/glcd.o
 .text.cs_left  0x00000528       0x48 ./src/glcd.o
 .text.cs_right
                0x00000570       0x48 ./src/glcd.o
 .text.cs_both  0x000005b8       0x48 ./src/glcd.o
 .text.glcd_set_data
                0x00000600      0x128 ./src/glcd.o
 .text.glcd_enable_pulse
                0x00000728       0x58 ./src/glcd.o
 .text.glcd_write
                0x00000780       0xd8 ./src/glcd.o
 .text.GLCD_Init
                0x00000858       0xb0 ./src/glcd.o
                0x00000858                GLCD_Init
 .text.GLCD_Clear
                0x00000908      0x148 ./src/glcd.o
                0x00000908                GLCD_Clear
 .text.GLCD_SetXY
                0x00000a50      0x11c ./src/glcd.o
                0x00000a50                GLCD_SetXY
 .text.GLCD_PutChar
                0x00000b6c      0x1f0 ./src/glcd.o
                0x00000b6c                GLCD_PutChar
 .text.GLCD_PutString
                0x00000d5c       0x8c ./src/glcd.o
                0x00000d5c                GLCD_PutString
 .text.GLCD_RowWriteMargin
                0x00000de8      0x134 ./src/glcd.o
                0x00000de8                GLCD_RowWriteMargin
 .text.main     0x00000f1c      0x1c4 ./src/main.o
                0x00000f1c                main
 .text.delay_cycles
                0x000010e0       0x3c ./src/system_init.o
 .text.PLL_Init
                0x0000111c      0x124 ./src/system_init.o
                0x0000111c                PLL_Init
 .text.system_Init
                0x00001240      0xf50 ./src/system_init.o
                0x00001240                system_Init
 .text.__weak_main
                0x00002190       0x10 c:/nxp/lpcxpresso_8.2.2_650/lpcxpresso/tools/bin/../lib/gcc/arm-none-eabi/5.4.1/../../../../arm-none-eabi/lib\libcr_c.a(__weak__main.o)
                0x00002190                __weak_main
                0x00002190                __main
 *(.rodata .rodata.* .constdata .constdata.*)
 .rodata.font5x7
                0x000021a0      0x240 ./src/glcd.o
 .rodata        0x000023e0       0xca ./src/main.o
                0x000024ac                . = ALIGN (0x4)
 *fill*         0x000024aa        0x2 ff

.glue_7         0x000024ac        0x0
 .glue_7        0x000024ac        0x0 linker stubs

.glue_7t        0x000024ac        0x0
 .glue_7t       0x000024ac        0x0 linker stubs

.vfp11_veneer   0x000024ac        0x0
 .vfp11_veneer  0x000024ac        0x0 linker stubs

.v4_bx          0x000024ac        0x0
 .v4_bx         0x000024ac        0x0 linker stubs

.iplt           0x000024ac        0x0
 .iplt          0x000024ac        0x0 ./src/ADC7492.o

.rel.dyn        0x000024ac        0x0
 .rel.iplt      0x000024ac        0x0 ./src/ADC7492.o

.ARM.extab
 *(.ARM.extab* .gnu.linkonce.armextab.*)
                0x000024ac                __exidx_start = .

.ARM.exidx
 *(.ARM.exidx* .gnu.linkonce.armexidx.*)
                0x000024ac                __exidx_end = .
                0x000024ac                _etext = .

.data_RAM2      0x7fe00000        0x0 load address 0x000024ac
 FILL mask 0xff
                [!provide]                PROVIDE (__start_data_RAM2, .)
 *(.ramfunc.$RAM2)
 *(.ramfunc.$RAM_ETH_16)
 *(.data.$RAM2*)
 *(.data.$RAM_ETH_16*)
                0x7fe00000                . = ALIGN (0x4)
                [!provide]                PROVIDE (__end_data_RAM2, .)

.data_RAM3      0x7fd00000        0x0 load address 0x000024ac
 FILL mask 0xff
                [!provide]                PROVIDE (__start_data_RAM3, .)
 *(.ramfunc.$RAM3)
 *(.ramfunc.$RAM_USB_16)
 *(.data.$RAM3*)
 *(.data.$RAM_USB_16*)
                0x7fd00000                . = ALIGN (0x4)
                [!provide]                PROVIDE (__end_data_RAM3, .)

.data_RAM4      0xe0084000        0x0 load address 0x000024ac
 FILL mask 0xff
                [!provide]                PROVIDE (__start_data_RAM4, .)
 *(.ramfunc.$RAM4)
 *(.ramfunc.$RAM_RTC_2)
 *(.data.$RAM4*)
 *(.data.$RAM_RTC_2*)
                0xe0084000                . = ALIGN (0x4)
                [!provide]                PROVIDE (__end_data_RAM4, .)

.uninit_RESERVED
                0x40000000        0x0
 *(.bss.$RESERVED*)
                0x40000000                . = ALIGN (0x4)
                0x40000000                _end_uninit_RESERVED = .

.data           0x40000000        0x0 load address 0x000024ac
 FILL mask 0xff
                0x40000000                _data = .
 *(vtable)
 *(.ramfunc*)
 *(.data*)
                0x40000000                . = ALIGN (0x4)
                0x40000000                _edata = .

.igot.plt       0x40000000        0x0 load address 0x000024ac
 .igot.plt      0x40000000        0x0 ./src/ADC7492.o

.bss_RAM2       0x7fe00000        0x0
                [!provide]                PROVIDE (__start_bss_RAM2, .)
 *(.bss.$RAM2*)
 *(.bss.$RAM_ETH_16*)
                0x7fe00000                . = ALIGN ((. != 0x0)?0x4:0x1)
                [!provide]                PROVIDE (__end_bss_RAM2, .)

.bss_RAM3       0x7fd00000        0x0
                [!provide]                PROVIDE (__start_bss_RAM3, .)
 *(.bss.$RAM3*)
 *(.bss.$RAM_USB_16*)
                0x7fd00000                . = ALIGN ((. != 0x0)?0x4:0x1)
                [!provide]                PROVIDE (__end_bss_RAM3, .)

.bss_RAM4       0xe0084000        0x0
                [!provide]                PROVIDE (__start_bss_RAM4, .)
 *(.bss.$RAM4*)
 *(.bss.$RAM_RTC_2*)
                0xe0084000                . = ALIGN ((. != 0x0)?0x4:0x1)
                [!provide]                PROVIDE (__end_bss_RAM4, .)

.bss            0x40000000        0x0
                0x40000000                _bss = .
 *(.bss*)
 *(COMMON)
                0x40000000                . = ALIGN (0x4)
                0x40000000                _ebss = .
                [!provide]                PROVIDE (end, .)

.noinit_RAM2    0x7fe00000        0x0
 *(.noinit.$RAM2*)
 *(.noinit.$RAM_ETH_16*)
                0x7fe00000                . = ALIGN (0x4)

.noinit_RAM3    0x7fd00000        0x0
 *(.noinit.$RAM3*)
 *(.noinit.$RAM_USB_16*)
                0x7fd00000                . = ALIGN (0x4)

.noinit_RAM4    0xe0084000        0x0
 *(.noinit.$RAM4*)
 *(.noinit.$RAM_RTC_2*)
                0xe0084000                . = ALIGN (0x4)

.noinit         0x40000000        0x0
                0x40000000                _noinit = .
 *(.noinit*)
                0x40000000                . = ALIGN (0x4)
                0x40000000                _end_noinit = .
                [!provide]                PROVIDE (_pvHeapStart, DEFINED (__user_heap_base)?__user_heap_base:.)
                0x40010000                PROVIDE (_vStackTop, DEFINED (__user_stack_top)?__user_stack_top:(__top_Ram64 - 0x0))
OUTPUT(PL_ARM7_ADC7492.axf elf32-littlearm)

.debug_info     0x00000000      0x806
 .debug_info    0x00000000      0x155 ./src/ADC7492.o
 .debug_info    0x00000155       0xa1 ./src/cr_startup_lpc24.o
 .debug_info    0x000001f6       0x3f ./src/crp.o
 .debug_info    0x00000235      0x3f7 ./src/glcd.o
 .debug_info    0x0000062c      0x115 ./src/main.o
 .debug_info    0x00000741       0xc5 ./src/system_init.o

.debug_abbrev   0x00000000      0x34a
 .debug_abbrev  0x00000000       0xae ./src/ADC7492.o
 .debug_abbrev  0x000000ae       0x14 ./src/cr_startup_lpc24.o
 .debug_abbrev  0x000000c2       0x36 ./src/crp.o
 .debug_abbrev  0x000000f8      0x141 ./src/glcd.o
 .debug_abbrev  0x00000239       0x80 ./src/main.o
 .debug_abbrev  0x000002b9       0x91 ./src/system_init.o

.debug_aranges  0x00000000      0x148
 .debug_aranges
                0x00000000       0x30 ./src/ADC7492.o
 .debug_aranges
                0x00000030       0x20 ./src/cr_startup_lpc24.o
 .debug_aranges
                0x00000050       0x18 ./src/crp.o
 .debug_aranges
                0x00000068       0x90 ./src/glcd.o
 .debug_aranges
                0x000000f8       0x20 ./src/main.o
 .debug_aranges
                0x00000118       0x30 ./src/system_init.o

.debug_ranges   0x00000000       0xd0
 .debug_ranges  0x00000000       0x20 ./src/ADC7492.o
 .debug_ranges  0x00000020       0x80 ./src/glcd.o
 .debug_ranges  0x000000a0       0x10 ./src/main.o
 .debug_ranges  0x000000b0       0x20 ./src/system_init.o

.debug_macro    0x00000000     0x2f39
 .debug_macro   0x00000000       0x63 ./src/ADC7492.o
 .debug_macro   0x00000063      0x826 ./src/ADC7492.o
 .debug_macro   0x00000889       0x10 ./src/ADC7492.o
 .debug_macro   0x00000899      0x12d ./src/ADC7492.o
 .debug_macro   0x000009c6      0x5b2 ./src/ADC7492.o
 .debug_macro   0x00000f78       0x16 ./src/ADC7492.o
 .debug_macro   0x00000f8e     0x19c4 ./src/ADC7492.o
 .debug_macro   0x00002952      0x42f ./src/ADC7492.o
 .debug_macro   0x00002d81       0x1a ./src/crp.o
 .debug_macro   0x00002d9b       0x34 ./src/crp.o
 .debug_macro   0x00002dcf       0x91 ./src/glcd.o
 .debug_macro   0x00002e60       0x1c ./src/glcd.o
 .debug_macro   0x00002e7c       0x6d ./src/main.o
 .debug_macro   0x00002ee9       0x50 ./src/system_init.o

.debug_line     0x00000000      0x9ab
 .debug_line    0x00000000      0x19c ./src/ADC7492.o
 .debug_line    0x0000019c       0xb2 ./src/cr_startup_lpc24.o
 .debug_line    0x0000024e       0x7c ./src/crp.o
 .debug_line    0x000002ca      0x357 ./src/glcd.o
 .debug_line    0x00000621      0x156 ./src/main.o
 .debug_line    0x00000777      0x234 ./src/system_init.o

.debug_str      0x00000000    0x139fa
 .debug_str     0x00000000    0x136bf ./src/ADC7492.o
                              0x1373d (size before relaxing)
 .debug_str     0x000136bf       0xe9 ./src/crp.o
                               0x245e (size before relaxing)
 .debug_str     0x000137a8      0x1be ./src/glcd.o
                              0x138c1 (size before relaxing)
 .debug_str     0x00013966       0x6a ./src/main.o
                              0x13717 (size before relaxing)
 .debug_str     0x000139d0       0x2a ./src/system_init.o
                              0x136e1 (size before relaxing)

.comment        0x00000000       0xdc
 .comment       0x00000000       0x6e ./src/ADC7492.o
                                 0x6f (size before relaxing)
 .comment       0x0000006e       0x6f ./src/crp.o
 .comment       0x0000006e       0x6f ./src/glcd.o
 .comment       0x0000006e       0x6f ./src/main.o
 .comment       0x0000006e       0x6f ./src/system_init.o
 .comment       0x0000006e       0x6e c:/nxp/lpcxpresso_8.2.2_650/lpcxpresso/tools/bin/../lib/gcc/arm-none-eabi/5.4.1/../../../../arm-none-eabi/lib\libcr_c.a(__weak__main.o)
                                 0x6f (size before relaxing)

.ARM.attributes
                0x00000000       0x2e
 .ARM.attributes
                0x00000000       0x30 ./src/ADC7492.o
 .ARM.attributes
                0x00000030       0x20 ./src/cr_startup_lpc24.o
 .ARM.attributes
                0x00000050       0x30 ./src/crp.o
 .ARM.attributes
                0x00000080       0x30 ./src/glcd.o
 .ARM.attributes
                0x000000b0       0x30 ./src/main.o
 .ARM.attributes
                0x000000e0       0x30 ./src/system_init.o
 .ARM.attributes
                0x00000110       0x30 c:/nxp/lpcxpresso_8.2.2_650/lpcxpresso/tools/bin/../lib/gcc/arm-none-eabi/5.4.1/../../../../arm-none-eabi/lib\libcr_c.a(__weak__main.o)

.debug_frame    0x00000000      0x348
 .debug_frame   0x00000000       0x78 ./src/ADC7492.o
 .debug_frame   0x00000078      0x228 ./src/glcd.o
 .debug_frame   0x000002a0       0x2c ./src/main.o
 .debug_frame   0x000002cc       0x7c ./src/system_init.o
