06:01:25 **** Incremental Build of configuration Debug for project ggl ****
make -r all 
Building file: ../src/main.c
Invoking: MCU C Compiler
arm-none-eabi-gcc -DDEBUG -D__CODE_RED -D__REDLIB__ -O0 -fno-common -g3 -Wall -c -fmessage-length=0 -fno-builtin -ffunction-sections -fdata-sections -mcpu=arm7tdmi -specs=redlib.specs -MMD -MP -MF"src/main.d" -MT"src/main.o" -MT"src/main.d" -o "src/main.o" "../src/main.c"
Finished building: ../src/main.c
 
Building target: ggl.axf
Invoking: MCU Linker
arm-none-eabi-gcc -nostdlib -Xlinker -Map="ggl.map" -Xlinker --gc-sections -Xlinker -print-memory-usage -mcpu=arm7tdmi -T "ggl_Debug.ld" -o "ggl.axf" ./src/cr_startup_lpc24.o ./src/crp.o ./src/glcd.o ./src/main.o ./src/system_init.o   
Memory region         Used Size  Region Size  %age Used
       MFlash512:        8224 B       512 KB      1.57%
           Ram64:          0 GB        64 KB      0.00%
      RAM_ETH_16:          0 GB        16 KB      0.00%
      RAM_USB_16:          0 GB        16 KB      0.00%
       RAM_RTC_2:          0 GB         2 KB      0.00%
Finished building target: ggl.axf
 
make --no-print-directory post-build
Performing post-build steps
arm-none-eabi-objcopy -v -O ihex "ggl.axf" "ggl.hex" ; # checksum -p LPC2478 -d "ggl.bin"
copy from `ggl.axf' [elf32-littlearm] to `ggl.hex' [ihex]
 

06:01:25 Build Finished (took 56ms)

