12:15:26 **** Incremental Build of configuration Debug for project GLCD ****
make -r all 
Building target: GLCD.axf
Invoking: MCU Linker
arm-none-eabi-gcc -nostdlib -Xlinker -Map="GLCD.map" -Xlinker --gc-sections -Xlinker -print-memory-usage -mcpu=arm7tdmi -T "GLCD_Debug.ld" -o "GLCD.axf" ./src/cr_startup_lpc24.o ./src/crp.o ./src/glcd.o ./src/main.o ./src/system_init.o   
Memory region         Used Size  Region Size  %age Used
       MFlash512:        8188 B       512 KB      1.56%
           Ram64:          0 GB        64 KB      0.00%
      RAM_ETH_16:          0 GB        16 KB      0.00%
      RAM_USB_16:          0 GB        16 KB      0.00%
       RAM_RTC_2:          0 GB         2 KB      0.00%
Finished building target: GLCD.axf
 
make --no-print-directory post-build
Performing post-build steps
arm-none-eabi-size "GLCD.axf" ; # arm-none-eabi-objcopy -v -O ihex "GLCD.axf" "GLCD.hex" ; #checksum -p LPC2478  -d "GLCD.bin"
   text	   data	    bss	    dec	    hex	filename
   8188	      0	      0	   8188	   1ffc	GLCD.axf
 

12:15:26 Build Finished (took 102ms)

