12:21:52 **** Incremental Build of configuration Debug for project PL_ARM7_SWITCH_LEDS ****
make -r all 
Building file: ../src/led.c
Invoking: MCU C Compiler
arm-none-eabi-gcc -DDEBUG -D__CODE_RED -D__REDLIB__ -O0 -fno-common -g3 -Wall -c -fmessage-length=0 -fno-builtin -ffunction-sections -fdata-sections -mcpu=arm7tdmi -specs=redlib.specs -MMD -MP -MF"src/led.d" -MT"src/led.o" -MT"src/led.d" -o "src/led.o" "../src/led.c"
Finished building: ../src/led.c
 
Building target: PL_ARM7_SWITCH_LEDS.axf
Invoking: MCU Linker
arm-none-eabi-gcc -nostdlib -Xlinker -Map="PL_ARM7_SWITCH_LEDS.map" -Xlinker --gc-sections -Xlinker -print-memory-usage -mcpu=arm7tdmi -T "PL_ARM7_SWITCH_LEDS_Debug.ld" -o "PL_ARM7_SWITCH_LEDS.axf"  ./src/cr_startup_lpc24.o ./src/crp.o ./src/glcd.o ./src/led.o ./src/main.o ./src/system_init.o   
Memory region         Used Size  Region Size  %age Used
       MFlash512:        8984 B       512 KB      1.71%
           Ram64:          0 GB        64 KB      0.00%
      RAM_ETH_16:          0 GB        16 KB      0.00%
      RAM_USB_16:          0 GB        16 KB      0.00%
       RAM_RTC_2:          0 GB         2 KB      0.00%
Finished building target: PL_ARM7_SWITCH_LEDS.axf
 
make --no-print-directory post-build
Performing post-build steps
arm-none-eabi-objcopy -v -O ihex "PL_ARM7_SWITCH_LEDS.axf" "PL_ARM7_SWITCH_LEDS.hex" ; # checksum -p LPC2478 -d "PL_ARM7_SWITCH_LEDS.bin"
copy from `PL_ARM7_SWITCH_LEDS.axf' [elf32-littlearm] to `PL_ARM7_SWITCH_LEDS.hex' [ihex]
 
