10:17:20 **** Incremental Build of configuration Debug for project Ethernet_Rx ****
make -r all 
Building file: ../src/main.c
Invoking: MCU C Compiler
arm-none-eabi-gcc -DDEBUG -D__CODE_RED -D__REDLIB__ -O0 -fno-common -g3 -Wall -c -fmessage-length=0 -fno-builtin -ffunction-sections -fdata-sections -mcpu=arm7tdmi -specs=redlib.specs -MMD -MP -MF"src/main.d" -MT"src/main.o" -MT"src/main.d" -o "src/main.o" "../src/main.c"
../src/main.c: In function 'main':
../src/main.c:38:5: warning: implicit declaration of function 'Init_VIC_Interrupt' [-Wimplicit-function-declaration]
     Init_VIC_Interrupt();
     ^
../src/main.c:46:5: warning: implicit declaration of function 'VERIABLE_INIT_FUN' [-Wimplicit-function-declaration]
     VERIABLE_INIT_FUN((unsigned int)&key, (unsigned int)&INTER_ADC, (unsigned int)&AD7492_DATA);
     ^
../src/main.c:48:5: warning: implicit declaration of function 'row_wr' [-Wimplicit-function-declaration]
     row_wr(0x00, "WELCOME TO AKADEMIKA");
     ^
../src/main.c:66:5: warning: implicit declaration of function 'delay' [-Wimplicit-function-declaration]
     delay(10000);
     ^
../src/main.c:76:5: warning: implicit declaration of function 'transmit_byte' [-Wimplicit-function-declaration]
     transmit_byte(0X0D);
     ^
Finished building: ../src/main.c
 
Building target: Ethernet_Rx.axf
Invoking: MCU Linker
arm-none-eabi-gcc -nostdlib -Xlinker -Map="Ethernet_Rx.map" -Xlinker --gc-sections -Xlinker -print-memory-usage -mcpu=arm7tdmi -T "Ethernet_Rx_Debug.ld" -o "Ethernet_Rx.axf" ./src/cr_startup_lpc24.o ./src/crp.o ./src/ethernet_sys.o ./src/glcd.o ./src/main.o ./src/sys_calls.o ./src/system_init.o   
Memory region         Used Size  Region Size  %age Used
       MFlash512:       11460 B       512 KB      2.19%
           Ram64:          92 B        64 KB      0.14%
      RAM_ETH_16:          0 GB        16 KB      0.00%
      RAM_USB_16:          0 GB        16 KB      0.00%
       RAM_RTC_2:          0 GB         2 KB      0.00%
Finished building target: Ethernet_Rx.axf
 
make --no-print-directory post-build
Performing post-build steps
arm-none-eabi-objcopy -O ihex "Ethernet_Rx.axf" "Ethernet_Rx.hex"
 

10:17:20 Build Finished (took 61ms)

