13:13:18 **** Incremental Build of configuration Debug for project PL_ARM7_GLCD ****
make -r all 
Building file: ../src/system_init.c
Invoking: MCU C Compiler
arm-none-eabi-gcc -DDEBUG -D__CODE_RED -D__REDLIB__ -O0 -fno-common -g3 -Wall -c -fmessage-length=0 -fno-builtin -ffunction-sections -fdata-sections -mcpu=arm7tdmi -specs=redlib.specs -MMD -MP -MF"src/system_init.d" -MT"src/system_init.o" -MT"src/system_init.d" -o "src/system_init.o" "../src/system_init.c"
Finished building: ../src/system_init.c
 
Building target: PL_ARM7_GLCD.axf
Invoking: MCU Linker
arm-none-eabi-gcc -nostdlib -Xlinker -Map="PL_ARM7_GLCD.map" -Xlinker --gc-sections -Xlinker -print-memory-usage -mcpu=arm7tdmi -T "PL_ARM7_GLCD_Debug.ld" -o "PL_ARM7_GLCD.axf"  ./src/cr_startup_lpc24.o ./src/crp.o ./src/glcd.o ./src/main.o ./src/system_init.o   
Memory region         Used Size  Region Size  %age Used
       MFlash512:        8188 B       512 KB      1.56%
           Ram64:          0 GB        64 KB      0.00%
      RAM_ETH_16:          0 GB        16 KB      0.00%
      RAM_USB_16:          0 GB        16 KB      0.00%
       RAM_RTC_2:          0 GB         2 KB      0.00%
Finished building target: PL_ARM7_GLCD.axf
 
make --no-print-directory post-build
Performing post-build steps
arm-none-eabi-objcopy -v -O ihex "PL_ARM7_GLCD.axf" "PL_ARM7_GLCD.hex" ; # checksum -p LPC2478 -d "PL_ARM7_GLCD.bin"
copy from `PL_ARM7_GLCD.axf' [elf32-littlearm] to `PL_ARM7_GLCD.hex' [ihex]
 

13:13:18 Build Finished (took 746ms)

