11:34:59 **** Incremental Build of configuration Debug for project PL_ARM7_EEPROM_WRITE ****
make -r all 
Building file: ../src/i2cwrite.c
Invoking: MCU C Compiler
arm-none-eabi-gcc -DDEBUG -D__CODE_RED -D__REDLIB__ -O0 -fno-common -g3 -Wall -c -fmessage-length=0 -fno-builtin -ffunction-sections -fdata-sections -mcpu=arm7tdmi -specs=redlib.specs -MMD -MP -MF"src/i2cwrite.d" -MT"src/i2cwrite.o" -MT"src/i2cwrite.d" -o "src/i2cwrite.o" "../src/i2cwrite.c"
Finished building: ../src/i2cwrite.c
 
Building target: PL_ARM7_EEPROM_WRITE.axf
Invoking: MCU Linker
arm-none-eabi-gcc -nostdlib -Xlinker -Map="PL_ARM7_EEPROM_WRITE.map" -Xlinker --gc-sections -Xlinker -print-memory-usage -mcpu=arm7tdmi -T "PL_ARM7_EEPROM_WRITE_Debug.ld" -o "PL_ARM7_EEPROM_WRITE.axf"  ./src/cr_startup_lpc24.o ./src/crp.o ./src/glcd.o ./src/i2cwrite.o ./src/main.o ./src/system_init.o   
Memory region         Used Size  Region Size  %age Used
       MFlash512:        9600 B       512 KB      1.83%
           Ram64:         256 B        64 KB      0.39%
      RAM_ETH_16:          0 GB        16 KB      0.00%
      RAM_USB_16:          0 GB        16 KB      0.00%
       RAM_RTC_2:          0 GB         2 KB      0.00%
Finished building target: PL_ARM7_EEPROM_WRITE.axf
 
make --no-print-directory post-build
Performing post-build steps
arm-none-eabi-objcopy -v -O ihex "PL_ARM7_EEPROM_WRITE.axf" "PL_ARM7_EEPROM_WRITE.hex" ; # checksum -p LPC2478 -d "PL_ARM7_EEPROM_WRITE.bin"
copy from `PL_ARM7_EEPROM_WRITE.axf' [elf32-littlearm] to `PL_ARM7_EEPROM_WRITE.hex' [ihex]
 
