Archive member included to satisfy reference by file (symbol)

/usr/local/lpcxpresso_8.2.2_650/lpcxpresso/tools/bin/../lib/gcc/arm-none-eabi/5.4.1/../../../../arm-none-eabi/lib/libcr_c.a(memset.o)
                              ./src/usbcore.o (memset)
/usr/local/lpcxpresso_8.2.2_650/lpcxpresso/tools/bin/../lib/gcc/arm-none-eabi/5.4.1/../../../../arm-none-eabi/lib/libcr_c.a(__weak__main.o)
                              ./src/cr_startup_lpc24.o (__main)
/usr/local/lpcxpresso_8.2.2_650/lpcxpresso/tools/bin/../lib/gcc/arm-none-eabi/5.4.1/libcr_eabihelpers.a(rtlib.o)
                              ./src/main.o (__aeabi_uidiv)

Discarded input sections

 .group         0x00000000        0x8 ./src/SDRAM.o
 .group         0x00000000        0x8 ./src/SDRAM.o
 .group         0x00000000        0x8 ./src/SDRAM.o
 .group         0x00000000        0x8 ./src/SDRAM.o
 .group         0x00000000        0x8 ./src/SDRAM.o
 .group         0x00000000        0x8 ./src/SDRAM.o
 .text          0x00000000        0x0 ./src/SDRAM.o
 .data          0x00000000        0x0 ./src/SDRAM.o
 .bss           0x00000000        0x0 ./src/SDRAM.o
 .text          0x00000000        0x0 ./src/cr_startup_lpc24.o
 .data          0x00000000        0x0 ./src/cr_startup_lpc24.o
 .bss           0x00000000        0x0 ./src/cr_startup_lpc24.o
 .group         0x00000000        0x8 ./src/crp.o
 .group         0x00000000        0x8 ./src/crp.o
 .text          0x00000000        0x0 ./src/crp.o
 .data          0x00000000        0x0 ./src/crp.o
 .bss           0x00000000        0x0 ./src/crp.o
 .debug_macro   0x00000000      0x826 ./src/crp.o
 .group         0x00000000        0x8 ./src/glcd.o
 .group         0x00000000        0x8 ./src/glcd.o
 .group         0x00000000        0x8 ./src/glcd.o
 .group         0x00000000        0x8 ./src/glcd.o
 .group         0x00000000        0x8 ./src/glcd.o
 .group         0x00000000        0x8 ./src/glcd.o
 .group         0x00000000        0x8 ./src/glcd.o
 .group         0x00000000        0x8 ./src/glcd.o
 .text          0x00000000        0x0 ./src/glcd.o
 .data          0x00000000        0x0 ./src/glcd.o
 .bss           0x00000000        0x0 ./src/glcd.o
 .rodata.font5x7
                0x00000000      0x240 ./src/glcd.o
 .text.cs_none  0x00000000       0x48 ./src/glcd.o
 .text.cs_left  0x00000000       0x48 ./src/glcd.o
 .text.cs_right
                0x00000000       0x48 ./src/glcd.o
 .text.cs_both  0x00000000       0x48 ./src/glcd.o
 .text.glcd_set_data
                0x00000000      0x128 ./src/glcd.o
 .text.glcd_enable_pulse
                0x00000000       0x58 ./src/glcd.o
 .text.glcd_write
                0x00000000       0xd8 ./src/glcd.o
 .text.GLCD_Init
                0x00000000       0xb0 ./src/glcd.o
 .text.GLCD_Clear
                0x00000000      0x148 ./src/glcd.o
 .text.GLCD_SetXY
                0x00000000      0x11c ./src/glcd.o
 .text.GLCD_PutChar
                0x00000000      0x1f0 ./src/glcd.o
 .text.GLCD_PutString
                0x00000000       0x8c ./src/glcd.o
 .text.GLCD_RowWriteMargin
                0x00000000      0x134 ./src/glcd.o
 .debug_info    0x00000000      0x39d ./src/glcd.o
 .debug_abbrev  0x00000000      0x13a ./src/glcd.o
 .debug_aranges
                0x00000000       0x80 ./src/glcd.o
 .debug_ranges  0x00000000       0x70 ./src/glcd.o
 .debug_macro   0x00000000       0xa4 ./src/glcd.o
 .debug_macro   0x00000000      0x826 ./src/glcd.o
 .debug_macro   0x00000000     0x19c4 ./src/glcd.o
 .debug_macro   0x00000000       0x10 ./src/glcd.o
 .debug_macro   0x00000000      0x12d ./src/glcd.o
 .debug_macro   0x00000000      0x5b2 ./src/glcd.o
 .debug_macro   0x00000000      0x387 ./src/glcd.o
 .debug_macro   0x00000000       0xa0 ./src/glcd.o
 .debug_macro   0x00000000       0x1c ./src/glcd.o
 .debug_line    0x00000000      0x322 ./src/glcd.o
 .debug_str     0x00000000    0x13787 ./src/glcd.o
 .comment       0x00000000       0x6f ./src/glcd.o
 .debug_frame   0x00000000      0x1e8 ./src/glcd.o
 .ARM.attributes
                0x00000000       0x30 ./src/glcd.o
 .group         0x00000000        0x8 ./src/main.o
 .group         0x00000000        0x8 ./src/main.o
 .group         0x00000000        0x8 ./src/main.o
 .group         0x00000000        0x8 ./src/main.o
 .group         0x00000000        0x8 ./src/main.o
 .group         0x00000000        0x8 ./src/main.o
 .group         0x00000000        0x8 ./src/main.o
 .group         0x00000000        0x8 ./src/main.o
 .text          0x00000000        0x0 ./src/main.o
 .data          0x00000000        0x0 ./src/main.o
 .bss           0x00000000        0x0 ./src/main.o
 .debug_macro   0x00000000      0x826 ./src/main.o
 .debug_macro   0x00000000     0x19c4 ./src/main.o
 .debug_macro   0x00000000       0x10 ./src/main.o
 .debug_macro   0x00000000      0x12d ./src/main.o
 .debug_macro   0x00000000      0x5b2 ./src/main.o
 .debug_macro   0x00000000      0x387 ./src/main.o
 .group         0x00000000        0x8 ./src/sdcard.o
 .group         0x00000000        0x8 ./src/sdcard.o
 .group         0x00000000        0x8 ./src/sdcard.o
 .group         0x00000000        0x8 ./src/sdcard.o
 .group         0x00000000        0x8 ./src/sdcard.o
 .group         0x00000000        0x8 ./src/sdcard.o
 .text          0x00000000        0x0 ./src/sdcard.o
 .data          0x00000000        0x0 ./src/sdcard.o
 .bss           0x00000000        0x0 ./src/sdcard.o
 .text.SPI_Transfer
                0x00000000       0x5c ./src/sdcard.o
 .text.SD_Command
                0x00000000      0x100 ./src/sdcard.o
 .text.SD_Init  0x00000000      0x20c ./src/sdcard.o
 .text.SD_Read_Block
                0x00000000       0xd8 ./src/sdcard.o
 .text.SD_Write_Block
                0x00000000      0x110 ./src/sdcard.o
 .debug_info    0x00000000      0x200 ./src/sdcard.o
 .debug_abbrev  0x00000000       0xf2 ./src/sdcard.o
 .debug_aranges
                0x00000000       0x40 ./src/sdcard.o
 .debug_ranges  0x00000000       0x30 ./src/sdcard.o
 .debug_macro   0x00000000       0x88 ./src/sdcard.o
 .debug_macro   0x00000000      0x826 ./src/sdcard.o
 .debug_macro   0x00000000     0x19c4 ./src/sdcard.o
 .debug_macro   0x00000000       0x10 ./src/sdcard.o
 .debug_macro   0x00000000      0x12d ./src/sdcard.o
 .debug_macro   0x00000000      0x5b2 ./src/sdcard.o
 .debug_macro   0x00000000       0x22 ./src/sdcard.o
 .debug_line    0x00000000      0x207 ./src/sdcard.o
 .debug_str     0x00000000    0x1216d ./src/sdcard.o
 .comment       0x00000000       0x6f ./src/sdcard.o
 .debug_frame   0x00000000       0xd0 ./src/sdcard.o
 .ARM.attributes
                0x00000000       0x30 ./src/sdcard.o
 .group         0x00000000        0x8 ./src/sys_calls.o
 .group         0x00000000        0x8 ./src/sys_calls.o
 .group         0x00000000        0x8 ./src/sys_calls.o
 .group         0x00000000        0x8 ./src/sys_calls.o
 .text          0x00000000        0x0 ./src/sys_calls.o
 .data          0x00000000        0x0 ./src/sys_calls.o
 .bss           0x00000000        0x0 ./src/sys_calls.o
 .text.__sys_istty
                0x00000000       0x24 ./src/sys_calls.o
 .text.__sys_flen
                0x00000000       0x24 ./src/sys_calls.o
 .text.__sys_seek
                0x00000000       0x28 ./src/sys_calls.o
 .text.__sys_write
                0x00000000       0x2c ./src/sys_calls.o
 .text.__sys_appexit
                0x00000000        0xc ./src/sys_calls.o
 .debug_info    0x00000000      0x157 ./src/sys_calls.o
 .debug_abbrev  0x00000000       0x88 ./src/sys_calls.o
 .debug_aranges
                0x00000000       0x40 ./src/sys_calls.o
 .debug_ranges  0x00000000       0x30 ./src/sys_calls.o
 .debug_macro   0x00000000       0x3c ./src/sys_calls.o
 .debug_macro   0x00000000      0x826 ./src/sys_calls.o
 .debug_macro   0x00000000       0x10 ./src/sys_calls.o
 .debug_macro   0x00000000      0x12d ./src/sys_calls.o
 .debug_macro   0x00000000      0x5b2 ./src/sys_calls.o
 .debug_line    0x00000000      0x14d ./src/sys_calls.o
 .debug_str     0x00000000     0x3b22 ./src/sys_calls.o
 .comment       0x00000000       0x6f ./src/sys_calls.o
 .debug_frame   0x00000000       0xa8 ./src/sys_calls.o
 .ARM.attributes
                0x00000000       0x30 ./src/sys_calls.o
 .group         0x00000000        0x8 ./src/system_init.o
 .group         0x00000000        0x8 ./src/system_init.o
 .group         0x00000000        0x8 ./src/system_init.o
 .group         0x00000000        0x8 ./src/system_init.o
 .group         0x00000000        0x8 ./src/system_init.o
 .group         0x00000000        0x8 ./src/system_init.o
 .text          0x00000000        0x0 ./src/system_init.o
 .data          0x00000000        0x0 ./src/system_init.o
 .bss           0x00000000        0x0 ./src/system_init.o
 .text.delay_us
                0x00000000       0x54 ./src/system_init.o
 .debug_macro   0x00000000      0x826 ./src/system_init.o
 .debug_macro   0x00000000      0x387 ./src/system_init.o
 .debug_macro   0x00000000     0x19c4 ./src/system_init.o
 .debug_macro   0x00000000       0x10 ./src/system_init.o
 .debug_macro   0x00000000      0x12d ./src/system_init.o
 .debug_macro   0x00000000      0x5b2 ./src/system_init.o
 .group         0x00000000        0x8 ./src/upper_sdram.o
 .group         0x00000000        0x8 ./src/upper_sdram.o
 .group         0x00000000        0x8 ./src/upper_sdram.o
 .group         0x00000000        0x8 ./src/upper_sdram.o
 .group         0x00000000        0x8 ./src/upper_sdram.o
 .group         0x00000000        0x8 ./src/upper_sdram.o
 .group         0x00000000        0x8 ./src/upper_sdram.o
 .text          0x00000000        0x0 ./src/upper_sdram.o
 .data          0x00000000        0x0 ./src/upper_sdram.o
 .bss           0x00000000        0x0 ./src/upper_sdram.o
 .text.Upper16_Read
                0x00000000       0x50 ./src/upper_sdram.o
 .text.UpperSDRAM_ReadBlock
                0x00000000       0x88 ./src/upper_sdram.o
 .debug_macro   0x00000000      0x826 ./src/upper_sdram.o
 .debug_macro   0x00000000     0x19c4 ./src/upper_sdram.o
 .debug_macro   0x00000000       0x10 ./src/upper_sdram.o
 .debug_macro   0x00000000      0x12d ./src/upper_sdram.o
 .debug_macro   0x00000000      0x5b2 ./src/upper_sdram.o
 .debug_macro   0x00000000       0x22 ./src/upper_sdram.o
 .group         0x00000000        0x8 ./src/usbcore.o
 .group         0x00000000        0x8 ./src/usbcore.o
 .group         0x00000000        0x8 ./src/usbcore.o
 .group         0x00000000        0x8 ./src/usbcore.o
 .group         0x00000000        0x8 ./src/usbcore.o
 .group         0x00000000        0x8 ./src/usbcore.o
 .group         0x00000000        0x8 ./src/usbcore.o
 .text          0x00000000        0x0 ./src/usbcore.o
 .data          0x00000000        0x0 ./src/usbcore.o
 .bss           0x00000000        0x0 ./src/usbcore.o
 .debug_macro   0x00000000      0x826 ./src/usbcore.o
 .debug_macro   0x00000000     0x19c4 ./src/usbcore.o
 .debug_macro   0x00000000       0x10 ./src/usbcore.o
 .debug_macro   0x00000000      0x12d ./src/usbcore.o
 .debug_macro   0x00000000      0x5b2 ./src/usbcore.o
 .debug_macro   0x00000000       0x22 ./src/usbcore.o
 .debug_macro   0x00000000       0x34 ./src/usbcore.o
 .group         0x00000000        0x8 ./src/usbdesc.o
 .group         0x00000000        0x8 ./src/usbdesc.o
 .group         0x00000000        0x8 ./src/usbdesc.o
 .group         0x00000000        0x8 ./src/usbdesc.o
 .text          0x00000000        0x0 ./src/usbdesc.o
 .data          0x00000000        0x0 ./src/usbdesc.o
 .bss           0x00000000        0x0 ./src/usbdesc.o
 .debug_macro   0x00000000      0x826 ./src/usbdesc.o
 .debug_macro   0x00000000       0x10 ./src/usbdesc.o
 .debug_macro   0x00000000      0x12d ./src/usbdesc.o
 .debug_macro   0x00000000      0x5b2 ./src/usbdesc.o
 .group         0x00000000        0x8 ./src/usbhw.o
 .group         0x00000000        0x8 ./src/usbhw.o
 .group         0x00000000        0x8 ./src/usbhw.o
 .group         0x00000000        0x8 ./src/usbhw.o
 .group         0x00000000        0x8 ./src/usbhw.o
 .group         0x00000000        0x8 ./src/usbhw.o
 .group         0x00000000        0x8 ./src/usbhw.o
 .text          0x00000000        0x0 ./src/usbhw.o
 .data          0x00000000        0x0 ./src/usbhw.o
 .bss           0x00000000        0x0 ./src/usbhw.o
 .text.USB_DisableEP
                0x00000000       0x3c ./src/usbhw.o
 .debug_macro   0x00000000      0x826 ./src/usbhw.o
 .debug_macro   0x00000000     0x19c4 ./src/usbhw.o
 .debug_macro   0x00000000       0x10 ./src/usbhw.o
 .debug_macro   0x00000000      0x12d ./src/usbhw.o
 .debug_macro   0x00000000      0x5b2 ./src/usbhw.o
 .debug_macro   0x00000000       0x22 ./src/usbhw.o
 .debug_macro   0x00000000       0x34 ./src/usbhw.o
 .text          0x00000000        0x0 /usr/local/lpcxpresso_8.2.2_650/lpcxpresso/tools/bin/../lib/gcc/arm-none-eabi/5.4.1/../../../../arm-none-eabi/lib/libcr_c.a(memset.o)
 .data          0x00000000        0x0 /usr/local/lpcxpresso_8.2.2_650/lpcxpresso/tools/bin/../lib/gcc/arm-none-eabi/5.4.1/../../../../arm-none-eabi/lib/libcr_c.a(memset.o)
 .bss           0x00000000        0x0 /usr/local/lpcxpresso_8.2.2_650/lpcxpresso/tools/bin/../lib/gcc/arm-none-eabi/5.4.1/../../../../arm-none-eabi/lib/libcr_c.a(memset.o)
 .text          0x00000000        0x0 /usr/local/lpcxpresso_8.2.2_650/lpcxpresso/tools/bin/../lib/gcc/arm-none-eabi/5.4.1/../../../../arm-none-eabi/lib/libcr_c.a(__weak__main.o)
 .data          0x00000000        0x0 /usr/local/lpcxpresso_8.2.2_650/lpcxpresso/tools/bin/../lib/gcc/arm-none-eabi/5.4.1/../../../../arm-none-eabi/lib/libcr_c.a(__weak__main.o)
 .bss           0x00000000        0x0 /usr/local/lpcxpresso_8.2.2_650/lpcxpresso/tools/bin/../lib/gcc/arm-none-eabi/5.4.1/../../../../arm-none-eabi/lib/libcr_c.a(__weak__main.o)
 .text          0x00000000        0x0 /usr/local/lpcxpresso_8.2.2_650/lpcxpresso/tools/bin/../lib/gcc/arm-none-eabi/5.4.1/libcr_eabihelpers.a(rtlib.o)
 .data          0x00000000        0x0 /usr/local/lpcxpresso_8.2.2_650/lpcxpresso/tools/bin/../lib/gcc/arm-none-eabi/5.4.1/libcr_eabihelpers.a(rtlib.o)
 .bss           0x00000000        0x0 /usr/local/lpcxpresso_8.2.2_650/lpcxpresso/tools/bin/../lib/gcc/arm-none-eabi/5.4.1/libcr_eabihelpers.a(rtlib.o)
 .text.__aeabi_lmul
                0x00000000       0x20 /usr/local/lpcxpresso_8.2.2_650/lpcxpresso/tools/bin/../lib/gcc/arm-none-eabi/5.4.1/libcr_eabihelpers.a(rtlib.o)
 .text.__aeabi_llsl
                0x00000000       0x28 /usr/local/lpcxpresso_8.2.2_650/lpcxpresso/tools/bin/../lib/gcc/arm-none-eabi/5.4.1/libcr_eabihelpers.a(rtlib.o)
 .text.__aeabi_llsr
                0x00000000       0x24 /usr/local/lpcxpresso_8.2.2_650/lpcxpresso/tools/bin/../lib/gcc/arm-none-eabi/5.4.1/libcr_eabihelpers.a(rtlib.o)
 .text.__aeabi_lasr
                0x00000000       0x24 /usr/local/lpcxpresso_8.2.2_650/lpcxpresso/tools/bin/../lib/gcc/arm-none-eabi/5.4.1/libcr_eabihelpers.a(rtlib.o)
 .text.__aeabi_lcmp
                0x00000000       0x30 /usr/local/lpcxpresso_8.2.2_650/lpcxpresso/tools/bin/../lib/gcc/arm-none-eabi/5.4.1/libcr_eabihelpers.a(rtlib.o)
 .text.__aeabi_ulcmp
                0x00000000       0x30 /usr/local/lpcxpresso_8.2.2_650/lpcxpresso/tools/bin/../lib/gcc/arm-none-eabi/5.4.1/libcr_eabihelpers.a(rtlib.o)
 .text.__aeabi_uread4
                0x00000000       0x20 /usr/local/lpcxpresso_8.2.2_650/lpcxpresso/tools/bin/../lib/gcc/arm-none-eabi/5.4.1/libcr_eabihelpers.a(rtlib.o)
 .text.__aeabi_uread8
                0x00000000       0x24 /usr/local/lpcxpresso_8.2.2_650/lpcxpresso/tools/bin/../lib/gcc/arm-none-eabi/5.4.1/libcr_eabihelpers.a(rtlib.o)
 .text.__aeabi_uwrite4
                0x00000000       0x20 /usr/local/lpcxpresso_8.2.2_650/lpcxpresso/tools/bin/../lib/gcc/arm-none-eabi/5.4.1/libcr_eabihelpers.a(rtlib.o)
 .text.__aeabi_uwrite8
                0x00000000       0x34 /usr/local/lpcxpresso_8.2.2_650/lpcxpresso/tools/bin/../lib/gcc/arm-none-eabi/5.4.1/libcr_eabihelpers.a(rtlib.o)
 .text.__aeabi_memcpy
                0x00000000       0x54 /usr/local/lpcxpresso_8.2.2_650/lpcxpresso/tools/bin/../lib/gcc/arm-none-eabi/5.4.1/libcr_eabihelpers.a(rtlib.o)
 .text.__aeabi_memcpy4
                0x00000000       0x48 /usr/local/lpcxpresso_8.2.2_650/lpcxpresso/tools/bin/../lib/gcc/arm-none-eabi/5.4.1/libcr_eabihelpers.a(rtlib.o)
 .text.__aeabi_memmove
                0x00000000       0x48 /usr/local/lpcxpresso_8.2.2_650/lpcxpresso/tools/bin/../lib/gcc/arm-none-eabi/5.4.1/libcr_eabihelpers.a(rtlib.o)
 .text.__aeabi_memmove4
                0x00000000       0x48 /usr/local/lpcxpresso_8.2.2_650/lpcxpresso/tools/bin/../lib/gcc/arm-none-eabi/5.4.1/libcr_eabihelpers.a(rtlib.o)
 .text.__aeabi_memset
                0x00000000       0x40 /usr/local/lpcxpresso_8.2.2_650/lpcxpresso/tools/bin/../lib/gcc/arm-none-eabi/5.4.1/libcr_eabihelpers.a(rtlib.o)
 .text.__aeabi_memset4
                0x00000000       0x38 /usr/local/lpcxpresso_8.2.2_650/lpcxpresso/tools/bin/../lib/gcc/arm-none-eabi/5.4.1/libcr_eabihelpers.a(rtlib.o)
 .text.__aeabi_memclr
                0x00000000       0x38 /usr/local/lpcxpresso_8.2.2_650/lpcxpresso/tools/bin/../lib/gcc/arm-none-eabi/5.4.1/libcr_eabihelpers.a(rtlib.o)
 .text.__aeabi_memclr4
                0x00000000       0x34 /usr/local/lpcxpresso_8.2.2_650/lpcxpresso/tools/bin/../lib/gcc/arm-none-eabi/5.4.1/libcr_eabihelpers.a(rtlib.o)
 .text.__bhs_idivmod
                0x00000000       0x50 /usr/local/lpcxpresso_8.2.2_650/lpcxpresso/tools/bin/../lib/gcc/arm-none-eabi/5.4.1/libcr_eabihelpers.a(rtlib.o)
 .text.__aeabi_idiv
                0x00000000       0x3c /usr/local/lpcxpresso_8.2.2_650/lpcxpresso/tools/bin/../lib/gcc/arm-none-eabi/5.4.1/libcr_eabihelpers.a(rtlib.o)
 .text.__aeabi_ldiv0
                0x00000000        0x4 /usr/local/lpcxpresso_8.2.2_650/lpcxpresso/tools/bin/../lib/gcc/arm-none-eabi/5.4.1/libcr_eabihelpers.a(rtlib.o)
 .text.__bhs_uldivmod
                0x00000000      0x174 /usr/local/lpcxpresso_8.2.2_650/lpcxpresso/tools/bin/../lib/gcc/arm-none-eabi/5.4.1/libcr_eabihelpers.a(rtlib.o)
 .text.__bhs_ldivmod
                0x00000000       0x9c /usr/local/lpcxpresso_8.2.2_650/lpcxpresso/tools/bin/../lib/gcc/arm-none-eabi/5.4.1/libcr_eabihelpers.a(rtlib.o)

Memory Configuration

Name             Origin             Length             Attributes
MFlash512        0x00000000         0x00080000         xr
Ram64            0x40000000         0x00010000         xrw
RAM_ETH_16       0x7fe00000         0x00004000         xrw
RAM_USB_16       0x7fd00000         0x00004000         xrw
RAM_RTC_2        0xe0084000         0x00000800         xrw
*default*        0x00000000         0xffffffff

Linker script and memory map

LOAD ./src/SDRAM.o
LOAD ./src/cr_startup_lpc24.o
LOAD ./src/crp.o
LOAD ./src/glcd.o
LOAD ./src/main.o
LOAD ./src/sdcard.o
LOAD ./src/sys_calls.o
LOAD ./src/system_init.o
LOAD ./src/upper_sdram.o
LOAD ./src/usbcore.o
LOAD ./src/usbdesc.o
LOAD ./src/usbhw.o
START GROUP
LOAD /usr/local/lpcxpresso_8.2.2_650/lpcxpresso/tools/bin/../lib/gcc/arm-none-eabi/5.4.1/../../../../arm-none-eabi/lib/libcr_c.a
LOAD /usr/local/lpcxpresso_8.2.2_650/lpcxpresso/tools/bin/../lib/gcc/arm-none-eabi/5.4.1/libcr_eabihelpers.a
END GROUP
                0x00000000                __base_MFlash512 = 0x0
                0x00000000                __base_Flash = 0x0
                0x00080000                __top_MFlash512 = 0x80000
                0x00080000                __top_Flash = 0x80000
                0x40000000                __base_Ram64 = 0x40000000
                0x40000000                __base_RAM = 0x40000000
                0x40010000                __top_Ram64 = 0x40010000
                0x40010000                __top_RAM = 0x40010000
                0x7fe00000                __base_RAM_ETH_16 = 0x7fe00000
                0x7fe00000                __base_RAM2 = 0x7fe00000
                0x7fe04000                __top_RAM_ETH_16 = 0x7fe04000
                0x7fe04000                __top_RAM2 = 0x7fe04000
                0x7fd00000                __base_RAM_USB_16 = 0x7fd00000
                0x7fd00000                __base_RAM3 = 0x7fd00000
                0x7fd04000                __top_RAM_USB_16 = 0x7fd04000
                0x7fd04000                __top_RAM3 = 0x7fd04000
                0xe0084000                __base_RAM_RTC_2 = 0xe0084000
                0xe0084000                __base_RAM4 = 0xe0084000
                0xe0084800                __top_RAM_RTC_2 = 0xe0084800
                0xe0084800                __top_RAM4 = 0xe0084800

.text           0x00000000     0x323c
 FILL mask 0xff
                0x00000000                __vectors_start__ = ABSOLUTE (.)
 *(.isr_vector)
 .isr_vector    0x00000000      0x17c ./src/cr_startup_lpc24.o
                0x00000000                _boot
                0x00000050                _mainCRTStartup
                0x00000050                _start
                0x00000050                start
                0x0000015c                reset
                0x0000015c                _reset
                0x0000017c                . = ALIGN (0x4)
                0x0000017c                __section_table_start = .
                0x0000017c                __data_section_table = .
                0x0000017c        0x4 LONG 0x323c LOADADDR (.data)
                0x00000180        0x4 LONG 0x40000000 ADDR (.data)
                0x00000184        0x4 LONG 0x0 SIZEOF (.data)
                0x00000188        0x4 LONG 0x323c LOADADDR (.data_RAM2)
                0x0000018c        0x4 LONG 0x7fe00000 ADDR (.data_RAM2)
                0x00000190        0x4 LONG 0x0 SIZEOF (.data_RAM2)
                0x00000194        0x4 LONG 0x323c LOADADDR (.data_RAM3)
                0x00000198        0x4 LONG 0x7fd00000 ADDR (.data_RAM3)
                0x0000019c        0x4 LONG 0x0 SIZEOF (.data_RAM3)
                0x000001a0        0x4 LONG 0x323c LOADADDR (.data_RAM4)
                0x000001a4        0x4 LONG 0xe0084000 ADDR (.data_RAM4)
                0x000001a8        0x4 LONG 0x0 SIZEOF (.data_RAM4)
                0x000001ac                __data_section_table_end = .
                0x000001ac                __bss_section_table = .
                0x000001ac        0x4 LONG 0x40000000 ADDR (.bss)
                0x000001b0        0x4 LONG 0x4068 SIZEOF (.bss)
                0x000001b4        0x4 LONG 0x7fe00000 ADDR (.bss_RAM2)
                0x000001b8        0x4 LONG 0x0 SIZEOF (.bss_RAM2)
                0x000001bc        0x4 LONG 0x7fd00000 ADDR (.bss_RAM3)
                0x000001c0        0x4 LONG 0x0 SIZEOF (.bss_RAM3)
                0x000001c4        0x4 LONG 0xe0084000 ADDR (.bss_RAM4)
                0x000001c8        0x4 LONG 0x0 SIZEOF (.bss_RAM4)
                0x000001cc                __bss_section_table_end = .
                0x000001cc                __section_table_end = .
 *(.after_vectors*)
                0x000001fc                . = 0x1fc
 *fill*         0x000001cc       0x30 ff
                0x000001fc                PROVIDE (__CRP_WORD_START__, .)
 *(.crp)
 .crp           0x000001fc        0x4 ./src/crp.o
                0x000001fc                CRP_WORD
                0x00000200                PROVIDE (__CRP_WORD_END__, .)
                0x00000001                ASSERT (! ((__CRP_WORD_START__ == __CRP_WORD_END__)), Linker CRP Enabled, but no CRP_WORD provided within application)
 *(.text*)
 .text.timer_delay
                0x00000200       0x5c ./src/SDRAM.o
                0x00000200                timer_delay
 .text.SDRAM_init_32BIT
                0x0000025c      0x248 ./src/SDRAM.o
                0x0000025c                SDRAM_init_32BIT
 .text.UART0_Init
                0x000004a4      0x118 ./src/main.o
                0x000004a4                UART0_Init
 .text.UART0_SendChar
                0x000005bc       0x50 ./src/main.o
                0x000005bc                UART0_SendChar
 .text.UART0_Print
                0x0000060c       0x4c ./src/main.o
                0x0000060c                UART0_Print
 .text.UART0_PrintHex
                0x00000658       0x94 ./src/main.o
                0x00000658                UART0_PrintHex
 .text.delay_ms
                0x000006ec       0x64 ./src/main.o
                0x000006ec                delay_ms
 .text.main     0x00000750       0xa8 ./src/main.o
                0x00000750                main
 .text.delay_cycles
                0x000007f8       0x3c ./src/system_init.o
                0x000007f8                delay_cycles
 .text.PLL_Init
                0x00000834      0x118 ./src/system_init.o
                0x00000834                PLL_Init
 .text.system_Init
                0x0000094c      0xf50 ./src/system_init.o
                0x0000094c                system_Init
 .text.UpperSDRAM_Init
                0x0000189c       0x1c ./src/upper_sdram.o
                0x0000189c                UpperSDRAM_Init
 .text.Upper16_Write
                0x000018b8       0x4c ./src/upper_sdram.o
                0x000018b8                Upper16_Write
 .text.UpperSDRAM_WriteBlock
                0x00001904       0xa0 ./src/upper_sdram.o
                0x00001904                UpperSDRAM_WriteBlock
 .text.USB_EndPoint0
                0x000019a4      0x20c ./src/usbcore.o
                0x000019a4                USB_EndPoint0
 .text.BOT_Send_Next_Chunk
                0x00001bb0      0x144 ./src/usbcore.o
                0x00001bb0                BOT_Send_Next_Chunk
 .text.Process_Bulk_OUT
                0x00001cf4      0x7e0 ./src/usbcore.o
                0x00001cf4                Process_Bulk_OUT
 .text.USB_WriteCmd
                0x000024d4       0x70 ./src/usbhw.o
                0x000024d4                USB_WriteCmd
 .text.USB_WriteCmdData
                0x00002544       0x70 ./src/usbhw.o
                0x00002544                USB_WriteCmdData
 .text.USB_ReadCmdData
                0x000025b4       0xc8 ./src/usbhw.o
                0x000025b4                USB_ReadCmdData
 .text.EPAdrToPhys
                0x0000267c       0x50 ./src/usbhw.o
                0x0000267c                EPAdrToPhys
 .text.delay_s  0x000026cc       0x54 ./src/usbhw.o
                0x000026cc                delay_s
 .text.USB_Init
                0x00002720      0x160 ./src/usbhw.o
                0x00002720                USB_Init
 .text.USB_Connect
                0x00002880       0x34 ./src/usbhw.o
                0x00002880                USB_Connect
 .text.USB_SetAddress
                0x000028b4       0x34 ./src/usbhw.o
                0x000028b4                USB_SetAddress
 .text.USB_Configure
                0x000028e8       0x34 ./src/usbhw.o
                0x000028e8                USB_Configure
 .text.USB_ConfigEP
                0x0000291c       0xcc ./src/usbhw.o
                0x0000291c                USB_ConfigEP
 .text.USB_EnableEP
                0x000029e8       0x3c ./src/usbhw.o
                0x000029e8                USB_EnableEP
 .text.USB_SetStallEP
                0x00002a24       0x3c ./src/usbhw.o
                0x00002a24                USB_SetStallEP
 .text.USB_ReadEP
                0x00002a60      0x158 ./src/usbhw.o
                0x00002a60                USB_ReadEP
 .text.USB_WriteEP
                0x00002bb8      0x144 ./src/usbhw.o
                0x00002bb8                USB_WriteEP
 .text.USB_ISR  0x00002cfc      0x1b4 ./src/usbhw.o
                0x00002cfc                USB_ISR
 .text.memset   0x00002eb0       0x74 /usr/local/lpcxpresso_8.2.2_650/lpcxpresso/tools/bin/../lib/gcc/arm-none-eabi/5.4.1/../../../../arm-none-eabi/lib/libcr_c.a(memset.o)
                0x00002eb0                memset
 .text.__weak_main
                0x00002f24       0x10 /usr/local/lpcxpresso_8.2.2_650/lpcxpresso/tools/bin/../lib/gcc/arm-none-eabi/5.4.1/../../../../arm-none-eabi/lib/libcr_c.a(__weak__main.o)
                0x00002f24                __main
                0x00002f24                __weak_main
 .text.__aeabi_idiv0
                0x00002f34        0x4 /usr/local/lpcxpresso_8.2.2_650/lpcxpresso/tools/bin/../lib/gcc/arm-none-eabi/5.4.1/libcr_eabihelpers.a(rtlib.o)
                0x00002f34                __aeabi_idiv0
 .text.__bhs_uidivmod
                0x00002f38       0x9c /usr/local/lpcxpresso_8.2.2_650/lpcxpresso/tools/bin/../lib/gcc/arm-none-eabi/5.4.1/libcr_eabihelpers.a(rtlib.o)
                0x00002f38                __bhs_uidivmod
 .text.__aeabi_uidiv
                0x00002fd4       0x24 /usr/local/lpcxpresso_8.2.2_650/lpcxpresso/tools/bin/../lib/gcc/arm-none-eabi/5.4.1/libcr_eabihelpers.a(rtlib.o)
                0x00002fd4                __aeabi_uidiv
 *(.rodata .rodata.* .constdata .constdata.*)
 .rodata        0x00002ff8      0x11a ./src/main.o
 *fill*         0x00003112        0x2 ff
 .rodata.SCSI_Sense_Data
                0x00003114       0x12 ./src/usbcore.o
 *fill*         0x00003126        0x2 ff
 .rodata.SCSI_Mode_Data
                0x00003128        0x4 ./src/usbcore.o
 .rodata.SCSI_Capacity_Data
                0x0000312c        0x8 ./src/usbcore.o
                0x0000312c                SCSI_Capacity_Data
 .rodata.SCSI_Inquiry_Data
                0x00003134       0x24 ./src/usbcore.o
                0x00003134                SCSI_Inquiry_Data
 .rodata        0x00003158       0xae ./src/usbcore.o
 *fill*         0x00003206        0x2 ff
 .rodata.USB_DeviceDescriptor
                0x00003208       0x12 ./src/usbdesc.o
                0x00003208                USB_DeviceDescriptor
 *fill*         0x0000321a        0x2 ff
 .rodata.USB_ConfigDescriptor
                0x0000321c       0x20 ./src/usbdesc.o
                0x0000321c                USB_ConfigDescriptor
                0x0000323c                . = ALIGN (0x4)

.glue_7         0x0000323c        0x0
 .glue_7        0x0000323c        0x0 linker stubs

.glue_7t        0x0000323c        0x0
 .glue_7t       0x0000323c        0x0 linker stubs

.vfp11_veneer   0x0000323c        0x0
 .vfp11_veneer  0x0000323c        0x0 linker stubs

.v4_bx          0x0000323c        0x0
 .v4_bx         0x0000323c        0x0 linker stubs

.iplt           0x0000323c        0x0
 .iplt          0x0000323c        0x0 ./src/SDRAM.o

.rel.dyn        0x0000323c        0x0
 .rel.iplt      0x0000323c        0x0 ./src/SDRAM.o

.ARM.extab
 *(.ARM.extab* .gnu.linkonce.armextab.*)
                0x0000323c                __exidx_start = .

.ARM.exidx
 *(.ARM.exidx* .gnu.linkonce.armexidx.*)
                0x0000323c                __exidx_end = .
                0x0000323c                _etext = .

.data_RAM2      0x7fe00000        0x0 load address 0x0000323c
 FILL mask 0xff
                [!provide]                PROVIDE (__start_data_RAM2, .)
 *(.ramfunc.$RAM2)
 *(.ramfunc.$RAM_ETH_16)
 *(.data.$RAM2*)
 *(.data.$RAM_ETH_16*)
                0x7fe00000                . = ALIGN (0x4)
                [!provide]                PROVIDE (__end_data_RAM2, .)

.data_RAM3      0x7fd00000        0x0 load address 0x0000323c
 FILL mask 0xff
                [!provide]                PROVIDE (__start_data_RAM3, .)
 *(.ramfunc.$RAM3)
 *(.ramfunc.$RAM_USB_16)
 *(.data.$RAM3*)
 *(.data.$RAM_USB_16*)
                0x7fd00000                . = ALIGN (0x4)
                [!provide]                PROVIDE (__end_data_RAM3, .)

.data_RAM4      0xe0084000        0x0 load address 0x0000323c
 FILL mask 0xff
                [!provide]                PROVIDE (__start_data_RAM4, .)
 *(.ramfunc.$RAM4)
 *(.ramfunc.$RAM_RTC_2)
 *(.data.$RAM4*)
 *(.data.$RAM_RTC_2*)
                0xe0084000                . = ALIGN (0x4)
                [!provide]                PROVIDE (__end_data_RAM4, .)

.uninit_RESERVED
                0x40000000        0x0
 *(.bss.$RESERVED*)
                0x40000000                . = ALIGN (0x4)
                0x40000000                _end_uninit_RESERVED = .

.data           0x40000000        0x0 load address 0x0000323c
 FILL mask 0xff
                0x40000000                _data = .
 *(vtable)
 *(.ramfunc*)
 *(.data*)
                0x40000000                . = ALIGN (0x4)
                0x40000000                _edata = .

.igot.plt       0x40000000        0x0 load address 0x0000323c
 .igot.plt      0x40000000        0x0 ./src/SDRAM.o

.bss_RAM2       0x7fe00000        0x0
                [!provide]                PROVIDE (__start_bss_RAM2, .)
 *(.bss.$RAM2*)
 *(.bss.$RAM_ETH_16*)
                0x7fe00000                . = ALIGN ((. != 0x0)?0x4:0x1)
                [!provide]                PROVIDE (__end_bss_RAM2, .)

.bss_RAM3       0x7fd00000        0x0
                [!provide]                PROVIDE (__start_bss_RAM3, .)
 *(.bss.$RAM3*)
 *(.bss.$RAM_USB_16*)
                0x7fd00000                . = ALIGN ((. != 0x0)?0x4:0x1)
                [!provide]                PROVIDE (__end_bss_RAM3, .)

.bss_RAM4       0xe0084000        0x0
                [!provide]                PROVIDE (__start_bss_RAM4, .)
 *(.bss.$RAM4*)
 *(.bss.$RAM_RTC_2*)
                0xe0084000                . = ALIGN ((. != 0x0)?0x4:0x1)
                [!provide]                PROVIDE (__end_bss_RAM4, .)

.bss            0x40000000     0x4068
                0x40000000                _bss = .
 *(.bss*)
 .bss.SetupPacket
                0x40000000        0x8 ./src/usbcore.o
                0x40000000                SetupPacket
 .bss.cbw       0x40000008       0x1f ./src/usbcore.o
                0x40000008                cbw
 *fill*         0x40000027        0x1 
 .bss.csw       0x40000028        0xd ./src/usbcore.o
                0x40000028                csw
 *fill*         0x40000035        0x3 
 .bss.Bulk_Data_Ptr
                0x40000038        0x4 ./src/usbcore.o
                0x40000038                Bulk_Data_Ptr
 .bss.Bulk_Data_Len
                0x4000003c        0x4 ./src/usbcore.o
                0x4000003c                Bulk_Data_Len
 .bss.Bulk_Sending_Data
                0x40000040        0x1 ./src/usbcore.o
                0x40000040                Bulk_Sending_Data
 *fill*         0x40000041        0x3 
 .bss.Write_Data_Ptr
                0x40000044        0x4 ./src/usbcore.o
                0x40000044                Write_Data_Ptr
 .bss.Bulk_Expecting_Write_Data
                0x40000048        0x1 ./src/usbcore.o
                0x40000048                Bulk_Expecting_Write_Data
 *fill*         0x40000049        0x3 
 .bss.Expected_Transfer_Len
                0x4000004c        0x4 ./src/usbcore.o
                0x4000004c                Expected_Transfer_Len
 .bss.Actual_Transferred_Len
                0x40000050        0x4 ./src/usbcore.o
                0x40000050                Actual_Transferred_Len
 .bss.Remaining_Bytes_To_Receive
                0x40000054        0x4 ./src/usbcore.o
                0x40000054                Remaining_Bytes_To_Receive
 .bss.SDRAM_DMA_BUFFER_INTERNAL
                0x40000058     0x4000 ./src/usbcore.o
 .bss.current_target_lba
                0x40004058        0x4 ./src/usbcore.o
 .bss.usb_event_detected
                0x4000405c        0x1 ./src/usbhw.o
                0x4000405c                usb_event_detected
 *fill*         0x4000405d        0x3 
 .bss.last_disr
                0x40004060        0x4 ./src/usbhw.o
                0x40004060                last_disr
 .bss.last_episr
                0x40004064        0x4 ./src/usbhw.o
                0x40004064                last_episr
 *(COMMON)
                0x40004068                . = ALIGN (0x4)
                0x40004068                _ebss = .
                [!provide]                PROVIDE (end, .)

.noinit_RAM2    0x7fe00000        0x0
 *(.noinit.$RAM2*)
 *(.noinit.$RAM_ETH_16*)
                0x7fe00000                . = ALIGN (0x4)

.noinit_RAM3    0x7fd00000        0x0
 *(.noinit.$RAM3*)
 *(.noinit.$RAM_USB_16*)
                0x7fd00000                . = ALIGN (0x4)

.noinit_RAM4    0xe0084000        0x0
 *(.noinit.$RAM4*)
 *(.noinit.$RAM_RTC_2*)
                0xe0084000                . = ALIGN (0x4)

.noinit         0x40004068        0x0
                0x40004068                _noinit = .
 *(.noinit*)
                0x40004068                . = ALIGN (0x4)
                0x40004068                _end_noinit = .
                [!provide]                PROVIDE (_pvHeapStart, DEFINED (__user_heap_base)?__user_heap_base:.)
                0x40010000                PROVIDE (_vStackTop, DEFINED (__user_stack_top)?__user_stack_top:(__top_Ram64 - 0x0))
OUTPUT(USB_Device_Hardware.axf elf32-littlearm)

.debug_info     0x00000000     0x11d7
 .debug_info    0x00000000       0xe2 ./src/SDRAM.o
 .debug_info    0x000000e2       0x82 ./src/cr_startup_lpc24.o
 .debug_info    0x00000164       0x3f ./src/crp.o
 .debug_info    0x000001a3      0x1cf ./src/main.o
 .debug_info    0x00000372       0xf5 ./src/system_init.o
 .debug_info    0x00000467      0x229 ./src/upper_sdram.o
 .debug_info    0x00000690      0x595 ./src/usbcore.o
 .debug_info    0x00000c25       0xcb ./src/usbdesc.o
 .debug_info    0x00000cf0      0x4e7 ./src/usbhw.o

.debug_abbrev   0x00000000      0x696
 .debug_abbrev  0x00000000       0xab ./src/SDRAM.o
 .debug_abbrev  0x000000ab       0x14 ./src/cr_startup_lpc24.o
 .debug_abbrev  0x000000bf       0x36 ./src/crp.o
 .debug_abbrev  0x000000f5      0x107 ./src/main.o
 .debug_abbrev  0x000001fc       0xb8 ./src/system_init.o
 .debug_abbrev  0x000002b4       0xfe ./src/upper_sdram.o
 .debug_abbrev  0x000003b2      0x144 ./src/usbcore.o
 .debug_abbrev  0x000004f6       0x60 ./src/usbdesc.o
 .debug_abbrev  0x00000556      0x140 ./src/usbhw.o

.debug_aranges  0x00000000      0x200
 .debug_aranges
                0x00000000       0x28 ./src/SDRAM.o
 .debug_aranges
                0x00000028       0x20 ./src/cr_startup_lpc24.o
 .debug_aranges
                0x00000048       0x18 ./src/crp.o
 .debug_aranges
                0x00000060       0x48 ./src/main.o
 .debug_aranges
                0x000000a8       0x38 ./src/system_init.o
 .debug_aranges
                0x000000e0       0x40 ./src/upper_sdram.o
 .debug_aranges
                0x00000120       0x30 ./src/usbcore.o
 .debug_aranges
                0x00000150       0x18 ./src/usbdesc.o
 .debug_aranges
                0x00000168       0x98 ./src/usbhw.o

.debug_ranges   0x00000000      0x168
 .debug_ranges  0x00000000       0x18 ./src/SDRAM.o
 .debug_ranges  0x00000018       0x38 ./src/main.o
 .debug_ranges  0x00000050       0x28 ./src/system_init.o
 .debug_ranges  0x00000078       0x30 ./src/upper_sdram.o
 .debug_ranges  0x000000a8       0x38 ./src/usbcore.o
 .debug_ranges  0x000000e0       0x88 ./src/usbhw.o

.debug_macro    0x00000000     0x2ff9
 .debug_macro   0x00000000       0x5e ./src/SDRAM.o
 .debug_macro   0x0000005e      0x826 ./src/SDRAM.o
 .debug_macro   0x00000884     0x19c4 ./src/SDRAM.o
 .debug_macro   0x00002248       0x10 ./src/SDRAM.o
 .debug_macro   0x00002258      0x12d ./src/SDRAM.o
 .debug_macro   0x00002385      0x5b2 ./src/SDRAM.o
 .debug_macro   0x00002937      0x387 ./src/SDRAM.o
 .debug_macro   0x00002cbe       0x1a ./src/crp.o
 .debug_macro   0x00002cd8       0x34 ./src/crp.o
 .debug_macro   0x00002d0c       0x80 ./src/main.o
 .debug_macro   0x00002d8c       0x22 ./src/main.o
 .debug_macro   0x00002dae       0x34 ./src/main.o
 .debug_macro   0x00002de2       0x54 ./src/system_init.o
 .debug_macro   0x00002e36       0x6d ./src/upper_sdram.o
 .debug_macro   0x00002ea3       0x10 ./src/upper_sdram.o
 .debug_macro   0x00002eb3       0x99 ./src/usbcore.o
 .debug_macro   0x00002f4c       0x46 ./src/usbdesc.o
 .debug_macro   0x00002f92       0x67 ./src/usbhw.o

.debug_line     0x00000000      0xf52
 .debug_line    0x00000000      0x16e ./src/SDRAM.o
 .debug_line    0x0000016e       0xb2 ./src/cr_startup_lpc24.o
 .debug_line    0x00000220       0x7c ./src/crp.o
 .debug_line    0x0000029c      0x1f2 ./src/main.o
 .debug_line    0x0000048e      0x24d ./src/system_init.o
 .debug_line    0x000006db      0x1b1 ./src/upper_sdram.o
 .debug_line    0x0000088c      0x29e ./src/usbcore.o
 .debug_line    0x00000b2a      0x104 ./src/usbdesc.o
 .debug_line    0x00000c2e      0x324 ./src/usbhw.o

.debug_str      0x00000000    0x13c52
 .debug_str     0x00000000    0x1331d ./src/SDRAM.o
                              0x13396 (size before relaxing)
 .debug_str     0x0001331d      0x129 ./src/crp.o
                               0x243f (size before relaxing)
 .debug_str     0x00013446      0x190 ./src/main.o
                              0x134df (size before relaxing)
 .debug_str     0x000135d6       0x4d ./src/system_init.o
                              0x13398 (size before relaxing)
 .debug_str     0x00013623       0xd9 ./src/upper_sdram.o
                              0x12178 (size before relaxing)
 .debug_str     0x000136fc      0x3ab ./src/usbcore.o
                              0x12519 (size before relaxing)
 .debug_str     0x00013aa7       0x5d ./src/usbdesc.o
                               0x3b0a (size before relaxing)
 .debug_str     0x00013b04      0x14e ./src/usbhw.o
                              0x122b7 (size before relaxing)

.comment        0x00000000       0xdc
 .comment       0x00000000       0x6e ./src/SDRAM.o
                                 0x6f (size before relaxing)
 .comment       0x0000006e       0x6f ./src/crp.o
 .comment       0x0000006e       0x6f ./src/main.o
 .comment       0x0000006e       0x6f ./src/system_init.o
 .comment       0x0000006e       0x6f ./src/upper_sdram.o
 .comment       0x0000006e       0x6f ./src/usbcore.o
 .comment       0x0000006e       0x6f ./src/usbdesc.o
 .comment       0x0000006e       0x6f ./src/usbhw.o
 .comment       0x0000006e       0x6e /usr/local/lpcxpresso_8.2.2_650/lpcxpresso/tools/bin/../lib/gcc/arm-none-eabi/5.4.1/../../../../arm-none-eabi/lib/libcr_c.a(memset.o)
                                 0x6f (size before relaxing)
 .comment       0x000000dc       0x6f /usr/local/lpcxpresso_8.2.2_650/lpcxpresso/tools/bin/../lib/gcc/arm-none-eabi/5.4.1/../../../../arm-none-eabi/lib/libcr_c.a(__weak__main.o)
 .comment       0x000000dc       0x6f /usr/local/lpcxpresso_8.2.2_650/lpcxpresso/tools/bin/../lib/gcc/arm-none-eabi/5.4.1/libcr_eabihelpers.a(rtlib.o)

.ARM.attributes
                0x00000000       0x2e
 .ARM.attributes
                0x00000000       0x30 ./src/SDRAM.o
 .ARM.attributes
                0x00000030       0x20 ./src/cr_startup_lpc24.o
 .ARM.attributes
                0x00000050       0x30 ./src/crp.o
 .ARM.attributes
                0x00000080       0x30 ./src/main.o
 .ARM.attributes
                0x000000b0       0x30 ./src/system_init.o
 .ARM.attributes
                0x000000e0       0x30 ./src/upper_sdram.o
 .ARM.attributes
                0x00000110       0x30 ./src/usbcore.o
 .ARM.attributes
                0x00000140       0x30 ./src/usbdesc.o
 .ARM.attributes
                0x00000170       0x30 ./src/usbhw.o
 .ARM.attributes
                0x000001a0       0x30 /usr/local/lpcxpresso_8.2.2_650/lpcxpresso/tools/bin/../lib/gcc/arm-none-eabi/5.4.1/../../../../arm-none-eabi/lib/libcr_c.a(memset.o)
 .ARM.attributes
                0x000001d0       0x30 /usr/local/lpcxpresso_8.2.2_650/lpcxpresso/tools/bin/../lib/gcc/arm-none-eabi/5.4.1/../../../../arm-none-eabi/lib/libcr_c.a(__weak__main.o)
 .ARM.attributes
                0x00000200       0x30 /usr/local/lpcxpresso_8.2.2_650/lpcxpresso/tools/bin/../lib/gcc/arm-none-eabi/5.4.1/libcr_eabihelpers.a(rtlib.o)

.debug_frame    0x00000000      0x574
 .debug_frame   0x00000000       0x58 ./src/SDRAM.o
 .debug_frame   0x00000058       0xdc ./src/main.o
 .debug_frame   0x00000134       0x9c ./src/system_init.o
 .debug_frame   0x000001d0       0xc4 ./src/upper_sdram.o
 .debug_frame   0x00000294       0x88 ./src/usbcore.o
 .debug_frame   0x0000031c      0x258 ./src/usbhw.o
