Archive member included to satisfy reference by file (symbol)

/usr/local/lpcxpresso_8.2.2_650/lpcxpresso/tools/bin/../lib/gcc/arm-none-eabi/5.4.1/../../../../arm-none-eabi/lib/libcr_c.a(memcpy.o)
                              ./src/ethernet_tx.o (memcpy)
/usr/local/lpcxpresso_8.2.2_650/lpcxpresso/tools/bin/../lib/gcc/arm-none-eabi/5.4.1/../../../../arm-none-eabi/lib/libcr_c.a(memset.o)
                              ./src/main.o (memset)
/usr/local/lpcxpresso_8.2.2_650/lpcxpresso/tools/bin/../lib/gcc/arm-none-eabi/5.4.1/../../../../arm-none-eabi/lib/libcr_c.a(__weak__main.o)
                              ./src/cr_startup_lpc24.o (__main)
/usr/local/lpcxpresso_8.2.2_650/lpcxpresso/tools/bin/../lib/gcc/arm-none-eabi/5.4.1/../../../../arm-none-eabi/lib/libcr_c.a(strcpy.o)
                              ./src/main.o (strcpy)

Discarded input sections

 .text          0x00000000        0x0 ./src/cr_startup_lpc24.o
 .data          0x00000000        0x0 ./src/cr_startup_lpc24.o
 .bss           0x00000000        0x0 ./src/cr_startup_lpc24.o
 .group         0x00000000        0x8 ./src/crp.o
 .group         0x00000000        0x8 ./src/crp.o
 .text          0x00000000        0x0 ./src/crp.o
 .data          0x00000000        0x0 ./src/crp.o
 .bss           0x00000000        0x0 ./src/crp.o
 .group         0x00000000        0x8 ./src/ethernet.o
 .group         0x00000000        0x8 ./src/ethernet.o
 .group         0x00000000        0x8 ./src/ethernet.o
 .group         0x00000000        0x8 ./src/ethernet.o
 .group         0x00000000        0x8 ./src/ethernet.o
 .group         0x00000000        0x8 ./src/ethernet.o
 .group         0x00000000        0x8 ./src/ethernet.o
 .group         0x00000000        0x8 ./src/ethernet.o
 .text          0x00000000        0x0 ./src/ethernet.o
 .data          0x00000000        0x0 ./src/ethernet.o
 .bss           0x00000000        0x0 ./src/ethernet.o
 .debug_macro   0x00000000      0x826 ./src/ethernet.o
 .group         0x00000000        0x8 ./src/ethernet_tx.o
 .group         0x00000000        0x8 ./src/ethernet_tx.o
 .group         0x00000000        0x8 ./src/ethernet_tx.o
 .group         0x00000000        0x8 ./src/ethernet_tx.o
 .group         0x00000000        0x8 ./src/ethernet_tx.o
 .group         0x00000000        0x8 ./src/ethernet_tx.o
 .group         0x00000000        0x8 ./src/ethernet_tx.o
 .group         0x00000000        0x8 ./src/ethernet_tx.o
 .group         0x00000000        0x8 ./src/ethernet_tx.o
 .text          0x00000000        0x0 ./src/ethernet_tx.o
 .data          0x00000000        0x0 ./src/ethernet_tx.o
 .bss           0x00000000        0x0 ./src/ethernet_tx.o
 .rodata.TX_Desc
                0x00000000        0x4 ./src/ethernet_tx.o
 .rodata.TX_Stat
                0x00000000        0x4 ./src/ethernet_tx.o
 .rodata.TX_Buffer
                0x00000000        0x4 ./src/ethernet_tx.o
 .text.EMAC_TxEnable
                0x00000000       0x30 ./src/ethernet_tx.o
 .text.timer_delay
                0x00000000       0x88 ./src/ethernet_tx.o
 .debug_macro   0x00000000      0x826 ./src/ethernet_tx.o
 .debug_macro   0x00000000       0x10 ./src/ethernet_tx.o
 .debug_macro   0x00000000      0x12d ./src/ethernet_tx.o
 .debug_macro   0x00000000      0x5b2 ./src/ethernet_tx.o
 .debug_macro   0x00000000       0x22 ./src/ethernet_tx.o
 .debug_macro   0x00000000       0xe8 ./src/ethernet_tx.o
 .debug_macro   0x00000000     0x19c4 ./src/ethernet_tx.o
 .group         0x00000000        0x8 ./src/glcd.o
 .group         0x00000000        0x8 ./src/glcd.o
 .group         0x00000000        0x8 ./src/glcd.o
 .group         0x00000000        0x8 ./src/glcd.o
 .group         0x00000000        0x8 ./src/glcd.o
 .group         0x00000000        0x8 ./src/glcd.o
 .group         0x00000000        0x8 ./src/glcd.o
 .group         0x00000000        0x8 ./src/glcd.o
 .text          0x00000000        0x0 ./src/glcd.o
 .data          0x00000000        0x0 ./src/glcd.o
 .bss           0x00000000        0x0 ./src/glcd.o
 .text.GLCD_PutString
                0x00000000       0x8c ./src/glcd.o
 .debug_macro   0x00000000      0x826 ./src/glcd.o
 .debug_macro   0x00000000     0x19c4 ./src/glcd.o
 .debug_macro   0x00000000       0x10 ./src/glcd.o
 .debug_macro   0x00000000      0x12d ./src/glcd.o
 .debug_macro   0x00000000      0x5b2 ./src/glcd.o
 .debug_macro   0x00000000      0x387 ./src/glcd.o
 .group         0x00000000        0x8 ./src/main.o
 .group         0x00000000        0x8 ./src/main.o
 .group         0x00000000        0x8 ./src/main.o
 .group         0x00000000        0x8 ./src/main.o
 .group         0x00000000        0x8 ./src/main.o
 .group         0x00000000        0x8 ./src/main.o
 .group         0x00000000        0x8 ./src/main.o
 .group         0x00000000        0x8 ./src/main.o
 .group         0x00000000        0x8 ./src/main.o
 .group         0x00000000        0x8 ./src/main.o
 .group         0x00000000        0x8 ./src/main.o
 .group         0x00000000        0x8 ./src/main.o
 .text          0x00000000        0x0 ./src/main.o
 .data          0x00000000        0x0 ./src/main.o
 .bss           0x00000000        0x0 ./src/main.o
 .rodata.font5x7
                0x00000000      0x240 ./src/main.o
 .debug_macro   0x00000000      0x826 ./src/main.o
 .debug_macro   0x00000000       0x10 ./src/main.o
 .debug_macro   0x00000000      0x12d ./src/main.o
 .debug_macro   0x00000000      0x5b2 ./src/main.o
 .debug_macro   0x00000000       0x22 ./src/main.o
 .debug_macro   0x00000000     0x19c4 ./src/main.o
 .debug_macro   0x00000000      0x387 ./src/main.o
 .debug_macro   0x00000000       0x1c ./src/main.o
 .debug_macro   0x00000000       0xe8 ./src/main.o
 .debug_macro   0x00000000       0x4c ./src/main.o
 .group         0x00000000        0x8 ./src/sys_calls.o
 .group         0x00000000        0x8 ./src/sys_calls.o
 .group         0x00000000        0x8 ./src/sys_calls.o
 .group         0x00000000        0x8 ./src/sys_calls.o
 .text          0x00000000        0x0 ./src/sys_calls.o
 .data          0x00000000        0x0 ./src/sys_calls.o
 .bss           0x00000000        0x0 ./src/sys_calls.o
 .text.__sys_istty
                0x00000000       0x24 ./src/sys_calls.o
 .text.__sys_flen
                0x00000000       0x24 ./src/sys_calls.o
 .text.__sys_seek
                0x00000000       0x28 ./src/sys_calls.o
 .text.__sys_write
                0x00000000       0x2c ./src/sys_calls.o
 .text.__sys_appexit
                0x00000000        0xc ./src/sys_calls.o
 .debug_info    0x00000000      0x153 ./src/sys_calls.o
 .debug_abbrev  0x00000000       0x86 ./src/sys_calls.o
 .debug_aranges
                0x00000000       0x40 ./src/sys_calls.o
 .debug_ranges  0x00000000       0x30 ./src/sys_calls.o
 .debug_macro   0x00000000       0x3c ./src/sys_calls.o
 .debug_macro   0x00000000      0x826 ./src/sys_calls.o
 .debug_macro   0x00000000       0x10 ./src/sys_calls.o
 .debug_macro   0x00000000      0x12d ./src/sys_calls.o
 .debug_macro   0x00000000      0x5b2 ./src/sys_calls.o
 .debug_line    0x00000000      0x183 ./src/sys_calls.o
 .debug_str     0x00000000     0x3b18 ./src/sys_calls.o
 .comment       0x00000000       0x6f ./src/sys_calls.o
 .debug_frame   0x00000000       0xa8 ./src/sys_calls.o
 .ARM.attributes
                0x00000000       0x30 ./src/sys_calls.o
 .group         0x00000000        0x8 ./src/system_init.o
 .group         0x00000000        0x8 ./src/system_init.o
 .group         0x00000000        0x8 ./src/system_init.o
 .group         0x00000000        0x8 ./src/system_init.o
 .group         0x00000000        0x8 ./src/system_init.o
 .group         0x00000000        0x8 ./src/system_init.o
 .text          0x00000000        0x0 ./src/system_init.o
 .data          0x00000000        0x0 ./src/system_init.o
 .bss           0x00000000        0x0 ./src/system_init.o
 .debug_macro   0x00000000      0x826 ./src/system_init.o
 .debug_macro   0x00000000      0x387 ./src/system_init.o
 .debug_macro   0x00000000     0x19c4 ./src/system_init.o
 .debug_macro   0x00000000       0x10 ./src/system_init.o
 .debug_macro   0x00000000      0x12d ./src/system_init.o
 .debug_macro   0x00000000      0x5b2 ./src/system_init.o
 .text          0x00000000        0x0 /usr/local/lpcxpresso_8.2.2_650/lpcxpresso/tools/bin/../lib/gcc/arm-none-eabi/5.4.1/../../../../arm-none-eabi/lib/libcr_c.a(memcpy.o)
 .data          0x00000000        0x0 /usr/local/lpcxpresso_8.2.2_650/lpcxpresso/tools/bin/../lib/gcc/arm-none-eabi/5.4.1/../../../../arm-none-eabi/lib/libcr_c.a(memcpy.o)
 .bss           0x00000000        0x0 /usr/local/lpcxpresso_8.2.2_650/lpcxpresso/tools/bin/../lib/gcc/arm-none-eabi/5.4.1/../../../../arm-none-eabi/lib/libcr_c.a(memcpy.o)
 .text          0x00000000        0x0 /usr/local/lpcxpresso_8.2.2_650/lpcxpresso/tools/bin/../lib/gcc/arm-none-eabi/5.4.1/../../../../arm-none-eabi/lib/libcr_c.a(memset.o)
 .data          0x00000000        0x0 /usr/local/lpcxpresso_8.2.2_650/lpcxpresso/tools/bin/../lib/gcc/arm-none-eabi/5.4.1/../../../../arm-none-eabi/lib/libcr_c.a(memset.o)
 .bss           0x00000000        0x0 /usr/local/lpcxpresso_8.2.2_650/lpcxpresso/tools/bin/../lib/gcc/arm-none-eabi/5.4.1/../../../../arm-none-eabi/lib/libcr_c.a(memset.o)
 .text          0x00000000        0x0 /usr/local/lpcxpresso_8.2.2_650/lpcxpresso/tools/bin/../lib/gcc/arm-none-eabi/5.4.1/../../../../arm-none-eabi/lib/libcr_c.a(__weak__main.o)
 .data          0x00000000        0x0 /usr/local/lpcxpresso_8.2.2_650/lpcxpresso/tools/bin/../lib/gcc/arm-none-eabi/5.4.1/../../../../arm-none-eabi/lib/libcr_c.a(__weak__main.o)
 .bss           0x00000000        0x0 /usr/local/lpcxpresso_8.2.2_650/lpcxpresso/tools/bin/../lib/gcc/arm-none-eabi/5.4.1/../../../../arm-none-eabi/lib/libcr_c.a(__weak__main.o)
 .text          0x00000000        0x0 /usr/local/lpcxpresso_8.2.2_650/lpcxpresso/tools/bin/../lib/gcc/arm-none-eabi/5.4.1/../../../../arm-none-eabi/lib/libcr_c.a(strcpy.o)
 .data          0x00000000        0x0 /usr/local/lpcxpresso_8.2.2_650/lpcxpresso/tools/bin/../lib/gcc/arm-none-eabi/5.4.1/../../../../arm-none-eabi/lib/libcr_c.a(strcpy.o)
 .bss           0x00000000        0x0 /usr/local/lpcxpresso_8.2.2_650/lpcxpresso/tools/bin/../lib/gcc/arm-none-eabi/5.4.1/../../../../arm-none-eabi/lib/libcr_c.a(strcpy.o)

Memory Configuration

Name             Origin             Length             Attributes
MFlash512        0x00000000         0x00080000         xr
Ram64            0x40000000         0x00010000         xrw
RAM_ETH_16       0x7fe00000         0x00004000         xrw
RAM_USB_16       0x7fd00000         0x00004000         xrw
RAM_RTC_2        0xe0084000         0x00000800         xrw
*default*        0x00000000         0xffffffff

Linker script and memory map

LOAD ./src/cr_startup_lpc24.o
LOAD ./src/crp.o
LOAD ./src/ethernet.o
LOAD ./src/ethernet_tx.o
LOAD ./src/glcd.o
LOAD ./src/main.o
LOAD ./src/sys_calls.o
LOAD ./src/system_init.o
START GROUP
LOAD /usr/local/lpcxpresso_8.2.2_650/lpcxpresso/tools/bin/../lib/gcc/arm-none-eabi/5.4.1/../../../../arm-none-eabi/lib/libcr_c.a
LOAD /usr/local/lpcxpresso_8.2.2_650/lpcxpresso/tools/bin/../lib/gcc/arm-none-eabi/5.4.1/libcr_eabihelpers.a
END GROUP
                0x00000000                __base_MFlash512 = 0x0
                0x00000000                __base_Flash = 0x0
                0x00080000                __top_MFlash512 = 0x80000
                0x00080000                __top_Flash = 0x80000
                0x40000000                __base_Ram64 = 0x40000000
                0x40000000                __base_RAM = 0x40000000
                0x40010000                __top_Ram64 = 0x40010000
                0x40010000                __top_RAM = 0x40010000
                0x7fe00000                __base_RAM_ETH_16 = 0x7fe00000
                0x7fe00000                __base_RAM2 = 0x7fe00000
                0x7fe04000                __top_RAM_ETH_16 = 0x7fe04000
                0x7fe04000                __top_RAM2 = 0x7fe04000
                0x7fd00000                __base_RAM_USB_16 = 0x7fd00000
                0x7fd00000                __base_RAM3 = 0x7fd00000
                0x7fd04000                __top_RAM_USB_16 = 0x7fd04000
                0x7fd04000                __top_RAM3 = 0x7fd04000
                0xe0084000                __base_RAM_RTC_2 = 0xe0084000
                0xe0084000                __base_RAM4 = 0xe0084000
                0xe0084800                __top_RAM_RTC_2 = 0xe0084800
                0xe0084800                __top_RAM4 = 0xe0084800

.text           0x00000000     0x2b14
 FILL mask 0xff
                0x00000000                __vectors_start__ = ABSOLUTE (.)
 *(.isr_vector)
 .isr_vector    0x00000000      0x17c ./src/cr_startup_lpc24.o
                0x00000000                _boot
                0x00000050                _mainCRTStartup
                0x00000050                _start
                0x00000050                start
                0x0000015c                reset
                0x0000015c                _reset
                0x0000017c                . = ALIGN (0x4)
                0x0000017c                __section_table_start = .
                0x0000017c                __data_section_table = .
                0x0000017c        0x4 LONG 0x2b14 LOADADDR (.data)
                0x00000180        0x4 LONG 0x40000000 ADDR (.data)
                0x00000184        0x4 LONG 0x600 SIZEOF (.data)
                0x00000188        0x4 LONG 0x2b14 LOADADDR (.data_RAM2)
                0x0000018c        0x4 LONG 0x7fe00000 ADDR (.data_RAM2)
                0x00000190        0x4 LONG 0x0 SIZEOF (.data_RAM2)
                0x00000194        0x4 LONG 0x2b14 LOADADDR (.data_RAM3)
                0x00000198        0x4 LONG 0x7fd00000 ADDR (.data_RAM3)
                0x0000019c        0x4 LONG 0x0 SIZEOF (.data_RAM3)
                0x000001a0        0x4 LONG 0x2b14 LOADADDR (.data_RAM4)
                0x000001a4        0x4 LONG 0xe0084000 ADDR (.data_RAM4)
                0x000001a8        0x4 LONG 0x0 SIZEOF (.data_RAM4)
                0x000001ac                __data_section_table_end = .
                0x000001ac                __bss_section_table = .
                0x000001ac        0x4 LONG 0x40000600 ADDR (.bss)
                0x000001b0        0x4 LONG 0x4 SIZEOF (.bss)
                0x000001b4        0x4 LONG 0x7fe00000 ADDR (.bss_RAM2)
                0x000001b8        0x4 LONG 0x0 SIZEOF (.bss_RAM2)
                0x000001bc        0x4 LONG 0x7fd00000 ADDR (.bss_RAM3)
                0x000001c0        0x4 LONG 0x0 SIZEOF (.bss_RAM3)
                0x000001c4        0x4 LONG 0xe0084000 ADDR (.bss_RAM4)
                0x000001c8        0x4 LONG 0x0 SIZEOF (.bss_RAM4)
                0x000001cc                __bss_section_table_end = .
                0x000001cc                __section_table_end = .
 *(.after_vectors*)
                0x000001fc                . = 0x1fc
 *fill*         0x000001cc       0x30 ff
                0x000001fc                PROVIDE (__CRP_WORD_START__, .)
 *(.crp)
 .crp           0x000001fc        0x4 ./src/crp.o
                0x000001fc                CRP_WORD
                0x00000200                PROVIDE (__CRP_WORD_END__, .)
                0x00000001                ASSERT (! ((__CRP_WORD_START__ == __CRP_WORD_END__)), Linker CRP Enabled, but no CRP_WORD provided within application)
 *(.text*)
 .text.Eth_InitPins
                0x00000200       0x78 ./src/ethernet.o
 .text.Eth_WritePHY
                0x00000278       0x6c ./src/ethernet.o
                0x00000278                Eth_WritePHY
 .text.Eth_ReadPHY
                0x000002e4       0x74 ./src/ethernet.o
                0x000002e4                Eth_ReadPHY
 .text.Eth_Init
                0x00000358      0x228 ./src/ethernet.o
                0x00000358                Eth_Init
 .text.EMAC_TxInit
                0x00000580       0xe0 ./src/ethernet_tx.o
                0x00000580                EMAC_TxInit
 .text.EMAC_SendPacket
                0x00000660       0xf8 ./src/ethernet_tx.o
                0x00000660                EMAC_SendPacket
 .text.SW2_Keypad_Init
                0x00000758       0x84 ./src/ethernet_tx.o
                0x00000758                SW2_Keypad_Init
 .text.SW2_Pressed
                0x000007dc       0x6c ./src/ethernet_tx.o
                0x000007dc                SW2_Pressed
 .text.SW6_Keypad_Init
                0x00000848       0x84 ./src/ethernet_tx.o
                0x00000848                SW6_Keypad_Init
 .text.SW6_Pressed
                0x000008cc       0x6c ./src/ethernet_tx.o
                0x000008cc                SW6_Pressed
 .text.Timer0_irq
                0x00000938       0x40 ./src/ethernet_tx.o
                0x00000938                Timer0_irq
 .text.Timer0_init
                0x00000978       0xcc ./src/ethernet_tx.o
                0x00000978                Timer0_init
 .text.SW10_Keypad_Init
                0x00000a44       0x80 ./src/ethernet_tx.o
                0x00000a44                SW10_Keypad_Init
 .text.SW10_Pressed
                0x00000ac4       0x6c ./src/ethernet_tx.o
                0x00000ac4                SW10_Pressed
 .text.SW14_Keypad_Init
                0x00000b30       0x80 ./src/ethernet_tx.o
                0x00000b30                SW14_Keypad_Init
 .text.SW14_Pressed
                0x00000bb0       0x6c ./src/ethernet_tx.o
                0x00000bb0                SW14_Pressed
 .text.cs_none  0x00000c1c       0x48 ./src/glcd.o
 .text.cs_left  0x00000c64       0x48 ./src/glcd.o
 .text.cs_right
                0x00000cac       0x48 ./src/glcd.o
 .text.cs_both  0x00000cf4       0x48 ./src/glcd.o
 .text.glcd_set_data
                0x00000d3c      0x128 ./src/glcd.o
 .text.glcd_enable_pulse
                0x00000e64       0x58 ./src/glcd.o
 .text.glcd_write
                0x00000ebc       0xd8 ./src/glcd.o
 .text.GLCD_Init
                0x00000f94       0xb0 ./src/glcd.o
                0x00000f94                GLCD_Init
 .text.GLCD_Clear
                0x00001044      0x148 ./src/glcd.o
                0x00001044                GLCD_Clear
 .text.GLCD_SetXY
                0x0000118c      0x11c ./src/glcd.o
                0x0000118c                GLCD_SetXY
 .text.GLCD_PutChar
                0x000012a8      0x1f0 ./src/glcd.o
                0x000012a8                GLCD_PutChar
 .text.GLCD_RowWriteMargin
                0x00001498      0x134 ./src/glcd.o
                0x00001498                GLCD_RowWriteMargin
 .text.Delay1Sec
                0x000015cc       0x4c ./src/main.o
                0x000015cc                Delay1Sec
 .text.Delay2Sec
                0x00001618       0x4c ./src/main.o
                0x00001618                Delay2Sec
 .text.main     0x00001664      0x37c ./src/main.o
                0x00001664                main
 .text.delay_us
                0x000019e0       0x54 ./src/system_init.o
                0x000019e0                delay_us
 .text.delay_cycles
                0x00001a34       0x3c ./src/system_init.o
                0x00001a34                delay_cycles
 .text.PLL_Init
                0x00001a70      0x124 ./src/system_init.o
                0x00001a70                PLL_Init
 .text.system_Init
                0x00001b94      0x9f8 ./src/system_init.o
                0x00001b94                system_Init
 .text.memcpy   0x0000258c       0x4c /usr/local/lpcxpresso_8.2.2_650/lpcxpresso/tools/bin/../lib/gcc/arm-none-eabi/5.4.1/../../../../arm-none-eabi/lib/libcr_c.a(memcpy.o)
                0x0000258c                memcpy
 .text.memset   0x000025d8       0x74 /usr/local/lpcxpresso_8.2.2_650/lpcxpresso/tools/bin/../lib/gcc/arm-none-eabi/5.4.1/../../../../arm-none-eabi/lib/libcr_c.a(memset.o)
                0x000025d8                memset
 .text.__weak_main
                0x0000264c       0x10 /usr/local/lpcxpresso_8.2.2_650/lpcxpresso/tools/bin/../lib/gcc/arm-none-eabi/5.4.1/../../../../arm-none-eabi/lib/libcr_c.a(__weak__main.o)
                0x0000264c                __main
                0x0000264c                __weak_main
 .text.strcpy   0x0000265c       0x7c /usr/local/lpcxpresso_8.2.2_650/lpcxpresso/tools/bin/../lib/gcc/arm-none-eabi/5.4.1/../../../../arm-none-eabi/lib/libcr_c.a(strcpy.o)
                0x0000265c                strcpy
 *(.rodata .rodata.* .constdata .constdata.*)
 .rodata.font5x7
                0x000026d8      0x240 ./src/glcd.o
 .rodata        0x00002918      0x1f9 ./src/main.o
                0x00002b14                . = ALIGN (0x4)
 *fill*         0x00002b11        0x3 ff

.glue_7         0x00002b14        0x0
 .glue_7        0x00002b14        0x0 linker stubs

.glue_7t        0x00002b14        0x0
 .glue_7t       0x00002b14        0x0 linker stubs

.vfp11_veneer   0x00002b14        0x0
 .vfp11_veneer  0x00002b14        0x0 linker stubs

.v4_bx          0x00002b14        0x0
 .v4_bx         0x00002b14        0x0 linker stubs

.iplt           0x00002b14        0x0
 .iplt          0x00002b14        0x0 ./src/cr_startup_lpc24.o

.rel.dyn        0x00002b14        0x0
 .rel.iplt      0x00002b14        0x0 ./src/cr_startup_lpc24.o

.ARM.extab
 *(.ARM.extab* .gnu.linkonce.armextab.*)
                0x00002b14                __exidx_start = .

.ARM.exidx
 *(.ARM.exidx* .gnu.linkonce.armexidx.*)
                0x00002b14                __exidx_end = .
                0x00002b14                _etext = .

.data_RAM2      0x7fe00000        0x0 load address 0x00002b14
 FILL mask 0xff
                [!provide]                PROVIDE (__start_data_RAM2, .)
 *(.ramfunc.$RAM2)
 *(.ramfunc.$RAM_ETH_16)
 *(.data.$RAM2*)
 *(.data.$RAM_ETH_16*)
                0x7fe00000                . = ALIGN (0x4)
                [!provide]                PROVIDE (__end_data_RAM2, .)

.data_RAM3      0x7fd00000        0x0 load address 0x00002b14
 FILL mask 0xff
                [!provide]                PROVIDE (__start_data_RAM3, .)
 *(.ramfunc.$RAM3)
 *(.ramfunc.$RAM_USB_16)
 *(.data.$RAM3*)
 *(.data.$RAM_USB_16*)
                0x7fd00000                . = ALIGN (0x4)
                [!provide]                PROVIDE (__end_data_RAM3, .)

.data_RAM4      0xe0084000        0x0 load address 0x00002b14
 FILL mask 0xff
                [!provide]                PROVIDE (__start_data_RAM4, .)
 *(.ramfunc.$RAM4)
 *(.ramfunc.$RAM_RTC_2)
 *(.data.$RAM4*)
 *(.data.$RAM_RTC_2*)
                0xe0084000                . = ALIGN (0x4)
                [!provide]                PROVIDE (__end_data_RAM4, .)

.uninit_RESERVED
                0x40000000        0x0
 *(.bss.$RESERVED*)
                0x40000000                . = ALIGN (0x4)
                0x40000000                _end_uninit_RESERVED = .

.data           0x40000000      0x600 load address 0x00002b14
 FILL mask 0xff
                0x40000000                _data = .
 *(vtable)
 *(.ramfunc*)
 *(.data*)
 .data.broadcast_frame
                0x40000000      0x600 ./src/main.o
                0x40000000                broadcast_frame
                0x40000600                . = ALIGN (0x4)
                0x40000600                _edata = .

.igot.plt       0x40000600        0x0 load address 0x00003114
 .igot.plt      0x40000600        0x0 ./src/cr_startup_lpc24.o

.bss_RAM2       0x7fe00000        0x0
                [!provide]                PROVIDE (__start_bss_RAM2, .)
 *(.bss.$RAM2*)
 *(.bss.$RAM_ETH_16*)
                0x7fe00000                . = ALIGN ((. != 0x0)?0x4:0x1)
                [!provide]                PROVIDE (__end_bss_RAM2, .)

.bss_RAM3       0x7fd00000        0x0
                [!provide]                PROVIDE (__start_bss_RAM3, .)
 *(.bss.$RAM3*)
 *(.bss.$RAM_USB_16*)
                0x7fd00000                . = ALIGN ((. != 0x0)?0x4:0x1)
                [!provide]                PROVIDE (__end_bss_RAM3, .)

.bss_RAM4       0xe0084000        0x0
                [!provide]                PROVIDE (__start_bss_RAM4, .)
 *(.bss.$RAM4*)
 *(.bss.$RAM_RTC_2*)
                0xe0084000                . = ALIGN ((. != 0x0)?0x4:0x1)
                [!provide]                PROVIDE (__end_bss_RAM4, .)

.bss            0x40000600        0x4
                0x40000600                _bss = .
 *(.bss*)
 .bss.timer_cnt
                0x40000600        0x4 ./src/ethernet_tx.o
                0x40000600                timer_cnt
 *(COMMON)
                0x40000604                . = ALIGN (0x4)
                0x40000604                _ebss = .
                [!provide]                PROVIDE (end, .)

.noinit_RAM2    0x7fe00000        0x0
 *(.noinit.$RAM2*)
 *(.noinit.$RAM_ETH_16*)
                0x7fe00000                . = ALIGN (0x4)

.noinit_RAM3    0x7fd00000        0x0
 *(.noinit.$RAM3*)
 *(.noinit.$RAM_USB_16*)
                0x7fd00000                . = ALIGN (0x4)

.noinit_RAM4    0xe0084000        0x0
 *(.noinit.$RAM4*)
 *(.noinit.$RAM_RTC_2*)
                0xe0084000                . = ALIGN (0x4)

.noinit         0x40000604        0x0
                0x40000604                _noinit = .
 *(.noinit*)
                0x40000604                . = ALIGN (0x4)
                0x40000604                _end_noinit = .
                [!provide]                PROVIDE (_pvHeapStart, DEFINED (__user_heap_base)?__user_heap_base:.)
                0x40010000                PROVIDE (_vStackTop, DEFINED (__user_stack_top)?__user_stack_top:(__top_Ram64 - 0x0))
OUTPUT(Ethernet_Tx.axf elf32-littlearm)

.ARM.attributes
                0x00000000       0x2c
 .ARM.attributes
                0x00000000       0x20 ./src/cr_startup_lpc24.o
 .ARM.attributes
                0x00000020       0x30 ./src/crp.o
 .ARM.attributes
                0x00000050       0x30 ./src/ethernet.o
 .ARM.attributes
                0x00000080       0x30 ./src/ethernet_tx.o
 .ARM.attributes
                0x000000b0       0x30 ./src/glcd.o
 .ARM.attributes
                0x000000e0       0x30 ./src/main.o
 .ARM.attributes
                0x00000110       0x30 ./src/system_init.o
 .ARM.attributes
                0x00000140       0x30 /usr/local/lpcxpresso_8.2.2_650/lpcxpresso/tools/bin/../lib/gcc/arm-none-eabi/5.4.1/../../../../arm-none-eabi/lib/libcr_c.a(memcpy.o)
 .ARM.attributes
                0x00000170       0x30 /usr/local/lpcxpresso_8.2.2_650/lpcxpresso/tools/bin/../lib/gcc/arm-none-eabi/5.4.1/../../../../arm-none-eabi/lib/libcr_c.a(memset.o)
 .ARM.attributes
                0x000001a0       0x30 /usr/local/lpcxpresso_8.2.2_650/lpcxpresso/tools/bin/../lib/gcc/arm-none-eabi/5.4.1/../../../../arm-none-eabi/lib/libcr_c.a(__weak__main.o)
 .ARM.attributes
                0x000001d0       0x30 /usr/local/lpcxpresso_8.2.2_650/lpcxpresso/tools/bin/../lib/gcc/arm-none-eabi/5.4.1/../../../../arm-none-eabi/lib/libcr_c.a(strcpy.o)

.comment        0x00000000       0xdc
 .comment       0x00000000       0x6e ./src/crp.o
                                 0x6f (size before relaxing)
 .comment       0x0000006e       0x6f ./src/ethernet.o
 .comment       0x0000006e       0x6f ./src/ethernet_tx.o
 .comment       0x0000006e       0x6f ./src/glcd.o
 .comment       0x0000006e       0x6f ./src/main.o
 .comment       0x0000006e       0x6f ./src/system_init.o
 .comment       0x0000006e       0x6e /usr/local/lpcxpresso_8.2.2_650/lpcxpresso/tools/bin/../lib/gcc/arm-none-eabi/5.4.1/../../../../arm-none-eabi/lib/libcr_c.a(memcpy.o)
                                 0x6f (size before relaxing)
 .comment       0x000000dc       0x6f /usr/local/lpcxpresso_8.2.2_650/lpcxpresso/tools/bin/../lib/gcc/arm-none-eabi/5.4.1/../../../../arm-none-eabi/lib/libcr_c.a(memset.o)
 .comment       0x000000dc       0x6f /usr/local/lpcxpresso_8.2.2_650/lpcxpresso/tools/bin/../lib/gcc/arm-none-eabi/5.4.1/../../../../arm-none-eabi/lib/libcr_c.a(__weak__main.o)
 .comment       0x000000dc       0x6f /usr/local/lpcxpresso_8.2.2_650/lpcxpresso/tools/bin/../lib/gcc/arm-none-eabi/5.4.1/../../../../arm-none-eabi/lib/libcr_c.a(strcpy.o)

.debug_line     0x00000000      0xd8b
 .debug_line    0x00000000       0xb2 ./src/cr_startup_lpc24.o
 .debug_line    0x000000b2       0x7c ./src/crp.o
 .debug_line    0x0000012e      0x1e3 ./src/ethernet.o
 .debug_line    0x00000311      0x2b7 ./src/ethernet_tx.o
 .debug_line    0x000005c8      0x358 ./src/glcd.o
 .debug_line    0x00000920      0x22e ./src/main.o
 .debug_line    0x00000b4e      0x23d ./src/system_init.o

.debug_info     0x00000000     0x12df
 .debug_info    0x00000000       0x85 ./src/cr_startup_lpc24.o
 .debug_info    0x00000085       0x3f ./src/crp.o
 .debug_info    0x000000c4      0x466 ./src/ethernet.o
 .debug_info    0x0000052a      0x651 ./src/ethernet_tx.o
 .debug_info    0x00000b7b      0x39d ./src/glcd.o
 .debug_info    0x00000f18      0x2d6 ./src/main.o
 .debug_info    0x000011ee       0xf1 ./src/system_init.o

.debug_abbrev   0x00000000      0x5d7
 .debug_abbrev  0x00000000       0x14 ./src/cr_startup_lpc24.o
 .debug_abbrev  0x00000014       0x36 ./src/crp.o
 .debug_abbrev  0x0000004a      0x12b ./src/ethernet.o
 .debug_abbrev  0x00000175      0x164 ./src/ethernet_tx.o
 .debug_abbrev  0x000002d9      0x13a ./src/glcd.o
 .debug_abbrev  0x00000413      0x10e ./src/main.o
 .debug_abbrev  0x00000521       0xb6 ./src/system_init.o

.debug_aranges  0x00000000      0x1e0
 .debug_aranges
                0x00000000       0x20 ./src/cr_startup_lpc24.o
 .debug_aranges
                0x00000020       0x18 ./src/crp.o
 .debug_aranges
                0x00000038       0x38 ./src/ethernet.o
 .debug_aranges
                0x00000070       0x88 ./src/ethernet_tx.o
 .debug_aranges
                0x000000f8       0x80 ./src/glcd.o
 .debug_aranges
                0x00000178       0x30 ./src/main.o
 .debug_aranges
                0x000001a8       0x38 ./src/system_init.o

.debug_macro    0x00000000     0x3271
 .debug_macro   0x00000000       0x1a ./src/crp.o
 .debug_macro   0x0000001a      0x826 ./src/crp.o
 .debug_macro   0x00000840       0x34 ./src/crp.o
 .debug_macro   0x00000874       0x82 ./src/ethernet.o
 .debug_macro   0x000008f6     0x19c4 ./src/ethernet.o
 .debug_macro   0x000022ba       0x10 ./src/ethernet.o
 .debug_macro   0x000022ca      0x12d ./src/ethernet.o
 .debug_macro   0x000023f7      0x5b2 ./src/ethernet.o
 .debug_macro   0x000029a9       0x22 ./src/ethernet.o
 .debug_macro   0x000029cb       0xe8 ./src/ethernet.o
 .debug_macro   0x00002ab3       0x52 ./src/ethernet.o
 .debug_macro   0x00002b05       0x89 ./src/ethernet_tx.o
 .debug_macro   0x00002b8e       0x4c ./src/ethernet_tx.o
 .debug_macro   0x00002bda      0x387 ./src/ethernet_tx.o
 .debug_macro   0x00002f61       0xa4 ./src/glcd.o
 .debug_macro   0x00003005       0xa0 ./src/glcd.o
 .debug_macro   0x000030a5       0x1c ./src/glcd.o
 .debug_macro   0x000030c1       0xb2 ./src/main.o
 .debug_macro   0x00003173       0x9a ./src/main.o
 .debug_macro   0x0000320d       0x10 ./src/main.o
 .debug_macro   0x0000321d       0x54 ./src/system_init.o

.debug_str      0x00000000    0x142a9
 .debug_str     0x00000000     0x2435 ./src/crp.o
                               0x2442 (size before relaxing)
 .debug_str     0x00002435    0x10452 ./src/ethernet.o
                              0x12824 (size before relaxing)
 .debug_str     0x00012887     0x14c8 ./src/ethernet_tx.o
                              0x13bf5 (size before relaxing)
 .debug_str     0x00013d4f      0x449 ./src/glcd.o
                              0x137c7 (size before relaxing)
 .debug_str     0x00014198       0x8e ./src/main.o
                              0x13c58 (size before relaxing)
 .debug_str     0x00014226       0x83 ./src/system_init.o
                              0x13390 (size before relaxing)

.debug_ranges   0x00000000      0x158
 .debug_ranges  0x00000000       0x28 ./src/ethernet.o
 .debug_ranges  0x00000028       0x78 ./src/ethernet_tx.o
 .debug_ranges  0x000000a0       0x70 ./src/glcd.o
 .debug_ranges  0x00000110       0x20 ./src/main.o
 .debug_ranges  0x00000130       0x28 ./src/system_init.o

.debug_frame    0x00000000      0x578
 .debug_frame   0x00000000       0x98 ./src/ethernet.o
 .debug_frame   0x00000098      0x1f0 ./src/ethernet_tx.o
 .debug_frame   0x00000288      0x1e8 ./src/glcd.o
 .debug_frame   0x00000470       0x6c ./src/main.o
 .debug_frame   0x000004dc       0x9c ./src/system_init.o
