Archive member included to satisfy reference by file (symbol)

/usr/local/lpcxpresso_8.2.2_650/lpcxpresso/tools/bin/../lib/gcc/arm-none-eabi/5.4.1/../../../../arm-none-eabi/lib/libcr_c.a(memcpy.o)
                              ./src/ethernet_tx.o (memcpy)
/usr/local/lpcxpresso_8.2.2_650/lpcxpresso/tools/bin/../lib/gcc/arm-none-eabi/5.4.1/../../../../arm-none-eabi/lib/libcr_c.a(__weak__main.o)
                              ./src/cr_startup_lpc24.o (__main)
/usr/local/lpcxpresso_8.2.2_650/lpcxpresso/tools/bin/../lib/gcc/arm-none-eabi/5.4.1/../../../../arm-none-eabi/lib/libcr_c.a(strcpy.o)
                              ./src/main.o (strcpy)

Discarded input sections

 .text          0x00000000        0x0 ./src/cr_startup_lpc24.o
 .data          0x00000000        0x0 ./src/cr_startup_lpc24.o
 .bss           0x00000000        0x0 ./src/cr_startup_lpc24.o
 .group         0x00000000        0x8 ./src/crp.o
 .group         0x00000000        0x8 ./src/crp.o
 .text          0x00000000        0x0 ./src/crp.o
 .data          0x00000000        0x0 ./src/crp.o
 .bss           0x00000000        0x0 ./src/crp.o
 .group         0x00000000        0x8 ./src/ethernet.o
 .group         0x00000000        0x8 ./src/ethernet.o
 .group         0x00000000        0x8 ./src/ethernet.o
 .group         0x00000000        0x8 ./src/ethernet.o
 .group         0x00000000        0x8 ./src/ethernet.o
 .group         0x00000000        0x8 ./src/ethernet.o
 .group         0x00000000        0x8 ./src/ethernet.o
 .group         0x00000000        0x8 ./src/ethernet.o
 .text          0x00000000        0x0 ./src/ethernet.o
 .data          0x00000000        0x0 ./src/ethernet.o
 .bss           0x00000000        0x0 ./src/ethernet.o
 .debug_macro   0x00000000      0x826 ./src/ethernet.o
 .group         0x00000000        0x8 ./src/ethernet_tx.o
 .group         0x00000000        0x8 ./src/ethernet_tx.o
 .group         0x00000000        0x8 ./src/ethernet_tx.o
 .group         0x00000000        0x8 ./src/ethernet_tx.o
 .group         0x00000000        0x8 ./src/ethernet_tx.o
 .group         0x00000000        0x8 ./src/ethernet_tx.o
 .group         0x00000000        0x8 ./src/ethernet_tx.o
 .group         0x00000000        0x8 ./src/ethernet_tx.o
 .group         0x00000000        0x8 ./src/ethernet_tx.o
 .text          0x00000000        0x0 ./src/ethernet_tx.o
 .data          0x00000000        0x0 ./src/ethernet_tx.o
 .bss           0x00000000        0x0 ./src/ethernet_tx.o
 .rodata.TX_Desc
                0x00000000        0x4 ./src/ethernet_tx.o
 .rodata.TX_Stat
                0x00000000        0x4 ./src/ethernet_tx.o
 .rodata.TX_Buffer
                0x00000000        0x4 ./src/ethernet_tx.o
 .text.EMAC_TxEnable
                0x00000000       0x30 ./src/ethernet_tx.o
 .text.SW6_Keypad_Init
                0x00000000       0x84 ./src/ethernet_tx.o
 .text.timer_delay
                0x00000000       0x88 ./src/ethernet_tx.o
 .debug_macro   0x00000000      0x826 ./src/ethernet_tx.o
 .debug_macro   0x00000000       0x10 ./src/ethernet_tx.o
 .debug_macro   0x00000000      0x12d ./src/ethernet_tx.o
 .debug_macro   0x00000000      0x5b2 ./src/ethernet_tx.o
 .debug_macro   0x00000000       0x22 ./src/ethernet_tx.o
 .debug_macro   0x00000000       0xe8 ./src/ethernet_tx.o
 .debug_macro   0x00000000     0x19c4 ./src/ethernet_tx.o
 .group         0x00000000        0x8 ./src/glcd.o
 .group         0x00000000        0x8 ./src/glcd.o
 .group         0x00000000        0x8 ./src/glcd.o
 .group         0x00000000        0x8 ./src/glcd.o
 .group         0x00000000        0x8 ./src/glcd.o
 .group         0x00000000        0x8 ./src/glcd.o
 .group         0x00000000        0x8 ./src/glcd.o
 .group         0x00000000        0x8 ./src/glcd.o
 .text          0x00000000        0x0 ./src/glcd.o
 .data          0x00000000        0x0 ./src/glcd.o
 .bss           0x00000000        0x0 ./src/glcd.o
 .text.GLCD_PutString
                0x00000000       0x8c ./src/glcd.o
 .debug_macro   0x00000000      0x826 ./src/glcd.o
 .debug_macro   0x00000000     0x19c4 ./src/glcd.o
 .debug_macro   0x00000000       0x10 ./src/glcd.o
 .debug_macro   0x00000000      0x12d ./src/glcd.o
 .debug_macro   0x00000000      0x5b2 ./src/glcd.o
 .debug_macro   0x00000000      0x387 ./src/glcd.o
 .group         0x00000000        0x8 ./src/main.o
 .group         0x00000000        0x8 ./src/main.o
 .group         0x00000000        0x8 ./src/main.o
 .group         0x00000000        0x8 ./src/main.o
 .group         0x00000000        0x8 ./src/main.o
 .group         0x00000000        0x8 ./src/main.o
 .group         0x00000000        0x8 ./src/main.o
 .group         0x00000000        0x8 ./src/main.o
 .group         0x00000000        0x8 ./src/main.o
 .group         0x00000000        0x8 ./src/main.o
 .group         0x00000000        0x8 ./src/main.o
 .group         0x00000000        0x8 ./src/main.o
 .text          0x00000000        0x0 ./src/main.o
 .data          0x00000000        0x0 ./src/main.o
 .bss           0x00000000        0x0 ./src/main.o
 .rodata.font5x7
                0x00000000      0x240 ./src/main.o
 .debug_macro   0x00000000      0x826 ./src/main.o
 .debug_macro   0x00000000       0x10 ./src/main.o
 .debug_macro   0x00000000      0x12d ./src/main.o
 .debug_macro   0x00000000      0x5b2 ./src/main.o
 .debug_macro   0x00000000       0x22 ./src/main.o
 .debug_macro   0x00000000     0x19c4 ./src/main.o
 .debug_macro   0x00000000      0x387 ./src/main.o
 .debug_macro   0x00000000       0x1c ./src/main.o
 .debug_macro   0x00000000       0xe8 ./src/main.o
 .debug_macro   0x00000000       0x34 ./src/main.o
 .group         0x00000000        0x8 ./src/sys_calls.o
 .group         0x00000000        0x8 ./src/sys_calls.o
 .group         0x00000000        0x8 ./src/sys_calls.o
 .group         0x00000000        0x8 ./src/sys_calls.o
 .text          0x00000000        0x0 ./src/sys_calls.o
 .data          0x00000000        0x0 ./src/sys_calls.o
 .bss           0x00000000        0x0 ./src/sys_calls.o
 .text.__sys_istty
                0x00000000       0x24 ./src/sys_calls.o
 .text.__sys_flen
                0x00000000       0x24 ./src/sys_calls.o
 .text.__sys_seek
                0x00000000       0x28 ./src/sys_calls.o
 .text.__sys_write
                0x00000000       0x2c ./src/sys_calls.o
 .text.__sys_appexit
                0x00000000        0xc ./src/sys_calls.o
 .debug_info    0x00000000      0x153 ./src/sys_calls.o
 .debug_abbrev  0x00000000       0x86 ./src/sys_calls.o
 .debug_aranges
                0x00000000       0x40 ./src/sys_calls.o
 .debug_ranges  0x00000000       0x30 ./src/sys_calls.o
 .debug_macro   0x00000000       0x3c ./src/sys_calls.o
 .debug_macro   0x00000000      0x826 ./src/sys_calls.o
 .debug_macro   0x00000000       0x10 ./src/sys_calls.o
 .debug_macro   0x00000000      0x12d ./src/sys_calls.o
 .debug_macro   0x00000000      0x5b2 ./src/sys_calls.o
 .debug_line    0x00000000      0x183 ./src/sys_calls.o
 .debug_str     0x00000000     0x3b18 ./src/sys_calls.o
 .comment       0x00000000       0x6f ./src/sys_calls.o
 .debug_frame   0x00000000       0xa8 ./src/sys_calls.o
 .ARM.attributes
                0x00000000       0x30 ./src/sys_calls.o
 .group         0x00000000        0x8 ./src/system_init.o
 .group         0x00000000        0x8 ./src/system_init.o
 .group         0x00000000        0x8 ./src/system_init.o
 .group         0x00000000        0x8 ./src/system_init.o
 .group         0x00000000        0x8 ./src/system_init.o
 .group         0x00000000        0x8 ./src/system_init.o
 .text          0x00000000        0x0 ./src/system_init.o
 .data          0x00000000        0x0 ./src/system_init.o
 .bss           0x00000000        0x0 ./src/system_init.o
 .debug_macro   0x00000000      0x826 ./src/system_init.o
 .debug_macro   0x00000000      0x387 ./src/system_init.o
 .debug_macro   0x00000000     0x19c4 ./src/system_init.o
 .debug_macro   0x00000000       0x10 ./src/system_init.o
 .debug_macro   0x00000000      0x12d ./src/system_init.o
 .debug_macro   0x00000000      0x5b2 ./src/system_init.o
 .text          0x00000000        0x0 /usr/local/lpcxpresso_8.2.2_650/lpcxpresso/tools/bin/../lib/gcc/arm-none-eabi/5.4.1/../../../../arm-none-eabi/lib/libcr_c.a(memcpy.o)
 .data          0x00000000        0x0 /usr/local/lpcxpresso_8.2.2_650/lpcxpresso/tools/bin/../lib/gcc/arm-none-eabi/5.4.1/../../../../arm-none-eabi/lib/libcr_c.a(memcpy.o)
 .bss           0x00000000        0x0 /usr/local/lpcxpresso_8.2.2_650/lpcxpresso/tools/bin/../lib/gcc/arm-none-eabi/5.4.1/../../../../arm-none-eabi/lib/libcr_c.a(memcpy.o)
 .text          0x00000000        0x0 /usr/local/lpcxpresso_8.2.2_650/lpcxpresso/tools/bin/../lib/gcc/arm-none-eabi/5.4.1/../../../../arm-none-eabi/lib/libcr_c.a(__weak__main.o)
 .data          0x00000000        0x0 /usr/local/lpcxpresso_8.2.2_650/lpcxpresso/tools/bin/../lib/gcc/arm-none-eabi/5.4.1/../../../../arm-none-eabi/lib/libcr_c.a(__weak__main.o)
 .bss           0x00000000        0x0 /usr/local/lpcxpresso_8.2.2_650/lpcxpresso/tools/bin/../lib/gcc/arm-none-eabi/5.4.1/../../../../arm-none-eabi/lib/libcr_c.a(__weak__main.o)
 .text          0x00000000        0x0 /usr/local/lpcxpresso_8.2.2_650/lpcxpresso/tools/bin/../lib/gcc/arm-none-eabi/5.4.1/../../../../arm-none-eabi/lib/libcr_c.a(strcpy.o)
 .data          0x00000000        0x0 /usr/local/lpcxpresso_8.2.2_650/lpcxpresso/tools/bin/../lib/gcc/arm-none-eabi/5.4.1/../../../../arm-none-eabi/lib/libcr_c.a(strcpy.o)
 .bss           0x00000000        0x0 /usr/local/lpcxpresso_8.2.2_650/lpcxpresso/tools/bin/../lib/gcc/arm-none-eabi/5.4.1/../../../../arm-none-eabi/lib/libcr_c.a(strcpy.o)

Memory Configuration

Name             Origin             Length             Attributes
MFlash512        0x00000000         0x00080000         xr
Ram64            0x40000000         0x00010000         xrw
RAM_ETH_16       0x7fe00000         0x00004000         xrw
RAM_USB_16       0x7fd00000         0x00004000         xrw
RAM_RTC_2        0xe0084000         0x00000800         xrw
*default*        0x00000000         0xffffffff

Linker script and memory map

LOAD ./src/cr_startup_lpc24.o
LOAD ./src/crp.o
LOAD ./src/ethernet.o
LOAD ./src/ethernet_tx.o
LOAD ./src/glcd.o
LOAD ./src/main.o
LOAD ./src/sys_calls.o
LOAD ./src/system_init.o
START GROUP
LOAD /usr/local/lpcxpresso_8.2.2_650/lpcxpresso/tools/bin/../lib/gcc/arm-none-eabi/5.4.1/../../../../arm-none-eabi/lib/libcr_c.a
LOAD /usr/local/lpcxpresso_8.2.2_650/lpcxpresso/tools/bin/../lib/gcc/arm-none-eabi/5.4.1/libcr_eabihelpers.a
END GROUP
                0x00000000                __base_MFlash512 = 0x0
                0x00000000                __base_Flash = 0x0
                0x00080000                __top_MFlash512 = 0x80000
                0x00080000                __top_Flash = 0x80000
                0x40000000                __base_Ram64 = 0x40000000
                0x40000000                __base_RAM = 0x40000000
                0x40010000                __top_Ram64 = 0x40010000
                0x40010000                __top_RAM = 0x40010000
                0x7fe00000                __base_RAM_ETH_16 = 0x7fe00000
                0x7fe00000                __base_RAM2 = 0x7fe00000
                0x7fe04000                __top_RAM_ETH_16 = 0x7fe04000
                0x7fe04000                __top_RAM2 = 0x7fe04000
                0x7fd00000                __base_RAM_USB_16 = 0x7fd00000
                0x7fd00000                __base_RAM3 = 0x7fd00000
                0x7fd04000                __top_RAM_USB_16 = 0x7fd04000
                0x7fd04000                __top_RAM3 = 0x7fd04000
                0xe0084000                __base_RAM_RTC_2 = 0xe0084000
                0xe0084000                __base_RAM4 = 0xe0084000
                0xe0084800                __top_RAM_RTC_2 = 0xe0084800
                0xe0084800                __top_RAM4 = 0xe0084800

.text           0x00000000     0x269c
 FILL mask 0xff
                0x00000000                __vectors_start__ = ABSOLUTE (.)
 *(.isr_vector)
 .isr_vector    0x00000000      0x17c ./src/cr_startup_lpc24.o
                0x00000000                _boot
                0x00000050                _mainCRTStartup
                0x00000050                _start
                0x00000050                start
                0x0000015c                reset
                0x0000015c                _reset
                0x0000017c                . = ALIGN (0x4)
                0x0000017c                __section_table_start = .
                0x0000017c                __data_section_table = .
                0x0000017c        0x4 LONG 0x269c LOADADDR (.data)
                0x00000180        0x4 LONG 0x40000000 ADDR (.data)
                0x00000184        0x4 LONG 0x600 SIZEOF (.data)
                0x00000188        0x4 LONG 0x269c LOADADDR (.data_RAM2)
                0x0000018c        0x4 LONG 0x7fe00000 ADDR (.data_RAM2)
                0x00000190        0x4 LONG 0x0 SIZEOF (.data_RAM2)
                0x00000194        0x4 LONG 0x269c LOADADDR (.data_RAM3)
                0x00000198        0x4 LONG 0x7fd00000 ADDR (.data_RAM3)
                0x0000019c        0x4 LONG 0x0 SIZEOF (.data_RAM3)
                0x000001a0        0x4 LONG 0x269c LOADADDR (.data_RAM4)
                0x000001a4        0x4 LONG 0xe0084000 ADDR (.data_RAM4)
                0x000001a8        0x4 LONG 0x0 SIZEOF (.data_RAM4)
                0x000001ac                __data_section_table_end = .
                0x000001ac                __bss_section_table = .
                0x000001ac        0x4 LONG 0x40000600 ADDR (.bss)
                0x000001b0        0x4 LONG 0x4 SIZEOF (.bss)
                0x000001b4        0x4 LONG 0x7fe00000 ADDR (.bss_RAM2)
                0x000001b8        0x4 LONG 0x0 SIZEOF (.bss_RAM2)
                0x000001bc        0x4 LONG 0x7fd00000 ADDR (.bss_RAM3)
                0x000001c0        0x4 LONG 0x0 SIZEOF (.bss_RAM3)
                0x000001c4        0x4 LONG 0xe0084000 ADDR (.bss_RAM4)
                0x000001c8        0x4 LONG 0x0 SIZEOF (.bss_RAM4)
                0x000001cc                __bss_section_table_end = .
                0x000001cc                __section_table_end = .
 *(.after_vectors*)
                0x000001fc                . = 0x1fc
 *fill*         0x000001cc       0x30 ff
                0x000001fc                PROVIDE (__CRP_WORD_START__, .)
 *(.crp)
 .crp           0x000001fc        0x4 ./src/crp.o
                0x000001fc                CRP_WORD
                0x00000200                PROVIDE (__CRP_WORD_END__, .)
                0x00000001                ASSERT (! ((__CRP_WORD_START__ == __CRP_WORD_END__)), Linker CRP Enabled, but no CRP_WORD provided within application)
 *(.text*)
 .text.Eth_InitPins
                0x00000200       0x78 ./src/ethernet.o
 .text.Eth_WritePHY
                0x00000278       0x6c ./src/ethernet.o
                0x00000278                Eth_WritePHY
 .text.Eth_ReadPHY
                0x000002e4       0x74 ./src/ethernet.o
                0x000002e4                Eth_ReadPHY
 .text.Eth_Init
                0x00000358      0x228 ./src/ethernet.o
                0x00000358                Eth_Init
 .text.EMAC_TxInit
                0x00000580       0xe0 ./src/ethernet_tx.o
                0x00000580                EMAC_TxInit
 .text.EMAC_SendPacket
                0x00000660       0xf8 ./src/ethernet_tx.o
                0x00000660                EMAC_SendPacket
 .text.SW2_Keypad_Init
                0x00000758       0x84 ./src/ethernet_tx.o
                0x00000758                SW2_Keypad_Init
 .text.SW2_Pressed
                0x000007dc       0x6c ./src/ethernet_tx.o
                0x000007dc                SW2_Pressed
 .text.SW6_Pressed
                0x00000848       0x6c ./src/ethernet_tx.o
                0x00000848                SW6_Pressed
 .text.Timer0_irq
                0x000008b4       0x40 ./src/ethernet_tx.o
                0x000008b4                Timer0_irq
 .text.Timer0_init
                0x000008f4       0xcc ./src/ethernet_tx.o
                0x000008f4                Timer0_init
 .text.cs_none  0x000009c0       0x48 ./src/glcd.o
 .text.cs_left  0x00000a08       0x48 ./src/glcd.o
 .text.cs_right
                0x00000a50       0x48 ./src/glcd.o
 .text.cs_both  0x00000a98       0x48 ./src/glcd.o
 .text.glcd_set_data
                0x00000ae0      0x128 ./src/glcd.o
 .text.glcd_enable_pulse
                0x00000c08       0x58 ./src/glcd.o
 .text.glcd_write
                0x00000c60       0xd8 ./src/glcd.o
 .text.GLCD_Init
                0x00000d38       0xb0 ./src/glcd.o
                0x00000d38                GLCD_Init
 .text.GLCD_Clear
                0x00000de8      0x148 ./src/glcd.o
                0x00000de8                GLCD_Clear
 .text.GLCD_SetXY
                0x00000f30      0x11c ./src/glcd.o
                0x00000f30                GLCD_SetXY
 .text.GLCD_PutChar
                0x0000104c      0x1f0 ./src/glcd.o
                0x0000104c                GLCD_PutChar
 .text.GLCD_RowWriteMargin
                0x0000123c      0x134 ./src/glcd.o
                0x0000123c                GLCD_RowWriteMargin
 .text.Delay1Sec
                0x00001370       0x4c ./src/main.o
                0x00001370                Delay1Sec
 .text.Delay2Sec
                0x000013bc       0x4c ./src/main.o
                0x000013bc                Delay2Sec
 .text.main     0x00001408      0x21c ./src/main.o
                0x00001408                main
 .text.delay_us
                0x00001624       0x54 ./src/system_init.o
                0x00001624                delay_us
 .text.delay_cycles
                0x00001678       0x3c ./src/system_init.o
                0x00001678                delay_cycles
 .text.PLL_Init
                0x000016b4      0x124 ./src/system_init.o
                0x000016b4                PLL_Init
 .text.system_Init
                0x000017d8      0x9f8 ./src/system_init.o
                0x000017d8                system_Init
 .text.memcpy   0x000021d0       0x4c /usr/local/lpcxpresso_8.2.2_650/lpcxpresso/tools/bin/../lib/gcc/arm-none-eabi/5.4.1/../../../../arm-none-eabi/lib/libcr_c.a(memcpy.o)
                0x000021d0                memcpy
 .text.__weak_main
                0x0000221c       0x10 /usr/local/lpcxpresso_8.2.2_650/lpcxpresso/tools/bin/../lib/gcc/arm-none-eabi/5.4.1/../../../../arm-none-eabi/lib/libcr_c.a(__weak__main.o)
                0x0000221c                __main
                0x0000221c                __weak_main
 .text.strcpy   0x0000222c       0x7c /usr/local/lpcxpresso_8.2.2_650/lpcxpresso/tools/bin/../lib/gcc/arm-none-eabi/5.4.1/../../../../arm-none-eabi/lib/libcr_c.a(strcpy.o)
                0x0000222c                strcpy
 *(.rodata .rodata.* .constdata .constdata.*)
 .rodata.font5x7
                0x000022a8      0x240 ./src/glcd.o
 .rodata        0x000024e8      0x1b1 ./src/main.o
                0x0000269c                . = ALIGN (0x4)
 *fill*         0x00002699        0x3 ff

.glue_7         0x0000269c        0x0
 .glue_7        0x0000269c        0x0 linker stubs

.glue_7t        0x0000269c        0x0
 .glue_7t       0x0000269c        0x0 linker stubs

.vfp11_veneer   0x0000269c        0x0
 .vfp11_veneer  0x0000269c        0x0 linker stubs

.v4_bx          0x0000269c        0x0
 .v4_bx         0x0000269c        0x0 linker stubs

.iplt           0x0000269c        0x0
 .iplt          0x0000269c        0x0 ./src/cr_startup_lpc24.o

.rel.dyn        0x0000269c        0x0
 .rel.iplt      0x0000269c        0x0 ./src/cr_startup_lpc24.o

.ARM.extab
 *(.ARM.extab* .gnu.linkonce.armextab.*)
                0x0000269c                __exidx_start = .

.ARM.exidx
 *(.ARM.exidx* .gnu.linkonce.armexidx.*)
                0x0000269c                __exidx_end = .
                0x0000269c                _etext = .

.data_RAM2      0x7fe00000        0x0 load address 0x0000269c
 FILL mask 0xff
                [!provide]                PROVIDE (__start_data_RAM2, .)
 *(.ramfunc.$RAM2)
 *(.ramfunc.$RAM_ETH_16)
 *(.data.$RAM2*)
 *(.data.$RAM_ETH_16*)
                0x7fe00000                . = ALIGN (0x4)
                [!provide]                PROVIDE (__end_data_RAM2, .)

.data_RAM3      0x7fd00000        0x0 load address 0x0000269c
 FILL mask 0xff
                [!provide]                PROVIDE (__start_data_RAM3, .)
 *(.ramfunc.$RAM3)
 *(.ramfunc.$RAM_USB_16)
 *(.data.$RAM3*)
 *(.data.$RAM_USB_16*)
                0x7fd00000                . = ALIGN (0x4)
                [!provide]                PROVIDE (__end_data_RAM3, .)

.data_RAM4      0xe0084000        0x0 load address 0x0000269c
 FILL mask 0xff
                [!provide]                PROVIDE (__start_data_RAM4, .)
 *(.ramfunc.$RAM4)
 *(.ramfunc.$RAM_RTC_2)
 *(.data.$RAM4*)
 *(.data.$RAM_RTC_2*)
                0xe0084000                . = ALIGN (0x4)
                [!provide]                PROVIDE (__end_data_RAM4, .)

.uninit_RESERVED
                0x40000000        0x0
 *(.bss.$RESERVED*)
                0x40000000                . = ALIGN (0x4)
                0x40000000                _end_uninit_RESERVED = .

.data           0x40000000      0x600 load address 0x0000269c
 FILL mask 0xff
                0x40000000                _data = .
 *(vtable)
 *(.ramfunc*)
 *(.data*)
 .data.broadcast_frame
                0x40000000      0x600 ./src/main.o
                0x40000000                broadcast_frame
                0x40000600                . = ALIGN (0x4)
                0x40000600                _edata = .

.igot.plt       0x40000600        0x0 load address 0x00002c9c
 .igot.plt      0x40000600        0x0 ./src/cr_startup_lpc24.o

.bss_RAM2       0x7fe00000        0x0
                [!provide]                PROVIDE (__start_bss_RAM2, .)
 *(.bss.$RAM2*)
 *(.bss.$RAM_ETH_16*)
                0x7fe00000                . = ALIGN ((. != 0x0)?0x4:0x1)
                [!provide]                PROVIDE (__end_bss_RAM2, .)

.bss_RAM3       0x7fd00000        0x0
                [!provide]                PROVIDE (__start_bss_RAM3, .)
 *(.bss.$RAM3*)
 *(.bss.$RAM_USB_16*)
                0x7fd00000                . = ALIGN ((. != 0x0)?0x4:0x1)
                [!provide]                PROVIDE (__end_bss_RAM3, .)

.bss_RAM4       0xe0084000        0x0
                [!provide]                PROVIDE (__start_bss_RAM4, .)
 *(.bss.$RAM4*)
 *(.bss.$RAM_RTC_2*)
                0xe0084000                . = ALIGN ((. != 0x0)?0x4:0x1)
                [!provide]                PROVIDE (__end_bss_RAM4, .)

.bss            0x40000600        0x4
                0x40000600                _bss = .
 *(.bss*)
 .bss.timer_cnt
                0x40000600        0x4 ./src/ethernet_tx.o
                0x40000600                timer_cnt
 *(COMMON)
                0x40000604                . = ALIGN (0x4)
                0x40000604                _ebss = .
                [!provide]                PROVIDE (end, .)

.noinit_RAM2    0x7fe00000        0x0
 *(.noinit.$RAM2*)
 *(.noinit.$RAM_ETH_16*)
                0x7fe00000                . = ALIGN (0x4)

.noinit_RAM3    0x7fd00000        0x0
 *(.noinit.$RAM3*)
 *(.noinit.$RAM_USB_16*)
                0x7fd00000                . = ALIGN (0x4)

.noinit_RAM4    0xe0084000        0x0
 *(.noinit.$RAM4*)
 *(.noinit.$RAM_RTC_2*)
                0xe0084000                . = ALIGN (0x4)

.noinit         0x40000604        0x0
                0x40000604                _noinit = .
 *(.noinit*)
                0x40000604                . = ALIGN (0x4)
                0x40000604                _end_noinit = .
                [!provide]                PROVIDE (_pvHeapStart, DEFINED (__user_heap_base)?__user_heap_base:.)
                0x40010000                PROVIDE (_vStackTop, DEFINED (__user_stack_top)?__user_stack_top:(__top_Ram64 - 0x0))
OUTPUT(Ethernet_Tx.axf elf32-littlearm)

.ARM.attributes
                0x00000000       0x2c
 .ARM.attributes
                0x00000000       0x20 ./src/cr_startup_lpc24.o
 .ARM.attributes
                0x00000020       0x30 ./src/crp.o
 .ARM.attributes
                0x00000050       0x30 ./src/ethernet.o
 .ARM.attributes
                0x00000080       0x30 ./src/ethernet_tx.o
 .ARM.attributes
                0x000000b0       0x30 ./src/glcd.o
 .ARM.attributes
                0x000000e0       0x30 ./src/main.o
 .ARM.attributes
                0x00000110       0x30 ./src/system_init.o
 .ARM.attributes
                0x00000140       0x30 /usr/local/lpcxpresso_8.2.2_650/lpcxpresso/tools/bin/../lib/gcc/arm-none-eabi/5.4.1/../../../../arm-none-eabi/lib/libcr_c.a(memcpy.o)
 .ARM.attributes
                0x00000170       0x30 /usr/local/lpcxpresso_8.2.2_650/lpcxpresso/tools/bin/../lib/gcc/arm-none-eabi/5.4.1/../../../../arm-none-eabi/lib/libcr_c.a(__weak__main.o)
 .ARM.attributes
                0x000001a0       0x30 /usr/local/lpcxpresso_8.2.2_650/lpcxpresso/tools/bin/../lib/gcc/arm-none-eabi/5.4.1/../../../../arm-none-eabi/lib/libcr_c.a(strcpy.o)

.comment        0x00000000       0xdc
 .comment       0x00000000       0x6e ./src/crp.o
                                 0x6f (size before relaxing)
 .comment       0x0000006e       0x6f ./src/ethernet.o
 .comment       0x0000006e       0x6f ./src/ethernet_tx.o
 .comment       0x0000006e       0x6f ./src/glcd.o
 .comment       0x0000006e       0x6f ./src/main.o
 .comment       0x0000006e       0x6f ./src/system_init.o
 .comment       0x0000006e       0x6e /usr/local/lpcxpresso_8.2.2_650/lpcxpresso/tools/bin/../lib/gcc/arm-none-eabi/5.4.1/../../../../arm-none-eabi/lib/libcr_c.a(memcpy.o)
                                 0x6f (size before relaxing)
 .comment       0x000000dc       0x6f /usr/local/lpcxpresso_8.2.2_650/lpcxpresso/tools/bin/../lib/gcc/arm-none-eabi/5.4.1/../../../../arm-none-eabi/lib/libcr_c.a(__weak__main.o)
 .comment       0x000000dc       0x6f /usr/local/lpcxpresso_8.2.2_650/lpcxpresso/tools/bin/../lib/gcc/arm-none-eabi/5.4.1/../../../../arm-none-eabi/lib/libcr_c.a(strcpy.o)

.debug_line     0x00000000      0xd12
 .debug_line    0x00000000       0xb2 ./src/cr_startup_lpc24.o
 .debug_line    0x000000b2       0x7c ./src/crp.o
 .debug_line    0x0000012e      0x1e3 ./src/ethernet.o
 .debug_line    0x00000311      0x25d ./src/ethernet_tx.o
 .debug_line    0x0000056e      0x358 ./src/glcd.o
 .debug_line    0x000008c6      0x20f ./src/main.o
 .debug_line    0x00000ad5      0x23d ./src/system_init.o

.debug_info     0x00000000     0x11a1
 .debug_info    0x00000000       0x85 ./src/cr_startup_lpc24.o
 .debug_info    0x00000085       0x3f ./src/crp.o
 .debug_info    0x000000c4      0x466 ./src/ethernet.o
 .debug_info    0x0000052a      0x5df ./src/ethernet_tx.o
 .debug_info    0x00000b09      0x39d ./src/glcd.o
 .debug_info    0x00000ea6      0x20a ./src/main.o
 .debug_info    0x000010b0       0xf1 ./src/system_init.o

.debug_abbrev   0x00000000      0x5d7
 .debug_abbrev  0x00000000       0x14 ./src/cr_startup_lpc24.o
 .debug_abbrev  0x00000014       0x36 ./src/crp.o
 .debug_abbrev  0x0000004a      0x12b ./src/ethernet.o
 .debug_abbrev  0x00000175      0x164 ./src/ethernet_tx.o
 .debug_abbrev  0x000002d9      0x13a ./src/glcd.o
 .debug_abbrev  0x00000413      0x10e ./src/main.o
 .debug_abbrev  0x00000521       0xb6 ./src/system_init.o

.debug_aranges  0x00000000      0x1c0
 .debug_aranges
                0x00000000       0x20 ./src/cr_startup_lpc24.o
 .debug_aranges
                0x00000020       0x18 ./src/crp.o
 .debug_aranges
                0x00000038       0x38 ./src/ethernet.o
 .debug_aranges
                0x00000070       0x68 ./src/ethernet_tx.o
 .debug_aranges
                0x000000d8       0x80 ./src/glcd.o
 .debug_aranges
                0x00000158       0x30 ./src/main.o
 .debug_aranges
                0x00000188       0x38 ./src/system_init.o

.debug_macro    0x00000000     0x3241
 .debug_macro   0x00000000       0x1a ./src/crp.o
 .debug_macro   0x0000001a      0x826 ./src/crp.o
 .debug_macro   0x00000840       0x34 ./src/crp.o
 .debug_macro   0x00000874       0x82 ./src/ethernet.o
 .debug_macro   0x000008f6     0x19c4 ./src/ethernet.o
 .debug_macro   0x000022ba       0x10 ./src/ethernet.o
 .debug_macro   0x000022ca      0x12d ./src/ethernet.o
 .debug_macro   0x000023f7      0x5b2 ./src/ethernet.o
 .debug_macro   0x000029a9       0x22 ./src/ethernet.o
 .debug_macro   0x000029cb       0xe8 ./src/ethernet.o
 .debug_macro   0x00002ab3       0x3a ./src/ethernet.o
 .debug_macro   0x00002aed       0x89 ./src/ethernet_tx.o
 .debug_macro   0x00002b76       0x34 ./src/ethernet_tx.o
 .debug_macro   0x00002baa      0x387 ./src/ethernet_tx.o
 .debug_macro   0x00002f31       0xa4 ./src/glcd.o
 .debug_macro   0x00002fd5       0xa0 ./src/glcd.o
 .debug_macro   0x00003075       0x1c ./src/glcd.o
 .debug_macro   0x00003091       0xb2 ./src/main.o
 .debug_macro   0x00003143       0x9a ./src/main.o
 .debug_macro   0x000031dd       0x10 ./src/main.o
 .debug_macro   0x000031ed       0x54 ./src/system_init.o

.debug_str      0x00000000    0x141ea
 .debug_str     0x00000000     0x2435 ./src/crp.o
                               0x2442 (size before relaxing)
 .debug_str     0x00002435    0x103ea ./src/ethernet.o
                              0x127bc (size before relaxing)
 .debug_str     0x0001281f     0x148c ./src/ethernet_tx.o
                              0x13b51 (size before relaxing)
 .debug_str     0x00013cab      0x449 ./src/glcd.o
                              0x137c7 (size before relaxing)
 .debug_str     0x000140f4       0x73 ./src/main.o
                              0x13b89 (size before relaxing)
 .debug_str     0x00014167       0x83 ./src/system_init.o
                              0x13390 (size before relaxing)

.debug_ranges   0x00000000      0x138
 .debug_ranges  0x00000000       0x28 ./src/ethernet.o
 .debug_ranges  0x00000028       0x58 ./src/ethernet_tx.o
 .debug_ranges  0x00000080       0x70 ./src/glcd.o
 .debug_ranges  0x000000f0       0x20 ./src/main.o
 .debug_ranges  0x00000110       0x28 ./src/system_init.o

.debug_frame    0x00000000      0x4fc
 .debug_frame   0x00000000       0x98 ./src/ethernet.o
 .debug_frame   0x00000098      0x168 ./src/ethernet_tx.o
 .debug_frame   0x00000200      0x1e8 ./src/glcd.o
 .debug_frame   0x000003e8       0x78 ./src/main.o
 .debug_frame   0x00000460       0x9c ./src/system_init.o
