Archive member included to satisfy reference by file (symbol)

/usr/local/lpcxpresso_8.2.2_650/lpcxpresso/tools/bin/../lib/gcc/arm-none-eabi/5.4.1/../../../../arm-none-eabi/lib/libcr_c.a(memcpy.o)
                              ./src/usbcore.o (memcpy)
/usr/local/lpcxpresso_8.2.2_650/lpcxpresso/tools/bin/../lib/gcc/arm-none-eabi/5.4.1/../../../../arm-none-eabi/lib/libcr_c.a(memset.o)
                              ./src/usbcore.o (memset)
/usr/local/lpcxpresso_8.2.2_650/lpcxpresso/tools/bin/../lib/gcc/arm-none-eabi/5.4.1/../../../../arm-none-eabi/lib/libcr_c.a(__weak__main.o)
                              ./src/cr_startup_lpc24.o (__main)
/usr/local/lpcxpresso_8.2.2_650/lpcxpresso/tools/bin/../lib/gcc/arm-none-eabi/5.4.1/libcr_eabihelpers.a(rtlib.o)
                              ./src/main.o (__aeabi_uidiv)

Discarded input sections

 .text          0x00000000        0x0 ./src/cr_startup_lpc24.o
 .data          0x00000000        0x0 ./src/cr_startup_lpc24.o
 .bss           0x00000000        0x0 ./src/cr_startup_lpc24.o
 .group         0x00000000        0x8 ./src/crp.o
 .group         0x00000000        0x8 ./src/crp.o
 .text          0x00000000        0x0 ./src/crp.o
 .data          0x00000000        0x0 ./src/crp.o
 .bss           0x00000000        0x0 ./src/crp.o
 .group         0x00000000        0x8 ./src/glcd.o
 .group         0x00000000        0x8 ./src/glcd.o
 .group         0x00000000        0x8 ./src/glcd.o
 .group         0x00000000        0x8 ./src/glcd.o
 .group         0x00000000        0x8 ./src/glcd.o
 .group         0x00000000        0x8 ./src/glcd.o
 .group         0x00000000        0x8 ./src/glcd.o
 .group         0x00000000        0x8 ./src/glcd.o
 .text          0x00000000        0x0 ./src/glcd.o
 .data          0x00000000        0x0 ./src/glcd.o
 .bss           0x00000000        0x0 ./src/glcd.o
 .rodata.font5x7
                0x00000000      0x240 ./src/glcd.o
 .text.cs_none  0x00000000       0x48 ./src/glcd.o
 .text.cs_left  0x00000000       0x48 ./src/glcd.o
 .text.cs_right
                0x00000000       0x48 ./src/glcd.o
 .text.cs_both  0x00000000       0x48 ./src/glcd.o
 .text.glcd_set_data
                0x00000000      0x128 ./src/glcd.o
 .text.glcd_enable_pulse
                0x00000000       0x58 ./src/glcd.o
 .text.glcd_write
                0x00000000       0xd8 ./src/glcd.o
 .text.GLCD_Init
                0x00000000       0xb0 ./src/glcd.o
 .text.GLCD_Clear
                0x00000000      0x148 ./src/glcd.o
 .text.GLCD_SetXY
                0x00000000      0x11c ./src/glcd.o
 .text.GLCD_PutChar
                0x00000000      0x1f0 ./src/glcd.o
 .text.GLCD_PutString
                0x00000000       0x8c ./src/glcd.o
 .text.GLCD_RowWriteMargin
                0x00000000      0x134 ./src/glcd.o
 .debug_info    0x00000000      0x39d ./src/glcd.o
 .debug_abbrev  0x00000000      0x13a ./src/glcd.o
 .debug_aranges
                0x00000000       0x80 ./src/glcd.o
 .debug_ranges  0x00000000       0x70 ./src/glcd.o
 .debug_macro   0x00000000       0xa4 ./src/glcd.o
 .debug_macro   0x00000000      0x826 ./src/glcd.o
 .debug_macro   0x00000000     0x19c4 ./src/glcd.o
 .debug_macro   0x00000000       0x10 ./src/glcd.o
 .debug_macro   0x00000000      0x12d ./src/glcd.o
 .debug_macro   0x00000000      0x5b2 ./src/glcd.o
 .debug_macro   0x00000000      0x387 ./src/glcd.o
 .debug_macro   0x00000000       0xa0 ./src/glcd.o
 .debug_macro   0x00000000       0x1c ./src/glcd.o
 .debug_line    0x00000000      0x322 ./src/glcd.o
 .debug_str     0x00000000    0x13787 ./src/glcd.o
 .comment       0x00000000       0x6f ./src/glcd.o
 .debug_frame   0x00000000      0x1e8 ./src/glcd.o
 .ARM.attributes
                0x00000000       0x30 ./src/glcd.o
 .group         0x00000000        0x8 ./src/main.o
 .group         0x00000000        0x8 ./src/main.o
 .group         0x00000000        0x8 ./src/main.o
 .group         0x00000000        0x8 ./src/main.o
 .group         0x00000000        0x8 ./src/main.o
 .group         0x00000000        0x8 ./src/main.o
 .group         0x00000000        0x8 ./src/main.o
 .group         0x00000000        0x8 ./src/main.o
 .group         0x00000000        0x8 ./src/main.o
 .text          0x00000000        0x0 ./src/main.o
 .data          0x00000000        0x0 ./src/main.o
 .bss           0x00000000        0x0 ./src/main.o
 .debug_macro   0x00000000      0x826 ./src/main.o
 .debug_macro   0x00000000     0x19c4 ./src/main.o
 .debug_macro   0x00000000       0x10 ./src/main.o
 .debug_macro   0x00000000      0x12d ./src/main.o
 .debug_macro   0x00000000      0x5b2 ./src/main.o
 .debug_macro   0x00000000      0x387 ./src/main.o
 .group         0x00000000        0x8 ./src/sys_calls.o
 .group         0x00000000        0x8 ./src/sys_calls.o
 .group         0x00000000        0x8 ./src/sys_calls.o
 .group         0x00000000        0x8 ./src/sys_calls.o
 .text          0x00000000        0x0 ./src/sys_calls.o
 .data          0x00000000        0x0 ./src/sys_calls.o
 .bss           0x00000000        0x0 ./src/sys_calls.o
 .text.__sys_istty
                0x00000000       0x24 ./src/sys_calls.o
 .text.__sys_flen
                0x00000000       0x24 ./src/sys_calls.o
 .text.__sys_seek
                0x00000000       0x28 ./src/sys_calls.o
 .text.__sys_write
                0x00000000       0x2c ./src/sys_calls.o
 .text.__sys_appexit
                0x00000000        0xc ./src/sys_calls.o
 .debug_info    0x00000000      0x157 ./src/sys_calls.o
 .debug_abbrev  0x00000000       0x88 ./src/sys_calls.o
 .debug_aranges
                0x00000000       0x40 ./src/sys_calls.o
 .debug_ranges  0x00000000       0x30 ./src/sys_calls.o
 .debug_macro   0x00000000       0x3c ./src/sys_calls.o
 .debug_macro   0x00000000      0x826 ./src/sys_calls.o
 .debug_macro   0x00000000       0x10 ./src/sys_calls.o
 .debug_macro   0x00000000      0x12d ./src/sys_calls.o
 .debug_macro   0x00000000      0x5b2 ./src/sys_calls.o
 .debug_line    0x00000000      0x14d ./src/sys_calls.o
 .debug_str     0x00000000     0x3b22 ./src/sys_calls.o
 .comment       0x00000000       0x6f ./src/sys_calls.o
 .debug_frame   0x00000000       0xa8 ./src/sys_calls.o
 .ARM.attributes
                0x00000000       0x30 ./src/sys_calls.o
 .group         0x00000000        0x8 ./src/system_init.o
 .group         0x00000000        0x8 ./src/system_init.o
 .group         0x00000000        0x8 ./src/system_init.o
 .group         0x00000000        0x8 ./src/system_init.o
 .group         0x00000000        0x8 ./src/system_init.o
 .group         0x00000000        0x8 ./src/system_init.o
 .text          0x00000000        0x0 ./src/system_init.o
 .data          0x00000000        0x0 ./src/system_init.o
 .bss           0x00000000        0x0 ./src/system_init.o
 .text.delay_us
                0x00000000       0x54 ./src/system_init.o
 .debug_macro   0x00000000      0x826 ./src/system_init.o
 .debug_macro   0x00000000      0x387 ./src/system_init.o
 .debug_macro   0x00000000     0x19c4 ./src/system_init.o
 .debug_macro   0x00000000       0x10 ./src/system_init.o
 .debug_macro   0x00000000      0x12d ./src/system_init.o
 .debug_macro   0x00000000      0x5b2 ./src/system_init.o
 .group         0x00000000        0x8 ./src/usbcore.o
 .group         0x00000000        0x8 ./src/usbcore.o
 .group         0x00000000        0x8 ./src/usbcore.o
 .group         0x00000000        0x8 ./src/usbcore.o
 .group         0x00000000        0x8 ./src/usbcore.o
 .group         0x00000000        0x8 ./src/usbcore.o
 .group         0x00000000        0x8 ./src/usbcore.o
 .group         0x00000000        0x8 ./src/usbcore.o
 .text          0x00000000        0x0 ./src/usbcore.o
 .data          0x00000000        0x0 ./src/usbcore.o
 .bss           0x00000000        0x0 ./src/usbcore.o
 .debug_macro   0x00000000      0x826 ./src/usbcore.o
 .debug_macro   0x00000000     0x19c4 ./src/usbcore.o
 .debug_macro   0x00000000       0x10 ./src/usbcore.o
 .debug_macro   0x00000000      0x12d ./src/usbcore.o
 .debug_macro   0x00000000      0x5b2 ./src/usbcore.o
 .debug_macro   0x00000000       0x22 ./src/usbcore.o
 .debug_macro   0x00000000       0x34 ./src/usbcore.o
 .group         0x00000000        0x8 ./src/usbdesc.o
 .group         0x00000000        0x8 ./src/usbdesc.o
 .group         0x00000000        0x8 ./src/usbdesc.o
 .group         0x00000000        0x8 ./src/usbdesc.o
 .text          0x00000000        0x0 ./src/usbdesc.o
 .data          0x00000000        0x0 ./src/usbdesc.o
 .bss           0x00000000        0x0 ./src/usbdesc.o
 .debug_macro   0x00000000      0x826 ./src/usbdesc.o
 .debug_macro   0x00000000       0x10 ./src/usbdesc.o
 .debug_macro   0x00000000      0x12d ./src/usbdesc.o
 .debug_macro   0x00000000      0x5b2 ./src/usbdesc.o
 .group         0x00000000        0x8 ./src/usbhw.o
 .group         0x00000000        0x8 ./src/usbhw.o
 .group         0x00000000        0x8 ./src/usbhw.o
 .group         0x00000000        0x8 ./src/usbhw.o
 .group         0x00000000        0x8 ./src/usbhw.o
 .group         0x00000000        0x8 ./src/usbhw.o
 .group         0x00000000        0x8 ./src/usbhw.o
 .group         0x00000000        0x8 ./src/usbhw.o
 .text          0x00000000        0x0 ./src/usbhw.o
 .data          0x00000000        0x0 ./src/usbhw.o
 .bss           0x00000000        0x0 ./src/usbhw.o
 .text.USB_DisableEP
                0x00000000       0x3c ./src/usbhw.o
 .debug_macro   0x00000000      0x826 ./src/usbhw.o
 .debug_macro   0x00000000     0x19c4 ./src/usbhw.o
 .debug_macro   0x00000000       0x10 ./src/usbhw.o
 .debug_macro   0x00000000      0x12d ./src/usbhw.o
 .debug_macro   0x00000000      0x5b2 ./src/usbhw.o
 .debug_macro   0x00000000       0x22 ./src/usbhw.o
 .debug_macro   0x00000000       0x34 ./src/usbhw.o
 .debug_macro   0x00000000       0x3a ./src/usbhw.o
 .text          0x00000000        0x0 /usr/local/lpcxpresso_8.2.2_650/lpcxpresso/tools/bin/../lib/gcc/arm-none-eabi/5.4.1/../../../../arm-none-eabi/lib/libcr_c.a(memcpy.o)
 .data          0x00000000        0x0 /usr/local/lpcxpresso_8.2.2_650/lpcxpresso/tools/bin/../lib/gcc/arm-none-eabi/5.4.1/../../../../arm-none-eabi/lib/libcr_c.a(memcpy.o)
 .bss           0x00000000        0x0 /usr/local/lpcxpresso_8.2.2_650/lpcxpresso/tools/bin/../lib/gcc/arm-none-eabi/5.4.1/../../../../arm-none-eabi/lib/libcr_c.a(memcpy.o)
 .text          0x00000000        0x0 /usr/local/lpcxpresso_8.2.2_650/lpcxpresso/tools/bin/../lib/gcc/arm-none-eabi/5.4.1/../../../../arm-none-eabi/lib/libcr_c.a(memset.o)
 .data          0x00000000        0x0 /usr/local/lpcxpresso_8.2.2_650/lpcxpresso/tools/bin/../lib/gcc/arm-none-eabi/5.4.1/../../../../arm-none-eabi/lib/libcr_c.a(memset.o)
 .bss           0x00000000        0x0 /usr/local/lpcxpresso_8.2.2_650/lpcxpresso/tools/bin/../lib/gcc/arm-none-eabi/5.4.1/../../../../arm-none-eabi/lib/libcr_c.a(memset.o)
 .text          0x00000000        0x0 /usr/local/lpcxpresso_8.2.2_650/lpcxpresso/tools/bin/../lib/gcc/arm-none-eabi/5.4.1/../../../../arm-none-eabi/lib/libcr_c.a(__weak__main.o)
 .data          0x00000000        0x0 /usr/local/lpcxpresso_8.2.2_650/lpcxpresso/tools/bin/../lib/gcc/arm-none-eabi/5.4.1/../../../../arm-none-eabi/lib/libcr_c.a(__weak__main.o)
 .bss           0x00000000        0x0 /usr/local/lpcxpresso_8.2.2_650/lpcxpresso/tools/bin/../lib/gcc/arm-none-eabi/5.4.1/../../../../arm-none-eabi/lib/libcr_c.a(__weak__main.o)
 .text          0x00000000        0x0 /usr/local/lpcxpresso_8.2.2_650/lpcxpresso/tools/bin/../lib/gcc/arm-none-eabi/5.4.1/libcr_eabihelpers.a(rtlib.o)
 .data          0x00000000        0x0 /usr/local/lpcxpresso_8.2.2_650/lpcxpresso/tools/bin/../lib/gcc/arm-none-eabi/5.4.1/libcr_eabihelpers.a(rtlib.o)
 .bss           0x00000000        0x0 /usr/local/lpcxpresso_8.2.2_650/lpcxpresso/tools/bin/../lib/gcc/arm-none-eabi/5.4.1/libcr_eabihelpers.a(rtlib.o)
 .text.__aeabi_lmul
                0x00000000       0x20 /usr/local/lpcxpresso_8.2.2_650/lpcxpresso/tools/bin/../lib/gcc/arm-none-eabi/5.4.1/libcr_eabihelpers.a(rtlib.o)
 .text.__aeabi_llsl
                0x00000000       0x28 /usr/local/lpcxpresso_8.2.2_650/lpcxpresso/tools/bin/../lib/gcc/arm-none-eabi/5.4.1/libcr_eabihelpers.a(rtlib.o)
 .text.__aeabi_llsr
                0x00000000       0x24 /usr/local/lpcxpresso_8.2.2_650/lpcxpresso/tools/bin/../lib/gcc/arm-none-eabi/5.4.1/libcr_eabihelpers.a(rtlib.o)
 .text.__aeabi_lasr
                0x00000000       0x24 /usr/local/lpcxpresso_8.2.2_650/lpcxpresso/tools/bin/../lib/gcc/arm-none-eabi/5.4.1/libcr_eabihelpers.a(rtlib.o)
 .text.__aeabi_lcmp
                0x00000000       0x30 /usr/local/lpcxpresso_8.2.2_650/lpcxpresso/tools/bin/../lib/gcc/arm-none-eabi/5.4.1/libcr_eabihelpers.a(rtlib.o)
 .text.__aeabi_ulcmp
                0x00000000       0x30 /usr/local/lpcxpresso_8.2.2_650/lpcxpresso/tools/bin/../lib/gcc/arm-none-eabi/5.4.1/libcr_eabihelpers.a(rtlib.o)
 .text.__aeabi_uread4
                0x00000000       0x20 /usr/local/lpcxpresso_8.2.2_650/lpcxpresso/tools/bin/../lib/gcc/arm-none-eabi/5.4.1/libcr_eabihelpers.a(rtlib.o)
 .text.__aeabi_uread8
                0x00000000       0x24 /usr/local/lpcxpresso_8.2.2_650/lpcxpresso/tools/bin/../lib/gcc/arm-none-eabi/5.4.1/libcr_eabihelpers.a(rtlib.o)
 .text.__aeabi_uwrite4
                0x00000000       0x20 /usr/local/lpcxpresso_8.2.2_650/lpcxpresso/tools/bin/../lib/gcc/arm-none-eabi/5.4.1/libcr_eabihelpers.a(rtlib.o)
 .text.__aeabi_uwrite8
                0x00000000       0x34 /usr/local/lpcxpresso_8.2.2_650/lpcxpresso/tools/bin/../lib/gcc/arm-none-eabi/5.4.1/libcr_eabihelpers.a(rtlib.o)
 .text.__aeabi_memcpy
                0x00000000       0x54 /usr/local/lpcxpresso_8.2.2_650/lpcxpresso/tools/bin/../lib/gcc/arm-none-eabi/5.4.1/libcr_eabihelpers.a(rtlib.o)
 .text.__aeabi_memcpy4
                0x00000000       0x48 /usr/local/lpcxpresso_8.2.2_650/lpcxpresso/tools/bin/../lib/gcc/arm-none-eabi/5.4.1/libcr_eabihelpers.a(rtlib.o)
 .text.__aeabi_memmove
                0x00000000       0x48 /usr/local/lpcxpresso_8.2.2_650/lpcxpresso/tools/bin/../lib/gcc/arm-none-eabi/5.4.1/libcr_eabihelpers.a(rtlib.o)
 .text.__aeabi_memmove4
                0x00000000       0x48 /usr/local/lpcxpresso_8.2.2_650/lpcxpresso/tools/bin/../lib/gcc/arm-none-eabi/5.4.1/libcr_eabihelpers.a(rtlib.o)
 .text.__aeabi_memset
                0x00000000       0x40 /usr/local/lpcxpresso_8.2.2_650/lpcxpresso/tools/bin/../lib/gcc/arm-none-eabi/5.4.1/libcr_eabihelpers.a(rtlib.o)
 .text.__aeabi_memset4
                0x00000000       0x38 /usr/local/lpcxpresso_8.2.2_650/lpcxpresso/tools/bin/../lib/gcc/arm-none-eabi/5.4.1/libcr_eabihelpers.a(rtlib.o)
 .text.__aeabi_memclr
                0x00000000       0x38 /usr/local/lpcxpresso_8.2.2_650/lpcxpresso/tools/bin/../lib/gcc/arm-none-eabi/5.4.1/libcr_eabihelpers.a(rtlib.o)
 .text.__aeabi_memclr4
                0x00000000       0x34 /usr/local/lpcxpresso_8.2.2_650/lpcxpresso/tools/bin/../lib/gcc/arm-none-eabi/5.4.1/libcr_eabihelpers.a(rtlib.o)
 .text.__bhs_idivmod
                0x00000000       0x50 /usr/local/lpcxpresso_8.2.2_650/lpcxpresso/tools/bin/../lib/gcc/arm-none-eabi/5.4.1/libcr_eabihelpers.a(rtlib.o)
 .text.__aeabi_idiv
                0x00000000       0x3c /usr/local/lpcxpresso_8.2.2_650/lpcxpresso/tools/bin/../lib/gcc/arm-none-eabi/5.4.1/libcr_eabihelpers.a(rtlib.o)
 .text.__aeabi_ldiv0
                0x00000000        0x4 /usr/local/lpcxpresso_8.2.2_650/lpcxpresso/tools/bin/../lib/gcc/arm-none-eabi/5.4.1/libcr_eabihelpers.a(rtlib.o)
 .text.__bhs_uldivmod
                0x00000000      0x174 /usr/local/lpcxpresso_8.2.2_650/lpcxpresso/tools/bin/../lib/gcc/arm-none-eabi/5.4.1/libcr_eabihelpers.a(rtlib.o)
 .text.__bhs_ldivmod
                0x00000000       0x9c /usr/local/lpcxpresso_8.2.2_650/lpcxpresso/tools/bin/../lib/gcc/arm-none-eabi/5.4.1/libcr_eabihelpers.a(rtlib.o)

Memory Configuration

Name             Origin             Length             Attributes
MFlash512        0x00000000         0x00080000         xr
Ram64            0x40000000         0x00010000         xrw
RAM_ETH_16       0x7fe00000         0x00004000         xrw
RAM_USB_16       0x7fd00000         0x00004000         xrw
RAM_RTC_2        0xe0084000         0x00000800         xrw
*default*        0x00000000         0xffffffff

Linker script and memory map

LOAD ./src/cr_startup_lpc24.o
LOAD ./src/crp.o
LOAD ./src/glcd.o
LOAD ./src/main.o
LOAD ./src/sys_calls.o
LOAD ./src/system_init.o
LOAD ./src/usbcore.o
LOAD ./src/usbdesc.o
LOAD ./src/usbhw.o
START GROUP
LOAD /usr/local/lpcxpresso_8.2.2_650/lpcxpresso/tools/bin/../lib/gcc/arm-none-eabi/5.4.1/../../../../arm-none-eabi/lib/libcr_c.a
LOAD /usr/local/lpcxpresso_8.2.2_650/lpcxpresso/tools/bin/../lib/gcc/arm-none-eabi/5.4.1/libcr_eabihelpers.a
END GROUP
                0x00000000                __base_MFlash512 = 0x0
                0x00000000                __base_Flash = 0x0
                0x00080000                __top_MFlash512 = 0x80000
                0x00080000                __top_Flash = 0x80000
                0x40000000                __base_Ram64 = 0x40000000
                0x40000000                __base_RAM = 0x40000000
                0x40010000                __top_Ram64 = 0x40010000
                0x40010000                __top_RAM = 0x40010000
                0x7fe00000                __base_RAM_ETH_16 = 0x7fe00000
                0x7fe00000                __base_RAM2 = 0x7fe00000
                0x7fe04000                __top_RAM_ETH_16 = 0x7fe04000
                0x7fe04000                __top_RAM2 = 0x7fe04000
                0x7fd00000                __base_RAM_USB_16 = 0x7fd00000
                0x7fd00000                __base_RAM3 = 0x7fd00000
                0x7fd04000                __top_RAM_USB_16 = 0x7fd04000
                0x7fd04000                __top_RAM3 = 0x7fd04000
                0xe0084000                __base_RAM_RTC_2 = 0xe0084000
                0xe0084000                __base_RAM4 = 0xe0084000
                0xe0084800                __top_RAM_RTC_2 = 0xe0084800
                0xe0084800                __top_RAM4 = 0xe0084800

.text           0x00000000     0x2c6c
 FILL mask 0xff
                0x00000000                __vectors_start__ = ABSOLUTE (.)
 *(.isr_vector)
 .isr_vector    0x00000000      0x17c ./src/cr_startup_lpc24.o
                0x00000000                _boot
                0x00000050                _mainCRTStartup
                0x00000050                _start
                0x00000050                start
                0x0000015c                reset
                0x0000015c                _reset
                0x0000017c                . = ALIGN (0x4)
                0x0000017c                __section_table_start = .
                0x0000017c                __data_section_table = .
                0x0000017c        0x4 LONG 0x2c6c LOADADDR (.data)
                0x00000180        0x4 LONG 0x40000000 ADDR (.data)
                0x00000184        0x4 LONG 0x0 SIZEOF (.data)
                0x00000188        0x4 LONG 0x2c6c LOADADDR (.data_RAM2)
                0x0000018c        0x4 LONG 0x7fe00000 ADDR (.data_RAM2)
                0x00000190        0x4 LONG 0x0 SIZEOF (.data_RAM2)
                0x00000194        0x4 LONG 0x2c6c LOADADDR (.data_RAM3)
                0x00000198        0x4 LONG 0x7fd00000 ADDR (.data_RAM3)
                0x0000019c        0x4 LONG 0x0 SIZEOF (.data_RAM3)
                0x000001a0        0x4 LONG 0x2c6c LOADADDR (.data_RAM4)
                0x000001a4        0x4 LONG 0xe0084000 ADDR (.data_RAM4)
                0x000001a8        0x4 LONG 0x0 SIZEOF (.data_RAM4)
                0x000001ac                __data_section_table_end = .
                0x000001ac                __bss_section_table = .
                0x000001ac        0x4 LONG 0x40000000 ADDR (.bss)
                0x000001b0        0x4 LONG 0xc058 SIZEOF (.bss)
                0x000001b4        0x4 LONG 0x7fe00000 ADDR (.bss_RAM2)
                0x000001b8        0x4 LONG 0x0 SIZEOF (.bss_RAM2)
                0x000001bc        0x4 LONG 0x7fd00000 ADDR (.bss_RAM3)
                0x000001c0        0x4 LONG 0x0 SIZEOF (.bss_RAM3)
                0x000001c4        0x4 LONG 0xe0084000 ADDR (.bss_RAM4)
                0x000001c8        0x4 LONG 0x0 SIZEOF (.bss_RAM4)
                0x000001cc                __bss_section_table_end = .
                0x000001cc                __section_table_end = .
 *(.after_vectors*)
                0x000001fc                . = 0x1fc
 *fill*         0x000001cc       0x30 ff
                0x000001fc                PROVIDE (__CRP_WORD_START__, .)
 *(.crp)
 .crp           0x000001fc        0x4 ./src/crp.o
                0x000001fc                CRP_WORD
                0x00000200                PROVIDE (__CRP_WORD_END__, .)
                0x00000001                ASSERT (! ((__CRP_WORD_START__ == __CRP_WORD_END__)), Linker CRP Enabled, but no CRP_WORD provided within application)
 *(.text*)
 .text.Enable_Global_Interrupts
                0x00000200       0x24 ./src/main.o
                0x00000200                Enable_Global_Interrupts
 .text.UART0_Init
                0x00000224      0x110 ./src/main.o
                0x00000224                UART0_Init
 .text.UART0_SendChar
                0x00000334       0x50 ./src/main.o
                0x00000334                UART0_SendChar
 .text.UART0_Print
                0x00000384       0x4c ./src/main.o
                0x00000384                UART0_Print
 .text.delay_ms
                0x000003d0       0x64 ./src/main.o
                0x000003d0                delay_ms
 .text.main     0x00000434       0xa8 ./src/main.o
                0x00000434                main
 .text.delay_cycles
                0x000004dc       0x3c ./src/system_init.o
                0x000004dc                delay_cycles
 .text.PLL_Init
                0x00000518      0x118 ./src/system_init.o
                0x00000518                PLL_Init
 .text.system_Init
                0x00000630      0xf50 ./src/system_init.o
                0x00000630                system_Init
 .text.Init_RAM_Disk
                0x00001580      0x200 ./src/usbcore.o
                0x00001580                Init_RAM_Disk
 .text.USB_EndPoint0
                0x00001780      0x210 ./src/usbcore.o
                0x00001780                USB_EndPoint0
 .text.BOT_Send_Next_Chunk
                0x00001990      0x108 ./src/usbcore.o
                0x00001990                BOT_Send_Next_Chunk
 .text.Process_Bulk_OUT
                0x00001a98      0x534 ./src/usbcore.o
                0x00001a98                Process_Bulk_OUT
 .text.USB_WriteCmd
                0x00001fcc       0x70 ./src/usbhw.o
                0x00001fcc                USB_WriteCmd
 .text.USB_WriteCmdData
                0x0000203c       0x70 ./src/usbhw.o
                0x0000203c                USB_WriteCmdData
 .text.USB_ReadCmdData
                0x000020ac       0xc8 ./src/usbhw.o
                0x000020ac                USB_ReadCmdData
 .text.EPAdrToPhys
                0x00002174       0x50 ./src/usbhw.o
                0x00002174                EPAdrToPhys
 .text.delay_s  0x000021c4       0x54 ./src/usbhw.o
                0x000021c4                delay_s
 .text.USB_Init
                0x00002218      0x160 ./src/usbhw.o
                0x00002218                USB_Init
 .text.USB_Connect
                0x00002378       0x34 ./src/usbhw.o
                0x00002378                USB_Connect
 .text.USB_SetAddress
                0x000023ac       0x34 ./src/usbhw.o
                0x000023ac                USB_SetAddress
 .text.USB_Configure
                0x000023e0       0x34 ./src/usbhw.o
                0x000023e0                USB_Configure
 .text.USB_ConfigEP
                0x00002414       0xcc ./src/usbhw.o
                0x00002414                USB_ConfigEP
 .text.USB_EnableEP
                0x000024e0       0x3c ./src/usbhw.o
                0x000024e0                USB_EnableEP
 .text.USB_SetStallEP
                0x0000251c       0x3c ./src/usbhw.o
                0x0000251c                USB_SetStallEP
 .text.USB_ReadEP
                0x00002558      0x158 ./src/usbhw.o
                0x00002558                USB_ReadEP
 .text.USB_WriteEP
                0x000026b0      0x144 ./src/usbhw.o
                0x000026b0                USB_WriteEP
 .text.USB_ISR  0x000027f4      0x1b4 ./src/usbhw.o
                0x000027f4                USB_ISR
 .text.memcpy   0x000029a8       0x4c /usr/local/lpcxpresso_8.2.2_650/lpcxpresso/tools/bin/../lib/gcc/arm-none-eabi/5.4.1/../../../../arm-none-eabi/lib/libcr_c.a(memcpy.o)
                0x000029a8                memcpy
 .text.memset   0x000029f4       0x74 /usr/local/lpcxpresso_8.2.2_650/lpcxpresso/tools/bin/../lib/gcc/arm-none-eabi/5.4.1/../../../../arm-none-eabi/lib/libcr_c.a(memset.o)
                0x000029f4                memset
 .text.__weak_main
                0x00002a68       0x10 /usr/local/lpcxpresso_8.2.2_650/lpcxpresso/tools/bin/../lib/gcc/arm-none-eabi/5.4.1/../../../../arm-none-eabi/lib/libcr_c.a(__weak__main.o)
                0x00002a68                __main
                0x00002a68                __weak_main
 .text.__aeabi_idiv0
                0x00002a78        0x4 /usr/local/lpcxpresso_8.2.2_650/lpcxpresso/tools/bin/../lib/gcc/arm-none-eabi/5.4.1/libcr_eabihelpers.a(rtlib.o)
                0x00002a78                __aeabi_idiv0
 .text.__bhs_uidivmod
                0x00002a7c       0x9c /usr/local/lpcxpresso_8.2.2_650/lpcxpresso/tools/bin/../lib/gcc/arm-none-eabi/5.4.1/libcr_eabihelpers.a(rtlib.o)
                0x00002a7c                __bhs_uidivmod
 .text.__aeabi_uidiv
                0x00002b18       0x24 /usr/local/lpcxpresso_8.2.2_650/lpcxpresso/tools/bin/../lib/gcc/arm-none-eabi/5.4.1/libcr_eabihelpers.a(rtlib.o)
                0x00002b18                __aeabi_uidiv
 *(.rodata .rodata.* .constdata .constdata.*)
 .rodata        0x00002b3c       0xba ./src/main.o
 *fill*         0x00002bf6        0x2 ff
 .rodata.SCSI_Inquiry_Data
                0x00002bf8       0x24 ./src/usbcore.o
                0x00002bf8                SCSI_Inquiry_Data
 .rodata.SCSI_Capacity_Data
                0x00002c1c        0x8 ./src/usbcore.o
                0x00002c1c                SCSI_Capacity_Data
 .rodata        0x00002c24       0x12 ./src/usbcore.o
 *fill*         0x00002c36        0x2 ff
 .rodata.USB_DeviceDescriptor
                0x00002c38       0x12 ./src/usbdesc.o
                0x00002c38                USB_DeviceDescriptor
 *fill*         0x00002c4a        0x2 ff
 .rodata.USB_ConfigDescriptor
                0x00002c4c       0x20 ./src/usbdesc.o
                0x00002c4c                USB_ConfigDescriptor
                0x00002c6c                . = ALIGN (0x4)

.glue_7         0x00002c6c        0x0
 .glue_7        0x00002c6c        0x0 linker stubs

.glue_7t        0x00002c6c        0x0
 .glue_7t       0x00002c6c        0x0 linker stubs

.vfp11_veneer   0x00002c6c        0x0
 .vfp11_veneer  0x00002c6c        0x0 linker stubs

.v4_bx          0x00002c6c        0x0
 .v4_bx         0x00002c6c        0x0 linker stubs

.iplt           0x00002c6c        0x0
 .iplt          0x00002c6c        0x0 ./src/cr_startup_lpc24.o

.rel.dyn        0x00002c6c        0x0
 .rel.iplt      0x00002c6c        0x0 ./src/cr_startup_lpc24.o

.ARM.extab
 *(.ARM.extab* .gnu.linkonce.armextab.*)
                0x00002c6c                __exidx_start = .

.ARM.exidx
 *(.ARM.exidx* .gnu.linkonce.armexidx.*)
                0x00002c6c                __exidx_end = .
                0x00002c6c                _etext = .

.data_RAM2      0x7fe00000        0x0 load address 0x00002c6c
 FILL mask 0xff
                [!provide]                PROVIDE (__start_data_RAM2, .)
 *(.ramfunc.$RAM2)
 *(.ramfunc.$RAM_ETH_16)
 *(.data.$RAM2*)
 *(.data.$RAM_ETH_16*)
                0x7fe00000                . = ALIGN (0x4)
                [!provide]                PROVIDE (__end_data_RAM2, .)

.data_RAM3      0x7fd00000        0x0 load address 0x00002c6c
 FILL mask 0xff
                [!provide]                PROVIDE (__start_data_RAM3, .)
 *(.ramfunc.$RAM3)
 *(.ramfunc.$RAM_USB_16)
 *(.data.$RAM3*)
 *(.data.$RAM_USB_16*)
                0x7fd00000                . = ALIGN (0x4)
                [!provide]                PROVIDE (__end_data_RAM3, .)

.data_RAM4      0xe0084000        0x0 load address 0x00002c6c
 FILL mask 0xff
                [!provide]                PROVIDE (__start_data_RAM4, .)
 *(.ramfunc.$RAM4)
 *(.ramfunc.$RAM_RTC_2)
 *(.data.$RAM4*)
 *(.data.$RAM_RTC_2*)
                0xe0084000                . = ALIGN (0x4)
                [!provide]                PROVIDE (__end_data_RAM4, .)

.uninit_RESERVED
                0x40000000        0x0
 *(.bss.$RESERVED*)
                0x40000000                . = ALIGN (0x4)
                0x40000000                _end_uninit_RESERVED = .

.data           0x40000000        0x0 load address 0x00002c6c
 FILL mask 0xff
                0x40000000                _data = .
 *(vtable)
 *(.ramfunc*)
 *(.data*)
                0x40000000                . = ALIGN (0x4)
                0x40000000                _edata = .

.igot.plt       0x40000000        0x0 load address 0x00002c6c
 .igot.plt      0x40000000        0x0 ./src/cr_startup_lpc24.o

.bss_RAM2       0x7fe00000        0x0
                [!provide]                PROVIDE (__start_bss_RAM2, .)
 *(.bss.$RAM2*)
 *(.bss.$RAM_ETH_16*)
                0x7fe00000                . = ALIGN ((. != 0x0)?0x4:0x1)
                [!provide]                PROVIDE (__end_bss_RAM2, .)

.bss_RAM3       0x7fd00000        0x0
                [!provide]                PROVIDE (__start_bss_RAM3, .)
 *(.bss.$RAM3*)
 *(.bss.$RAM_USB_16*)
                0x7fd00000                . = ALIGN ((. != 0x0)?0x4:0x1)
                [!provide]                PROVIDE (__end_bss_RAM3, .)

.bss_RAM4       0xe0084000        0x0
                [!provide]                PROVIDE (__start_bss_RAM4, .)
 *(.bss.$RAM4*)
 *(.bss.$RAM_RTC_2*)
                0xe0084000                . = ALIGN ((. != 0x0)?0x4:0x1)
                [!provide]                PROVIDE (__end_bss_RAM4, .)

.bss            0x40000000     0xc058
                0x40000000                _bss = .
 *(.bss*)
 .bss.SetupPacket
                0x40000000        0x8 ./src/usbcore.o
                0x40000000                SetupPacket
 .bss.cbw       0x40000008       0x1f ./src/usbcore.o
                0x40000008                cbw
 *fill*         0x40000027        0x1 
 .bss.csw       0x40000028        0xd ./src/usbcore.o
                0x40000028                csw
 *fill*         0x40000035        0x3 
 .bss.RAM_Disk  0x40000038     0xc000 ./src/usbcore.o
                0x40000038                RAM_Disk
 .bss.Bulk_Data_Ptr
                0x4000c038        0x4 ./src/usbcore.o
                0x4000c038                Bulk_Data_Ptr
 .bss.Bulk_Data_Len
                0x4000c03c        0x4 ./src/usbcore.o
                0x4000c03c                Bulk_Data_Len
 .bss.Bulk_Sending_Data
                0x4000c040        0x1 ./src/usbcore.o
                0x4000c040                Bulk_Sending_Data
 *fill*         0x4000c041        0x3 
 .bss.Write_Data_Ptr
                0x4000c044        0x4 ./src/usbcore.o
                0x4000c044                Write_Data_Ptr
 .bss.Write_Data_Len
                0x4000c048        0x4 ./src/usbcore.o
                0x4000c048                Write_Data_Len
 .bss.Bulk_Expecting_Write_Data
                0x4000c04c        0x1 ./src/usbcore.o
                0x4000c04c                Bulk_Expecting_Write_Data
 .bss.usb_event_detected
                0x4000c04d        0x1 ./src/usbhw.o
                0x4000c04d                usb_event_detected
 *fill*         0x4000c04e        0x2 
 .bss.last_disr
                0x4000c050        0x4 ./src/usbhw.o
                0x4000c050                last_disr
 .bss.last_episr
                0x4000c054        0x4 ./src/usbhw.o
                0x4000c054                last_episr
 *(COMMON)
                0x4000c058                . = ALIGN (0x4)
                0x4000c058                _ebss = .
                [!provide]                PROVIDE (end, .)

.noinit_RAM2    0x7fe00000        0x0
 *(.noinit.$RAM2*)
 *(.noinit.$RAM_ETH_16*)
                0x7fe00000                . = ALIGN (0x4)

.noinit_RAM3    0x7fd00000        0x0
 *(.noinit.$RAM3*)
 *(.noinit.$RAM_USB_16*)
                0x7fd00000                . = ALIGN (0x4)

.noinit_RAM4    0xe0084000        0x0
 *(.noinit.$RAM4*)
 *(.noinit.$RAM_RTC_2*)
                0xe0084000                . = ALIGN (0x4)

.noinit         0x4000c058        0x0
                0x4000c058                _noinit = .
 *(.noinit*)
                0x4000c058                . = ALIGN (0x4)
                0x4000c058                _end_noinit = .
                [!provide]                PROVIDE (_pvHeapStart, DEFINED (__user_heap_base)?__user_heap_base:.)
                0x40010000                PROVIDE (_vStackTop, DEFINED (__user_stack_top)?__user_stack_top:(__top_Ram64 - 0x0))
OUTPUT(USB_Device_Hardware.axf elf32-littlearm)

.ARM.attributes
                0x00000000       0x2c
 .ARM.attributes
                0x00000000       0x20 ./src/cr_startup_lpc24.o
 .ARM.attributes
                0x00000020       0x30 ./src/crp.o
 .ARM.attributes
                0x00000050       0x30 ./src/main.o
 .ARM.attributes
                0x00000080       0x30 ./src/system_init.o
 .ARM.attributes
                0x000000b0       0x30 ./src/usbcore.o
 .ARM.attributes
                0x000000e0       0x30 ./src/usbdesc.o
 .ARM.attributes
                0x00000110       0x30 ./src/usbhw.o
 .ARM.attributes
                0x00000140       0x30 /usr/local/lpcxpresso_8.2.2_650/lpcxpresso/tools/bin/../lib/gcc/arm-none-eabi/5.4.1/../../../../arm-none-eabi/lib/libcr_c.a(memcpy.o)
 .ARM.attributes
                0x00000170       0x30 /usr/local/lpcxpresso_8.2.2_650/lpcxpresso/tools/bin/../lib/gcc/arm-none-eabi/5.4.1/../../../../arm-none-eabi/lib/libcr_c.a(memset.o)
 .ARM.attributes
                0x000001a0       0x30 /usr/local/lpcxpresso_8.2.2_650/lpcxpresso/tools/bin/../lib/gcc/arm-none-eabi/5.4.1/../../../../arm-none-eabi/lib/libcr_c.a(__weak__main.o)
 .ARM.attributes
                0x000001d0       0x30 /usr/local/lpcxpresso_8.2.2_650/lpcxpresso/tools/bin/../lib/gcc/arm-none-eabi/5.4.1/libcr_eabihelpers.a(rtlib.o)

.comment        0x00000000       0xdc
 .comment       0x00000000       0x6e ./src/crp.o
                                 0x6f (size before relaxing)
 .comment       0x0000006e       0x6f ./src/main.o
 .comment       0x0000006e       0x6f ./src/system_init.o
 .comment       0x0000006e       0x6f ./src/usbcore.o
 .comment       0x0000006e       0x6f ./src/usbdesc.o
 .comment       0x0000006e       0x6f ./src/usbhw.o
 .comment       0x0000006e       0x6e /usr/local/lpcxpresso_8.2.2_650/lpcxpresso/tools/bin/../lib/gcc/arm-none-eabi/5.4.1/../../../../arm-none-eabi/lib/libcr_c.a(memcpy.o)
                                 0x6f (size before relaxing)
 .comment       0x000000dc       0x6f /usr/local/lpcxpresso_8.2.2_650/lpcxpresso/tools/bin/../lib/gcc/arm-none-eabi/5.4.1/../../../../arm-none-eabi/lib/libcr_c.a(memset.o)
 .comment       0x000000dc       0x6f /usr/local/lpcxpresso_8.2.2_650/lpcxpresso/tools/bin/../lib/gcc/arm-none-eabi/5.4.1/../../../../arm-none-eabi/lib/libcr_c.a(__weak__main.o)
 .comment       0x000000dc       0x6f /usr/local/lpcxpresso_8.2.2_650/lpcxpresso/tools/bin/../lib/gcc/arm-none-eabi/5.4.1/libcr_eabihelpers.a(rtlib.o)

.debug_line     0x00000000      0xb9d
 .debug_line    0x00000000       0xb2 ./src/cr_startup_lpc24.o
 .debug_line    0x000000b2       0x7c ./src/crp.o
 .debug_line    0x0000012e      0x1d0 ./src/main.o
 .debug_line    0x000002fe      0x24d ./src/system_init.o
 .debug_line    0x0000054b      0x22a ./src/usbcore.o
 .debug_line    0x00000775      0x104 ./src/usbdesc.o
 .debug_line    0x00000879      0x324 ./src/usbhw.o

.debug_info     0x00000000      0xdb8
 .debug_info    0x00000000       0x82 ./src/cr_startup_lpc24.o
 .debug_info    0x00000082       0x3f ./src/crp.o
 .debug_info    0x000000c1      0x188 ./src/main.o
 .debug_info    0x00000249       0xf5 ./src/system_init.o
 .debug_info    0x0000033e      0x4c1 ./src/usbcore.o
 .debug_info    0x000007ff       0xcb ./src/usbdesc.o
 .debug_info    0x000008ca      0x4ee ./src/usbhw.o

.debug_abbrev   0x00000000      0x4fe
 .debug_abbrev  0x00000000       0x14 ./src/cr_startup_lpc24.o
 .debug_abbrev  0x00000014       0x36 ./src/crp.o
 .debug_abbrev  0x0000004a      0x10d ./src/main.o
 .debug_abbrev  0x00000157       0xb8 ./src/system_init.o
 .debug_abbrev  0x0000020f      0x14f ./src/usbcore.o
 .debug_abbrev  0x0000035e       0x60 ./src/usbdesc.o
 .debug_abbrev  0x000003be      0x140 ./src/usbhw.o

.debug_aranges  0x00000000      0x1a0
 .debug_aranges
                0x00000000       0x20 ./src/cr_startup_lpc24.o
 .debug_aranges
                0x00000020       0x18 ./src/crp.o
 .debug_aranges
                0x00000038       0x48 ./src/main.o
 .debug_aranges
                0x00000080       0x38 ./src/system_init.o
 .debug_aranges
                0x000000b8       0x38 ./src/usbcore.o
 .debug_aranges
                0x000000f0       0x18 ./src/usbdesc.o
 .debug_aranges
                0x00000108       0x98 ./src/usbhw.o

.debug_macro    0x00000000      0xb23
 .debug_macro   0x00000000       0x1a ./src/crp.o
 .debug_macro   0x0000001a      0x826 ./src/crp.o
 .debug_macro   0x00000840       0x34 ./src/crp.o
 .debug_macro   0x00000874       0x75 ./src/main.o
 .debug_macro   0x000008e9       0x22 ./src/main.o
 .debug_macro   0x0000090b       0x34 ./src/main.o
 .debug_macro   0x0000093f       0x3a ./src/main.o
 .debug_macro   0x00000979       0x54 ./src/system_init.o
 .debug_macro   0x000009cd       0x76 ./src/usbcore.o
 .debug_macro   0x00000a43       0x34 ./src/usbcore.o
 .debug_macro   0x00000a77       0x46 ./src/usbdesc.o
 .debug_macro   0x00000abd       0x66 ./src/usbhw.o

.debug_str      0x00000000    0x13a9a
 .debug_str     0x00000000     0x2432 ./src/crp.o
                               0x243f (size before relaxing)
 .debug_str     0x00002432    0x11251 ./src/main.o
                              0x135de (size before relaxing)
 .debug_str     0x00013683       0x4d ./src/system_init.o
                              0x1339f (size before relaxing)
 .debug_str     0x000136d0      0x270 ./src/usbcore.o
                              0x124a4 (size before relaxing)
 .debug_str     0x00013940       0x11 ./src/usbdesc.o
                               0x3b0a (size before relaxing)
 .debug_str     0x00013951      0x149 ./src/usbhw.o
                              0x123c4 (size before relaxing)

.debug_ranges   0x00000000      0x128
 .debug_ranges  0x00000000       0x38 ./src/main.o
 .debug_ranges  0x00000038       0x28 ./src/system_init.o
 .debug_ranges  0x00000060       0x40 ./src/usbcore.o
 .debug_ranges  0x000000a0       0x88 ./src/usbhw.o

.debug_frame    0x00000000      0x474
 .debug_frame   0x00000000       0xd8 ./src/main.o
 .debug_frame   0x000000d8       0x9c ./src/system_init.o
 .debug_frame   0x00000174       0xa8 ./src/usbcore.o
 .debug_frame   0x0000021c      0x258 ./src/usbhw.o
